[    0.000000] Initializing cgroup subsys cpuset
[    0.000000] Initializing cgroup subsys cpu
[    0.000000] Initializing cgroup subsys cpuacct
[    0.000000] Linux version 4.4.0-186-generic (buildd@lcy01-amd64-002) (gcc version 5.4.0 20160609 (Ubuntu 5.4.0-6ubuntu1~16.04.12) ) #216-Ubuntu SMP Wed Jul 1 05:34:05 UTC 2020 (Ubuntu 4.4.0-186.216-generic 4.4.228)
[    0.000000] Command line: BOOT_IMAGE=/boot/vmlinuz-4.4.0-186-generic root=LABEL=cloudimg-rootfs ro console=tty1 console=ttyS0
[    0.000000] KERNEL supported cpus:
[    0.000000]   Intel GenuineIntel
[    0.000000]   AMD AuthenticAMD
[    0.000000]   Centaur CentaurHauls
[    0.000000] x86/fpu: xstate_offset[2]:  576, xstate_sizes[2]:  256
[    0.000000] x86/fpu: Supporting XSAVE feature 0x01: 'x87 floating point registers'
[    0.000000] x86/fpu: Supporting XSAVE feature 0x02: 'SSE registers'
[    0.000000] x86/fpu: Supporting XSAVE feature 0x04: 'AVX registers'
[    0.000000] x86/fpu: Enabled xstate features 0x7, context size is 832 bytes, using 'standard' format.
[    0.000000] e820: BIOS-provided physical RAM map:
[    0.000000] BIOS-e820: [mem 0x0000000000000000-0x000000000009fbff] usable
[    0.000000] BIOS-e820: [mem 0x000000000009fc00-0x000000000009ffff] reserved
[    0.000000] BIOS-e820: [mem 0x00000000000f0000-0x00000000000fffff] reserved
[    0.000000] BIOS-e820: [mem 0x0000000000100000-0x000000003ffeffff] usable
[    0.000000] BIOS-e820: [mem 0x000000003fff0000-0x000000003fffffff] ACPI data
[    0.000000] BIOS-e820: [mem 0x00000000fec00000-0x00000000fec00fff] reserved
[    0.000000] BIOS-e820: [mem 0x00000000fee00000-0x00000000fee00fff] reserved
[    0.000000] BIOS-e820: [mem 0x00000000fffc0000-0x00000000ffffffff] reserved
[    0.000000] NX (Execute Disable) protection: active
[    0.000000] SMBIOS 2.5 present.
[    0.000000] Hypervisor detected: KVM
[    0.000000] e820: last_pfn = 0x3fff0 max_arch_pfn = 0x400000000
[    0.000000] MTRR: Disabled
[    0.000000] x86/PAT: MTRRs disabled, skipping PAT initialization too.
[    0.000000] CPU MTRRs all blank - virtualized system.
[    0.000000] x86/PAT: Configuration [0-7]: WB  WT  UC- UC  WB  WT  UC- UC  
[    0.000000] found SMP MP-table at [mem 0x0009fff0-0x0009ffff] mapped at [ffff88000009fff0]
[    0.000000] Scanning 1 areas for low memory corruption
[    0.000000] RAMDISK: [mem 0x362e2000-0x37168fff]
[    0.000000] ACPI: Early table checksum verification disabled
[    0.000000] ACPI: RSDP 0x00000000000E0000 000024 (v02 VBOX  )
[    0.000000] ACPI: XSDT 0x000000003FFF0030 00003C (v01 VBOX   VBOXXSDT 00000001 ASL  00000061)
[    0.000000] ACPI: FACP 0x000000003FFF00F0 0000F4 (v04 VBOX   VBOXFACP 00000001 ASL  00000061)
[    0.000000] ACPI: DSDT 0x000000003FFF0470 002325 (v02 VBOX   VBOXBIOS 00000002 INTL 20100528)
[    0.000000] ACPI: FACS 0x000000003FFF0200 000040
[    0.000000] ACPI: FACS 0x000000003FFF0200 000040
[    0.000000] ACPI: APIC 0x000000003FFF0240 00005C (v02 VBOX   VBOXAPIC 00000001 ASL  00000061)
[    0.000000] ACPI: SSDT 0x000000003FFF02A0 0001CC (v01 VBOX   VBOXCPUT 00000002 INTL 20100528)
[    0.000000] No NUMA configuration found
[    0.000000] Faking a node at [mem 0x0000000000000000-0x000000003ffeffff]
[    0.000000] NODE_DATA(0) allocated [mem 0x3ffeb000-0x3ffeffff]
[    0.000000] kvm-clock: Using msrs 4b564d01 and 4b564d00
[    0.000000] kvm-clock: cpu 0, msr 0:3ffe3001, primary cpu clock
[    0.000000] kvm-clock: using sched offset of 5256969456 cycles
[    0.000000] clocksource: kvm-clock: mask: 0xffffffffffffffff max_cycles: 0x1cd42e4dffb, max_idle_ns: 881590591483 ns
[    0.000000] Zone ranges:
[    0.000000]   DMA      [mem 0x0000000000001000-0x0000000000ffffff]
[    0.000000]   DMA32    [mem 0x0000000001000000-0x000000003ffeffff]
[    0.000000]   Normal   empty
[    0.000000]   Device   empty
[    0.000000] Movable zone start for each node
[    0.000000] Early memory node ranges
[    0.000000]   node   0: [mem 0x0000000000001000-0x000000000009efff]
[    0.000000]   node   0: [mem 0x0000000000100000-0x000000003ffeffff]
[    0.000000] Initmem setup node 0 [mem 0x0000000000001000-0x000000003ffeffff]
[    0.000000] ACPI: PM-Timer IO Port: 0x4008
[    0.000000] IOAPIC[0]: apic_id 2, version 32, address 0xfec00000, GSI 0-23
[    0.000000] ACPI: INT_SRC_OVR (bus 0 bus_irq 0 global_irq 2 dfl dfl)
[    0.000000] ACPI: INT_SRC_OVR (bus 0 bus_irq 9 global_irq 9 low level)
[    0.000000] Using ACPI (MADT) for SMP configuration information
[    0.000000] smpboot: Allowing 2 CPUs, 0 hotplug CPUs
[    0.000000] PM: Registered nosave memory: [mem 0x00000000-0x00000fff]
[    0.000000] PM: Registered nosave memory: [mem 0x0009f000-0x0009ffff]
[    0.000000] PM: Registered nosave memory: [mem 0x000a0000-0x000effff]
[    0.000000] PM: Registered nosave memory: [mem 0x000f0000-0x000fffff]
[    0.000000] e820: [mem 0x40000000-0xfebfffff] available for PCI devices
[    0.000000] Booting paravirtualized kernel on KVM
[    0.000000] clocksource: refined-jiffies: mask: 0xffffffff max_cycles: 0xffffffff, max_idle_ns: 7645519600211568 ns
[    0.000000] setup_percpu: NR_CPUS:512 nr_cpumask_bits:512 nr_cpu_ids:2 nr_node_ids:1
[    0.000000] PERCPU: Embedded 33 pages/cpu @ffff88003fc00000 s95512 r8192 d31464 u1048576
[    0.000000] Built 1 zonelists in Node order, mobility grouping on.  Total pages: 257912
[    0.000000] Policy zone: DMA32
[    0.000000] Kernel command line: BOOT_IMAGE=/boot/vmlinuz-4.4.0-186-generic root=LABEL=cloudimg-rootfs ro console=tty1 console=ttyS0
[    0.000000] PID hash table entries: 4096 (order: 3, 32768 bytes)
[    0.000000] Memory: 997668K/1048120K available (8636K kernel code, 1337K rwdata, 4040K rodata, 1492K init, 1296K bss, 50452K reserved, 0K cma-reserved)
[    0.000000] SLUB: HWalign=64, Order=0-3, MinObjects=0, CPUs=2, Nodes=1
[    0.000000] Kernel/User page tables isolation: enabled
[    0.000000] Hierarchical RCU implementation.
[    0.000000] 	Build-time adjustment of leaf fanout to 64.
[    0.000000] 	RCU restricting CPUs from NR_CPUS=512 to nr_cpu_ids=2.
[    0.000000] RCU: Adjusting geometry for rcu_fanout_leaf=64, nr_cpu_ids=2
[    0.000000] NR_IRQS:33024 nr_irqs:440 16
[    0.000000] Console: colour VGA+ 80x25
[    0.000000] console [tty1] enabled
[    0.000000] console [ttyS0] enabled
[    0.000000] tsc: Detected 3408.000 MHz processor
[    0.227265] Calibrating delay loop (skipped) preset value.. 6816.00 BogoMIPS (lpj=13632000)
[    0.230500] pid_max: default: 32768 minimum: 301
[    0.232197] ACPI: Core revision 20150930
[    0.234360] ACPI: 2 ACPI AML tables successfully acquired and loaded
[    0.236854] Security Framework initialized
[    0.238411] Yama: becoming mindful.
[    0.239806] AppArmor: AppArmor initialized
[    0.241400] Dentry cache hash table entries: 131072 (order: 8, 1048576 bytes)
[    0.245133] Inode-cache hash table entries: 65536 (order: 7, 524288 bytes)
[    0.247628] Mount-cache hash table entries: 2048 (order: 2, 16384 bytes)
[    0.249981] Mountpoint-cache hash table entries: 2048 (order: 2, 16384 bytes)
[    0.252570] Initializing cgroup subsys io
[    0.254083] Initializing cgroup subsys memory
[    0.255865] Initializing cgroup subsys devices
[    0.257536] Initializing cgroup subsys freezer
[    0.259222] Initializing cgroup subsys net_cls
[    0.260934] Initializing cgroup subsys perf_event
[    0.262682] Initializing cgroup subsys net_prio
[    0.264372] Initializing cgroup subsys hugetlb
[    0.266029] Initializing cgroup subsys pids
[    0.268626] mce: CPU supports 0 MCE banks
[    0.270175] Last level iTLB entries: 4KB 128, 2MB 8, 4MB 8
[    0.272470] Last level dTLB entries: 4KB 64, 2MB 0, 4MB 0, 1GB 4
[    0.274629] Spectre V1 : Mitigation: usercopy/swapgs barriers and __user pointer sanitization
[    0.277857] Spectre V2 : Mitigation: Full generic retpoline
[    0.279868] Spectre V2 : Spectre v2 / SpectreRSB mitigation: Filling RSB on context switch
[    0.283059] Speculative Store Bypass: Vulnerable
[    0.284783] SRBDS: Unknown: Dependent on hypervisor status
[    0.286857] MDS: Mitigation: Clear CPU buffers
[    0.290958] Freeing SMP alternatives memory: 36K
[    0.297763] ftrace: allocating 32334 entries in 127 pages
[    0.349585] smpboot: APIC(0) Converting physical 0 to logical package 0
[    0.352102] smpboot: Max logical packages: 1
[    0.353944] x2apic enabled
[    0.355239] Switched APIC routing to physical x2apic.
[    0.358026] ..TIMER: vector=0x30 apic1=0 pin1=2 apic2=-1 pin2=-1
[    0.468534] smpboot: CPU0: Intel(R) Core(TM) i5-7500 CPU @ 3.40GHz (family: 0x6, model: 0x9e, stepping: 0x9)
[    0.472582] Performance Events: unsupported p6 CPU model 158 no PMU driver, software events only.
[    0.484970] KVM setup paravirtual spinlock
[    0.487077] x86: Booting SMP configuration:
[    0.488765] .... node  #0, CPUs:      #1
[    0.490490] kvm-clock: cpu 1, msr 0:3ffe3041, secondary cpu clock
[    0.493505] mce: CPU supports 0 MCE banks
[    0.496815] x86: Booted up 1 node, 2 CPUs
[    0.498473] smpboot: Total of 2 processors activated (13632.00 BogoMIPS)
[    0.501380] devtmpfs: initialized
[    0.503959] evm: security.selinux
[    0.505373] evm: security.SMACK64
[    0.506744] evm: security.SMACK64EXEC
[    0.508196] evm: security.SMACK64TRANSMUTE
[    0.509796] evm: security.SMACK64MMAP
[    0.511193] evm: security.ima
[    0.512366] evm: security.capability
[    0.514023] clocksource: jiffies: mask: 0xffffffff max_cycles: 0xffffffff, max_idle_ns: 7645041785100000 ns
[    0.517618] futex hash table entries: 512 (order: 3, 32768 bytes)
[    0.519909] pinctrl core: initialized pinctrl subsystem
[    0.521929] RTC time:  2:17:55, date: 08/20/20
[    0.523781] NET: Registered protocol family 16
[    0.536748] cpuidle: using governor ladder
[    0.549057] cpuidle: using governor menu
[    0.550564] PCCT header not found.
[    0.551970] ACPI: bus type PCI registered
[    0.553484] acpiphp: ACPI Hot Plug PCI Controller Driver version: 0.5
[    0.555883] PCI: Using configuration type 1 for base access
[    0.569207] ACPI: Added _OSI(Module Device)
[    0.570834] ACPI: Added _OSI(Processor Device)
[    0.572499] ACPI: Added _OSI(3.0 _SCP Extensions)
[    0.574221] ACPI: Added _OSI(Processor Aggregator Device)
[    0.576901] ACPI: Executed 1 blocks of module-level executable AML code
[    0.581120] ACPI: Interpreter enabled
[    0.582534] ACPI: (supports S0 S5)
[    0.583891] ACPI: Using IOAPIC for interrupt routing
[    0.585810] PCI: Using host bridge windows from ACPI; if necessary, use "pci=nocrs" and report a bug
[    0.592998] ACPI: PCI Root Bridge [PCI0] (domain 0000 [bus 00-ff])
[    0.595196] acpi PNP0A03:00: _OSC: OS supports [ASPM ClockPM Segments MSI]
[    0.597849] acpi PNP0A03:00: _OSC: not requesting OS control; OS requires [ExtendedConfig ASPM ClockPM MSI]
[    0.601361] acpi PNP0A03:00: fail to add MMCONFIG information, can't access extended PCI configuration space under this bridge.
[    0.605828] PCI host bridge to bus 0000:00
[    0.607407] pci_bus 0000:00: root bus resource [io  0x0000-0x0cf7 window]
[    0.609863] pci_bus 0000:00: root bus resource [io  0x0d00-0xffff window]
[    0.612253] pci_bus 0000:00: root bus resource [mem 0x000a0000-0x000bffff window]
[    0.614995] pci_bus 0000:00: root bus resource [mem 0x40000000-0xfdffffff window]
[    0.617837] pci_bus 0000:00: root bus resource [bus 00-ff]
[    0.622244] pci 0000:00:01.1: legacy IDE quirk: reg 0x10: [io  0x01f0-0x01f7]
[    0.624787] pci 0000:00:01.1: legacy IDE quirk: reg 0x14: [io  0x03f6]
[    0.627093] pci 0000:00:01.1: legacy IDE quirk: reg 0x18: [io  0x0170-0x0177]
[    0.636778] pci 0000:00:01.1: legacy IDE quirk: reg 0x1c: [io  0x0376]
[    0.652038] pci 0000:00:07.0: quirk: [io  0x4000-0x403f] claimed by PIIX4 ACPI
[    0.654765] pci 0000:00:07.0: quirk: [io  0x4100-0x410f] claimed by PIIX4 SMB
[    0.665279] ACPI: PCI Interrupt Link [LNKA] (IRQs 5 9 10 *11)
[    0.668325] ACPI: PCI Interrupt Link [LNKB] (IRQs 5 9 *10 11)
[    0.671176] ACPI: PCI Interrupt Link [LNKC] (IRQs 5 *9 10 11)
[    0.674042] ACPI: PCI Interrupt Link [LNKD] (IRQs 5 9 10 *11)
[    0.676975] ACPI: Enabled 2 GPEs in block 00 to 07
[    0.679342] vgaarb: setting as boot device: PCI:0000:00:02.0
[    0.681327] vgaarb: device added: PCI:0000:00:02.0,decodes=io+mem,owns=io+mem,locks=none
[    0.684222] vgaarb: loaded
[    0.685308] vgaarb: bridge control possible 0000:00:02.0
[    0.687437] SCSI subsystem initialized
[    0.689095] ACPI: bus type USB registered
[    0.690640] usbcore: registered new interface driver usbfs
[    0.692586] usbcore: registered new interface driver hub
[    0.694479] usbcore: registered new device driver usb
[    0.696780] PCI: Using ACPI for IRQ routing
[    0.699813] NetLabel: Initializing
[    0.701140] NetLabel:  domain hash size = 128
[    0.702729] NetLabel:  protocols = UNLABELED CIPSOv4
[    0.704600] NetLabel:  unlabeled traffic allowed by default
[    0.706801] amd_nb: Cannot enumerate AMD northbridges
[    0.708704] clocksource: Switched to clocksource kvm-clock
[    0.716832] AppArmor: AppArmor Filesystem Enabled
[    0.718643] pnp: PnP ACPI init
[    0.720830] pnp: PnP ACPI: found 3 devices
[    0.732250] clocksource: acpi_pm: mask: 0xffffff max_cycles: 0xffffff, max_idle_ns: 2085701024 ns
[    0.735431] NET: Registered protocol family 2
[    0.737176] TCP established hash table entries: 8192 (order: 4, 65536 bytes)
[    0.739620] TCP bind hash table entries: 8192 (order: 5, 131072 bytes)
[    0.741953] TCP: Hash tables configured (established 8192 bind 8192)
[    0.744192] UDP hash table entries: 512 (order: 2, 16384 bytes)
[    0.746276] UDP-Lite hash table entries: 512 (order: 2, 16384 bytes)
[    0.748777] NET: Registered protocol family 1
[    0.750392] pci 0000:00:00.0: Limiting direct PCI/PCI transfers
[    0.752512] pci 0000:00:01.0: Activating ISA DMA hang workarounds
[    0.754803] Unpacking initramfs...
[    0.951347] Freeing initrd memory: 14876K
[    0.953133] clocksource: tsc: mask: 0xffffffffffffffff max_cycles: 0x311fd3cd494, max_idle_ns: 440795223879 ns
[    0.956703] platform rtc_cmos: registered platform RTC device (no PNP device found)
[    0.959587] Scanning for low memory corruption every 60 seconds
[    0.962210] audit: initializing netlink subsys (disabled)
[    0.964173] audit: type=2000 audit(1597889883.045:1): initialized
[    0.966565] Initialise system trusted keyring
[    0.968488] HugeTLB registered 2 MB page size, pre-allocated 0 pages
[    0.971824] zbud: loaded
[    0.973268] VFS: Disk quotas dquot_6.6.0
[    0.974789] VFS: Dquot-cache hash table entries: 512 (order 0, 4096 bytes)
[    0.977403] squashfs: version 4.0 (2009/01/31) Phillip Lougher
[    0.979910] fuse init (API version 7.23)
[    0.981579] Key type big_key registered
[    0.983060] Allocating IMA MOK and blacklist keyrings.
[    0.987703] Key type asymmetric registered
[    0.989327] Asymmetric key parser 'x509' registered
[    0.991147] Block layer SCSI generic (bsg) driver version 0.4 loaded (major 249)
[    0.994032] io scheduler noop registered
[    0.995524] io scheduler deadline registered (default)
[    0.997439] io scheduler cfq registered
[    0.998967] pci_hotplug: PCI Hot Plug PCI Core version: 0.5
[    1.000971] pciehp: PCI Express Hot Plug Controller Driver version: 0.4
[    1.003579] ACPI: AC Adapter [AC] (on-line)
[    1.005205] input: Power Button as /devices/LNXSYSTM:00/LNXPWRBN:00/input/input0
[    1.007959] ACPI: Power Button [PWRF]
[    1.009455] input: Sleep Button as /devices/LNXSYSTM:00/LNXSLPBN:00/input/input1
[    1.012174] ACPI: Sleep Button [SLPF]
[    1.014253] GHES: HEST is not enabled!
[    1.015784] Serial: 8250/16550 driver, 32 ports, IRQ sharing enabled
[    1.038728] 00:02: ttyS0 at I/ 0x3f8 (irq = 4, base_baud = 11520) is a 16550A
    1.042329] Linux agpgart interfae v0.103
[    1.046041] loop: module loaded
[    1.048053] scsi host0: ata_piix
[    1.049740] scsi host1: ata_piix
[    1.051066] ata1: PATA max UDMA/33 cmd 0x1f0 ctl 0x3f6 bmdma 0xd000 irq 14
[    1.053507] ata2: PATA max UDMA/33 cmd 0x170 ctl 0x376 bmdma 0xd008 irq 15
[    1.056039] libphy: Fixed MDIO Bus: probed
[    1.057749] tun: Universal TUN/TAP device driver, 1.6
[    1.059669] tun: (C) 1999-2004 Max Krasnyansky <maxk@qualcomm.com>
[    1.061940] PPP generic driver version 2.4.2
[    1.063594] ehci_hcd: USB 2.0 'Enhanced' Host Controller (EHCI) Driver
[    1.065956] ehci-pci: EHCI PCI platform driver
[    1.067663] ehci-platform: EHCI generic platform driver
[    1.069637] ohci_hcd: USB 1.1 'Open' Host Controller (OHCI) Driver
[    1.071842] ohci-pci: OHCI PCI platform driver
[    1.073552] ohci-platform: OHCI generic platform driver
[    1.075459] uhci_hcd: USB Universal Host Controller Interface driver
[    1.077901] i8042: PNP: PS/2 Controller [PNP0303:PS2K,PNP0f03:PS2M] at 0x60,0x64 irq 1,12
[    1.081486] serio: i8042 KBD port at 0x60,0x64 irq 1
[    1.083343] serio: i8042 AUX port at 0x60,0x64 irq 12
[    1.085293] mousedev: PS/2 mouse device common for all mice
[    1.087639] rtc_cmos rtc_cmos: rtc core: registered rtc_cmos as rtc0
[    1.090101] rtc_cmos rtc_cmos: alarms up to one day, 114 bytes nvram
[    1.092366] i2c /dev entries driver
[    1.093889] device-mapper: uevent: version 1.0.3
[    1.095715] device-mapper: ioctl: 4.34.0-ioctl (2015-10-28) initialised: dm-devel@redhat.com
[    1.098817] input: AT Translated Set 2 keyboard as /devices/platform/i8042/serio0/input/input2
[    1.101976] ledtrig-cpu: registered to indicate activity on CPUs
[    1.104653] NET: Registered protocol family 10
[    1.106585] NET: Registered protocol family 17
[    1.108288] Key type dns_resolver registered
[    1.110102] registered taskstats version 1
[    1.111665] Loading compiled-in X.509 certificates
[    1.113911] Loaded X.509 cert 'Build time autogenerated kernel key: cef5e81496c0efa51b848ab539e845ddf31c08be'
[    1.117570] zswap: loaded using pool lzo/zbud
[    1.121325] Key type trusted registered
[    1.126527] Key type encrypted registered
[    1.128117] AppArmor: AppArmor sha1 policy hashing enabled
[    1.130112] ima: No TPM chip found, activating TPM-bypass!
[    1.132096] ima: Allocated hash algorithm: sha1
[    1.133804] evm: HMAC attrs: 0x1
[    1.135626]   Magic number: 0:444:258
[    1.137153] rtc_cmos rtc_cmos: setting system clock to 2020-08-20 02:17:56 UTC (1597889876)
[    1.140440] BIOS EDD facility v0.16 2004-Jun-25, 0 devices found
[    1.142652] EDD information not available.
[    1.673061] Freeing unused kernel memory: 1492K
[    1.674840] Write protecting the kernel read-only data: 14336k
[    1.677514] Freeing unused kernel memory: 1592K
[    1.679482] Freeing unused kernel memory: 56K
Loading, please wait...
starting version 229
[    1.693886] random: systemd-udevd: uninitialized urandom read (16 bytes read, 3 bits of entropy available)
[    1.695010] random: udevadm: uninitialized urandom read (16 bytes read, 3 bits of entropy available)
[    1.695061] random: udevadm: uninitialized urandom read (16 bytes read, 3 bits of entropy available)
[    1.704265] random: systemd-udevd: uninitialized urandom read (16 bytes read, 3 bits of entropy available)
[    1.707825] random: systemd-udevd: uninitialized urandom read (16 bytes read, 3 bits of entropy available)
[    1.709310] random: udevadm: uninitialized urandom read (16 bytes read, 3 bits of entropy available)
[    1.709412] random: udevadm: uninitialized urandom read (16 bytes read, 3 bits of entropy available)
[    1.709753] random: udevadm: uninitialized urandom read (16 bytes read, 3 bits of entropy available)
[    1.709881] random: udevadm: uninitialized urandom read (16 bytes read, 3 bits of entropy available)
[    1.709991] random: udevadm: uninitialized urandom read (16 bytes read, 3 bits of entropy available)
[    1.757872] e1000: Intel(R) PRO/1000 Network Driver - version 7.3.21-k8-NAPI
[    1.760543] e1000: Copyright (c) 1999-2006 Intel Corporation.
[    1.763051] Fusion MPT base driver 3.04.20
[    1.764654] Copyright (c) 1999-2008 LSI Corporation
[    1.783767] AVX2 version of gcm_enc/dec engaged.
[    1.785640] AES CTR mode by8 optimization enabled
[    1.790729] Fusion MPT SPI Host driver 3.04.20
[    1.986164] input: ImExPS/2 Generic Explorer Mouse as /devices/platform/i8042/serio1/input/input4
[    2.154382] e1000 0000:00:03.0 eth0: (PCI:33MHz:32-bit) 02:d4:60:56:24:74
[    2.156795] e1000 0000:00:03.0 eth0: Intel(R) PRO/1000 Network Connection
[    2.160018] mptbase: ioc0: Initiating bringup
[    2.225213] ioc0: LSI53C1030 A0: Capabilities={Initiator}
[    2.387578] scsi host2: ioc0: LSI53C1030 A0, FwRev=00000000h, Ports=1, MaxQ=256, IRQ=20
[    2.501619] scsi 2:0:0:0: Direct-Access     VBOX     HARDDISK         1.0  PQ: 0 ANSI: 5
[    2.504679] scsi target2:0:0: Beginning Domain Validation
[    2.509167] scsi target2:0:0: Domain Validation skipping write tests
[    2.511391] scsi target2:0:0: Ending Domain Validation
[    2.513407] scsi target2:0:0: asynchronous
[    2.515913] scsi 2:0:1:0: Direct-Access     VBOX     HARDDISK         1.0  PQ: 0 ANSI: 5
[    2.518988] scsi target2:0:1: Beginning Domain Validation
[    2.522485] scsi target2:0:1: Domain Validation skipping write tests
[    2.524678] scsi target2:0:1: Ending Domain Validation
[    2.526625] scsi target2:0:1: asynchronous
[    2.545708] sd 2:0:0:0: Attached scsi generic sg0 type 0
[    2.556157] sd 2:0:0:0: [sda] 20971520 512-byte logical blocks: (10.7 GB/10.0 GiB)
[    2.559593] sd 2:0:0:0: [sda] Write Protect is off
[    2.561816] sd 2:0:0:0: [sda] Incomplete mode parameter data
[    2.564172] sd 2:0:0:0: [sda] Assuming drive cache: write through
[    2.567300] sd 2:0:1:0: [sdb] 20480 512-byte logical blocks: (10.5 MB/10.0 MiB)
[    2.570681] sd 2:0:1:0: Attached scsi generic sg1 type 0
[    2.573060] sd 2:0:1:0: [sdb] Write Protect is off
[    2.575373] sd 2:0:1:0: [sdb] Incomplete mode parameter data
[    2.577713] sd 2:0:1:0: [sdb] Assuming drive cache: write through
[    2.584071]  sda: sda1
[    2.586441] sd 2:0:0:0: [sda] Attached SCSI disk
[    2.592888] sd 2:0:1:0: [sdb] Attached SCSI disk
[    2.905667] e1000 0000:00:08.0 eth1: (PCI:33MHz:32-bit) 08:00:27:ca:4d:91
[    2.908229] e1000 0000:00:08.0 eth1: Intel(R) PRO/1000 Network Connection
[    2.911826] e1000 0000:00:03.0 enp0s3: renamed from eth0
[    2.952842] e1000 0000:00:08.0 enp0s8: renamed from eth1
Begin: Loading essential drivers ... [    4.210065] md: linear personality registered for level -1
[    4.214353] md: multipath personality registered for level -4
[    4.218550] md: raid0 personality registered for level 0
[    4.223894] md: raid1 personality registered for level 1
[    4.297016] raid6: sse2x1   gen() 13182 MB/s
[    4.364745] raid6: sse2x1   xor()  9799 MB/s
[    4.432944] raid6: sse2x2   gen() 16449 MB/s
[    4.500950] raid6: sse2x2   xor() 11284 MB/s
[    4.568722] raid6: sse2x4   gen() 18718 MB/s
[    4.636896] raid6: sse2x4   xor() 11792 MB/s
[    4.704736] raid6: avx2x1   gen() 22982 MB/s
[    4.772983] raid6: avx2x2   gen() 30237 MB/s
[    4.840774] raid6: avx2x4   gen() 29458 MB/s
[    4.842570] raid6: using algorithm avx2x2 gen() 30237 MB/s
[    4.844562] raid6: using avx2x2 recovery algorithm
[    4.847619] xor: automatically using best checksumming function:
[    4.888875]    avx       : 26794.000 MB/sec
[    4.891585] async_tx: api initialized (async)
[    4.901745] md: raid6 personality registered for level 6
[    4.903742] md: raid5 personality registered for level 5
[    4.905768] md: raid4 personality registered for level 4
[    4.913044] md: raid10 personality registered for level 10
done.
Begin: Running /scripts/init-premount ... done.
Begin: Mounting root file system ... Begin: Running /scripts/local-top ... done.
Begin: Running /scripts/local-premount ... [    4.940013] Btrfs loaded
Scanning for Btrfs filesystems
done.
Warning: fsck not present, so skipping root file system
[    5.023639] EXT4-fs (sda1): mounted filesystem with ordered data mode. Opts: (null)
done.
Begin: Running /scripts/local-bottom ... done.
Begin: Running /scripts/init-bottom ... done.
[    5.443362] systemd[1]: systemd 229 running in system mode. (+PAM +AUDIT +SELINUX +IMA +APPARMOR +SMACK +SYSVINIT +UTMP +LIBCRYPTSETUP +GCRYPT +GNUTLS +ACL +XZ -LZ4 +SECCOMP +BLKID +ELFUTILS +KMOD -IDN)
[    5.449740] systemd[1]: Detected virtualization oracle.
[    5.451635] systemd[1]: Detected architecture x86-64.

Welcome to [1mUbuntu 16.04.6 LTS[0m!

[    5.479061] systemd[1]: Set hostname to <ubuntu>.
[    5.496626] systemd[1]: Initializing machine ID from random generator.
[    5.499153] systemd[1]: Installed transient /etc/machine-id file.
[    5.969541] systemd[1]: Listening on LVM2 poll daemon socket.
[[0;32m  OK  [0m] Listening on LVM2 poll daemon socket.
[    5.976959] systemd[1]: Listening on udev Control Socket.
[[0;32m  OK  [0m] Listening on udev Control Socket.
[    5.985470] systemd[1]: Listening on LVM2 metadata daemon socket.
[[0;32m  OK  [0m] Listening on LVM2 metadata daemon socket.
[    5.997171] systemd[1]: Created slice User and Session Slice.
[[0;32m  OK  [0m] Created slice User and Session Slice.
[    6.000534] systemd[1]: Reached target Encrypted Volumes.
[[0;32m  OK  [0m] Reached target Encrypted Volumes.
[    6.008950] systemd[1]: Listening on Journal Socket (/dev/log).
[[0;32m  OK  [0m] Listening on Journal Socket (/dev/log).
[    6.016924] systemd[1]: Listening on Syslog Socket.
[[0;32m  OK  [0m] Listening on Syslog Socket.
[    6.024877] systemd[1]: Reached target System Time Synchronized.
[[0;32m  OK  [0m] Reached target System Time Synchronized.
[    6.033134] systemd[1]: Set up automount Arbitrary Executable File Formats File System Automount Point.
[[0;32m  OK  [0m] Set up automount Arbitrary Executab...ats File System Automount Point.
[    6.045281] systemd[1]: Created slice System Slice.
[[0;32m  OK  [0m] Created slice System Slice.
[    6.048318] systemd[1]: Reached target Slices.
[[0;32m  OK  [0m] Reached target Slices.
[    6.056988] systemd[1]: Started Forward Password Requests to Wall Directory Watch.
[[0;32m  OK  [0m] Started Forward Password Requests to Wall Directory Watch.
[    6.069526] systemd[1]: Reached target User and Group Name Lookups.
[[0;32m  OK  [0m] Reached target User and Group Name Lookups.
[    6.081379] systemd[1]: Listening on /dev/initctl Compatibility Named Pipe.
[[0;32m  OK  [0m] Listening on /dev/initctl Compatibility Named Pipe.
[    6.085152] systemd[1]: Reached target Swap.
[[0;32m  OK  [0m] Reached target Swap.
[    6.093519] systemd[1]: Created slice system-serial\x2dgetty.slice.
[[0;32m  OK  [0m] Created slice system-serial\x2dgetty.slice.
[    6.104932] systemd[1]: Listening on Device-mapper event daemon FIFOs.
[[0;32m  OK  [0m] Listening on Device-mapper event daemon FIFOs.
[    6.113050] systemd[1]: Listening on Journal Audit Socket.
[[0;32m  OK  [0m] Listening on Journal Audit Socket.
[    6.116237] systemd[1]: Started Trigger resolvconf update for networkd DNS.
[[0;32m  OK  [0m] Started Trigger resolvconf update for networkd DNS.
[    6.125611] systemd[1]: Listening on Journal Socket.
[[0;32m  OK  [0m] Listening on Journal Socket.
[    6.145175] systemd[1]: Starting Uncomplicated firewall...
         Starting Uncomplicated firewall...
[    6.157397] systemd[1]: Starting Monitoring of LVM2 mirrors, snapshots etc. using dmeventd or progress polling...
         Starting Monitoring of LVM2 mirrors... dmeventd or progress polling...
[    6.173484] systemd[1]: Starting Set console keymap...
         Starting Set console keymap...
[    6.177605] systemd[1]: Mounting Huge Pages File System...
         Mounting Huge Pages File System...
[    6.189997] systemd[1]: Starting Journal Service...
         Starting Journal Service...
[    6.194620] systemd[1]: Mounting Debug File System...
         Mounting Debug File System...
[    6.211786] systemd[1]: Starting Load Kernel Modules...
         Starting Load Kernel Modules...
[    6.218640] systemd[1]: Starting Create list of required static device nodes for the current kernel...
         Starting Create list of required st... nodes for the current kernel...
[    6.226187] systemd[1]: Starting Remount Root and Kernel File Systems...
         Starting Remount Root and Kernel File Systems...
[    6.233176] systemd[1]: Mounting POSIX Message Queue File System...
         Mounting POSIX Message Queue File System...
[    6.238886] systemd[1]: Starting Nameserver information manager...
         Starting Nameserver information manager...
[    6.246425] EXT4-fs (sda1): re-mounted. Opts: (null)
[    6.252982] systemd[1]: Listening on udev Kernel Socket.
[[0;32m  OK  [0m] Listening on udev Kernel Socket.
[    6.270012] systemd[1]: Mounted Debug File System.
[    6.272673] Loading iSCSI transport class v2.0-870.
[[0;32m  OK  [0m] Mounted Debug File System.
[    6.275685] systemd[1]: Mounted POSIX Message Queue File System.
[[0;32m  OK  [0m] Mounted POSIX Message Queue File System.
[    6.285002] systemd[1]: Mounted Huge Pages File System.
[[0;32m  OK  [0m] Mounted Huge Pages File System.
[    6.289082] systemd[1]: Started Journal Service.
[[0;32m  OK  [0m] Started Journal Service.
[    6.292373] iscsi: registered transport (tcp)
[[0;32m  OK  [0m] Started Uncomplicated firewall.
[[0;32m  OK  [0m] Started Set console keymap.
[[0;32m  OK  [0m] Started Create list of required sta...ce nodes for the current kernel.
[[0;32m  OK  [0m] Started Remount Root and Kernel File Systems.
[[0;32m  OK  [0m] Started LVM2 metadata daemon.
         Starting Load/Save Random Seed...
[    6.338906] iscsi: registered transport (iser)
         Starting udev Coldplug all Devices...
         Starting Create Static Device Nodes in /dev...
         Starting Flush Journal to Persistent Storage...
[[0;32m  OK  [0m] Started Load Kernel Modules.
[[0;32m  OK  [0m] Started Nameserver information manager.
[[0;32m  OK  [0m] Started Load/Save Random Seed.
         Mounting FUSE Control File System...
         Starting Apply Kernel Variables...
[[0;32m  OK  [0m] Mounted FUSE Control File System.
[    6.405336] systemd-journald[373]: Received request to flush runtime journal from PID 1
[[0;32m  OK  [0m] Started Flush Journal to Persistent Storage.
[[0;32m  OK  [0m] Started udev Coldplug all Devices.
[[0;32m  OK  [0m] Started Apply Kernel Variables.
[[0;32m  OK  [0m] Started Create Static Device Nodes in /dev.
         Starting udev Kernel Device Manager...
[[0;32m  OK  [0m] Started udev Kernel Device Manager.
[[0;32m  OK  [0m] Started Dispatch Password Requests to Console Directory Watch.
[[0;32m  OK  [0m] Found device /dev/ttyS0.
[[0;32m  OK  [0m] Listening on Load/Save RF Kill Switch Status /dev/rfkill Watch.
[[0;32m  OK  [0m] Started Monitoring of LVM2 mirrors,...ng dmeventd or progress polling.
[[0;32m  OK  [0m] Reached target Local File Systems (Pre).
[[0;32m  OK  [0m] Reached target Local File Systems.
         Starting Initial cloud-init job (pre-networking)...
         Starting Set console font and keymap...
         Starting Commit a transient machine-id on disk...
         Starting LSB: AppArmor initialization...
         Starting Create Volatile Files and Directories...
         Starting Tell Plymouth To Write Out Runtime Data...
[[0;32m  OK  [0m] Started Commit a transient machine-id on disk.
[[0;32m  OK  [0m] Started Create Volatile Files and Directories.
         Starting Update UTMP about System Boot/Shutdown...
[[0;32m  OK  [0m] Started Tell Plymouth To Write Out Runtime Data.
[[0;32m  OK  [0m] Started Update UTMP about System Boot/Shutdown.
[[0;32m  OK  [0m] Started LSB: AppArmor initialization.
         Starting Load AppArmor profiles managed internally by snapd...
[[0;32m  OK  [0m] Started Load AppArmor profiles managed internally by snapd.
[[0;32m  OK  [0m] Started Set console font and keymap.
[[0;32m  OK  [0m] Created slice system-getty.slice.
[    8.884322] cloud-init[596]: Cloud-init v. 20.2-45-g5f7825e2-0ubuntu1~16.04.1 running 'init-local' at Thu, 20 Aug 2020 02:18:04 +0000. Up 8.55 seconds.
[[0;32m  OK  [0m] Started Initial cloud-init job (pre-networking).
[[0;32m  OK  [0m] Reached target Network (Pre).
         Starting Raise network interfaces...
[[0;32m  OK  [0m] Started Raise network interfaces.
[[0;32m  OK  [0m] Reached target Network.
         Starting Initial cloud-init job (metadata service crawler)...
[   10.295976] cloud-init[958]: Cloud-init v. 20.2-45-g5f7825e2-0ubuntu1~16.04.1 running 'init' at Thu, 20 Aug 2020 02:18:05 +0000. Up 9.66 seconds.
[   10.304522] cloud-init[958]: ci-info: ++++++++++++++++++++++++++++++++++++++Net device info+++++++++++++++++++++++++++++++++++++++
[   10.312540] cloud-init[958]: ci-info: +--------+-------+----------------------------+---------------+--------+-------------------+
[   10.321199] cloud-init[958]: ci-info: | Device |   Up  |          Address           |      Mask     | Scope  |     Hw-Address    |
[   10.328956] cloud-init[958]: ci-info: +--------+-------+----------------------------+---------------+--------+-------------------+
[   10.336804] cloud-init[958]: ci-info: | enp0s3 |  True |         10.0.2.15          | 255.255.255.0 | global | 02:d4:60:56:24:74 |
[   10.344495] [cloud-init[0;32m  OK  [0m[958]: ] ci-info: | enp0s3 |  True | fe80::d4:60ff:fe56:2474/64 |       .       |  link  | 02:d4:60:56:24:74 |Started Initial cloud-init job (metadata service crawler).

[   10.352241] [cloud-init[0;32m  OK  [0m[958]: ] ci-info: | enp0s8 | False |             .              |       .       |   .    | 08:00:27:ca:4d:91 |Reached target System Initialization.

[[0;32m  OK  [0m] Started Message of the Day.
[[0;32m  OK  [0m] Started Daily apt download activities.
[[0;32m  OK  [0m] Listening on UUID daemon activation socket.
[   10.354085] cloud-init[958]: ci-info: |   lo   |  True |         127.0.0.1          |   255.0.0.0   |  host  |         .         |[
[0;32m  OK  [0m] Started Daily Cleanup of Temporary Directories.
[   10.356632] cloud-init[958]: ci-info: |   lo   |  True |          ::1/128           |       .       |  host  |         .         |
[   10.365717] cloud-init[958]: ci-info: +--------+-------+----------------------------+---------------+--------+-------------------+
[   10.367283] cloud-init[[0;32m  OK  [0m] Started ACPI Events Check.
[958]: ci-info: +++++++++++++++++++++++++++Route IPv4 info++++++++++++++++++++++++++++
[   10.380725] cloud-init[958]: ci-info: +-------+-------------+----------+---------------+-----------+-------+
[[0;32m  OK  [0m] Reached target Paths.
[[0;32m  OK  [0m] Listening on ACPID Listen Socket.
[   10.381222] cloud-init[958]: ci-info: | Route | Destination | Gateway  |    Genmask    | Interface | Flags |
[   10.396418] [cloud-init[0;32m  OK  [0m[958]: ] ci-info: +-------+-------------+----------+---------------+-----------+-------+Started Daily apt upgrade and clean activities.

[   10.396686]          cloud-initStarting Socket activation for snappy daemon.[958]: 
ci-info: |   0   |   0.0.0.0   | 10.0.2.2 |    0.0.0.0    |   enp0s3  |   UG  |
[   10.405909] [cloud-init[0;32m  OK  [0m[958]: ] ci-info: |   1   |   10.0.2.0  | 0.0.0.0  | 255.255.255.0 |   enp0s3  |   U   |Listening on D-Bus System Message Bus Socket.

[   10.412575]          cloud-initStarting LXD - unix socket.[958]: 
ci-info: +-------+-------------+----------+---------------+-----------+-------+
[   10.420345] [cloud-init[0;32m  OK  [0m[958]: ] ci-info: +++++++++++++++++++Route IPv6 info+++++++++++++++++++Reached target Timers.

[[0;32m  OK  [0m] Reached target Cloud-config availability.
[[0;32m  OK  [0m] Reached target Network is Online.
[   10.421431] cloud-init[958]: ci-info: +-------+-------------+---------+-----------+-------+
[   10.430619] cloud-init[958]: ci-info: | Route | Destination | Gateway | Interface | Flags |
[   10.436222] cloud-init[958]: ci-info: +-------+-------------+---------+-----------+-------+
[   10.444315] cloud-init[958]: ci-info: |   0   |  fe80::/64  |    ::   |   enp0s3  |   U   |
         Starting iSCSI initiator daemon (iscsid)...
[   10.452461] cloud-init[958]: ci-info: |   3   |   ff00::/8  |    ::   |   enp0s3  |   U   |
[   10.460320] [cloud-init[0;32m  OK  [0m[958]: ] ci-info: +-------+-------------+---------+-----------+-------+Listening on Socket activation for snappy daemon.

[[0;32m  OK  [0m] Listening on LXD - unix socket.
[   10.461511] cloud-init[958]: Generating public/private rsa key pair.
[   10.480376] cloud-init[958]: Your identification has been saved in /etc/ssh/ssh_host_rsa_key.
[   10.488312] [[0;32m  OK  [0m] Reached target Sockets.
cloud-init[958]: Your public key has been saved in /etc/ssh/ssh_host_rsa_key.pub.
[   10.496590] cloud-init[958]: The key fingerprint is:
[[0;32m  OK  [0m] Reached target Basic System.
[   10.497152] cloud-init[958]: SHA256:K6X0Vca9YFtAUuj0Jnfa8tD+CGeNljpn+nOQc7ZS6tU root@ubuntu-xenial
[   10.500642] cloud-init[958]: The key's randomart image is:
[   10.508427] cloud-init[958]: +---[RSA 2048]----+
         Starting LSB: Record successful boot for GRUB...
[   10.522138] cloud-init[958]: |          .++    |
[   10.524349] cloud-init[958]: |          oo o   |
[   10.532267] cloud-init[958]: |         o .* o  |
[   10.533157] cloud-init[958]: |          o+++.. |
[   10.533927] cloud-init[958]: |      . S .+.=.. |
[   10.534767] cloud-init[958]: |     . + o  + *=+|
[[0;32m  OK  [0m] Started ACPI event daemon.
[[0;32m  OK  [0m] Started FUSE filesystem for LXC.
         Starting /etc/rc.local Compatibility...
[[0;32m  OK  [0m] Started D-Bus System Message Bus.
[   10.546026] cloud-init[958]: |      o o   .=O*E|
[   10.568262] cloud-init[958]: |       .    .OBo.|
[   10.576800] cloud-init[958]: |            +B++.|
[   10.584408] cloud-init[958]: +----[SHA256]-----+
[   10.592651] cloud-init[958]: Generating public/private dsa key pair.
[   10.600264] cloud-init[958]: Your identification has been saved in /etc/ssh/ssh_host_dsa_key.
[   10.608538] cloud-init[958]: Your public key has been saved in /etc/ssh/ssh_host_dsa_key.pub.
[   10.616348] cloud-init[958]: The key fingerprint is:
[   10.624287] cloud-init[958]: SHA256:kt9wyUalrQHOh6Cjj43r6DYOC30aZG6Up6a0+nxjP4A root@ubuntu-xenial
[   10.632444] cloud-init[958]: The key's randomart image is:
[   10.640219] cloud-init[958]: +---[DSA 1024]----+
[   10.648306] cloud-init[958]: |      . .   .    |
[   10.657068] [cloud-init[958]: |     . + o +     |
[0;32m  OK  [0m] Started Deferred execution scheduler.
[   10.658203] cloud-init[958]: |    o   + = .    |
[   10.666263]          cloud-initStarting LXD - container startup/shutdown...[958]: 
|   o . . + +     |
[   10.673801]          cloud-initStarting LSB: MD monitoring daemon...[958]: 
|  *.. o S *      |
[   10.682907]          cloud-initStarting Virtualbox guest utils...[958]: 
| *EB.  o =       |
[   10.688458] cloud-init[958]: |o.X +.  . .      |
         Starting Login Service...
[   10.689208] cloud-init[958]: |+X.=+ .          |
[   10.700635]          cloud-initStarting Pollinate to seed the pseudo random number generator...[958]: 
|X*Bo o..         |
[   10.702353] cloud-init[958]: +----[SHA256]-----+
[   10.708464] [cloud-init[0;32m  OK  [0m[958]: ] Generating public/private ecdsa key pair.Started Regular background program processing daemon.

[   10.708891] cloud-init[958]: Your identification has been saved in /etc/ssh/ssh_host_ecdsa_key.
[   10.712447]          Starting Accounts Service...
cloud-init[958]: Your public key has been saved in /etc/ssh/ssh_host_ecdsa_key.pub.
[   10.715694] cloud-init[958]:          The key fingerprint is:Starting System Logging Service...

[   10.718358] cloud-init[958]: SHA256:0qM+SgKMX9Z67rp0XwYEKR7JhMu8w2VYkCfsg6m881M root@ubuntu-xenial
         Starting Snap Daemon...
[   10.724315] cloud-init[958]: The key's randomart image is:
[   10.726568] cloud-init[958]: [[0;32m  OK  [0m] Started iSCSI initiator daemon (iscsid).
+---[ECDSA 256]---+
[[0;32m  OK  [0m] Started /etc/rc.local Compatibility.
[   10.730246] cloud-init[958]: | ..*....         |
[   10.733834] cloud-init[958]: |  = B ..         |
[   10.742181] cloud-init[958]: | * B o  .        |
[   10.754105] cloud-init[958]: |= B +. o         |
[   10.756704] cloud-init[958]: |=o =o o S        |
[   10.759142] cloud-init[958]: |.++o E o o       |
[   10.761157] cloud-init[958]: |  +.= +   o      |
[   10.762847] cloud-init[958]: | o = =.. o       |
[   10.771758] cloud-init[958]: |  o.==+..        |
         Starting Login to default iSCSI targets...
[   10.773822] cloud-init[958]: +----[SHA256]-----+
[   10.785321] cloud-init[958]: Generating public/private ed25519 key pair.
[[0;32m  OK  [0m] Started Login Service.
[[0;32m  OK  [0m] Started Unattended Upgrades Shutdown.
[   10.786742] cloud-init[958]: Your identification has been saved in /etc/ssh/ssh_host_ed25519_key.
[   10.798783] cloud-init[958]: Your public key has been saved in /etc/ssh/ssh_host_ed25519_key.pub.
[   10.804151] cloud-init[958]: The key fingerprint is:
[   10.812656] cloud-init[958]: SHA256:hEzVOtj0hB6Ix7UhbVUL8TipdRQA4Ls+qQiy44aKzsI root@ubuntu-xenial
[   10.820466] cloud-init[958]: The key's randomart image is:
[   10.829918] cloud-init[958]: +--[ED25519 256]--+
[[0;32m  OK  [0m] Started LSB: Record successful boot for GRUB.
[   10.831090] cloud-init[958]: |     o+*===++.   |
[   10.841206] cloud-init[958]: |    .++o*oo* .   |
[   10.848817] cloud-init[958]: |     .+*o== +    |
[   10.857862] cloud-init[958]: |      .o=o.o     |
[   10.864704] cloud-init[958]: |      . S.       |
[   10.866996] cloud-init[958]: |       .         |
[[0;32m  OK  [0m] Started LSB: MD monitoring daemon.
[   10.889779] cloud-init[958]: |=     ..         |
[   10.901295] cloud-init[958]: |BE . .o          |
[   10.913904] cloud-init[958]: |X=. ....         |
[   10.921043] cloud-init[958]: +----[SHA256]-----+
[[0;32m  OK  [0m] Started System Logging Service.
[[0;32m  OK  [0m] Started Login to default iSCSI targets.
[[0;32m  OK  [0m] Reached target Remote File Systems (Pre).
[[0;32m  OK  [0m] Reached target Remote File Systems.
         Starting Permit User Sessions...
         Starting LSB: Set the CPU Frequency Scaling governor to "ondemand"...
         Starting LSB: daemon to balance interrupts for SMP systems...
         Starting LSB: automatic crash report generation...
[[0;32m  OK  [0m] Started Permit User Sessions.
         Starting Terminate Plymouth Boot Screen...
         Starting Hold until boot process finishes up...
[[0;32m  OK  [0m] Started Hold until boot process finishes up.
[[0;32m  OK  [0m] Started Terminate Plymouth Boot Screen.
[[0;32m  OK  [0m] Started Serial Getty on ttyS0.
         Starting Set console scheme...
[[0;32m  OK  [0m] Started Getty on tty1.
[[0;32m  OK  [0m] Reached target Login Prompts.
[[0;32m  OK  [0m] Started Virtualbox guest utils.
[[0;32m  OK  [0m] Started LSB: Set the CPU Frequency Scaling governor to "ondemand".
[[0;32m  OK  [0m] Started Set console scheme.
         Starting Authenticate and Authorize Users to Run Privileged Tasks...
[[0;32m  OK  [0m] Started LSB: daemon to balance interrupts for SMP systems.
[[0;32m  OK  [0m] Started LSB: automatic crash report generation.
[[0;32m  OK  [0m] Started Authenticate and Authorize Users to Run Privileged Tasks.
[[0;32m  OK  [0m] Started Accounts Service.
[[0;32m  OK  [0m] Started LXD - container startup/shutdown.
[[0;32m  OK  [0m] Started Snap Daemon.
         Starting Wait until snapd is fully seeded...
[[0;32m  OK  [0m] Started Pollinate to seed the pseudo random number generator.
         Starting OpenBSD Secure Shell server...
[[0;32m  OK  [0m] Started OpenBSD Secure Shell server.
[[0;32m  OK  [0m] Created slice User Slice of vagrant.
         Starting User Manager for UID 1000...
[[0;32m  OK  [0m] Started Session 1 of user vagrant.
[[0;32m  OK  [0m] Started User Manager for UID 1000.
[[0;32m  OK  [0m] Started Session 2 of user vagrant.
         Starting Hostname Service...
[[0;32m  OK  [0m] Started Hostname Service.

Ubuntu 16.04.6 LTS dbserver ttyS0

dbserver login: [   17.315393] cloud-init[1892]: Generating locales (this might take a while)...
[   17.995875] cloud-init[1892]:   en_US.UTF-8... done
[   17.996453] cloud-init[1892]: Generation complete.
[   18.444441] cloud-init[1892]: Cloud-init v. 20.2-45-g5f7825e2-0ubuntu1~16.04.1 running 'modules:config' at Thu, 20 Aug 2020 02:18:12 +0000. Up 17.19 seconds.
ci-info: no authorized SSH keys fingerprints found for user ubuntu.
<14>Aug 20 02:18:14 ec2: 
<14>Aug 20 02:18:14 ec2: #############################################################
<14>Aug 20 02:18:14 ec2: -----BEGIN SSH HOST KEY FINGERPRINTS-----
<14>Aug 20 02:18:14 ec2: 1024 SHA256:kt9wyUalrQHOh6Cjj43r6DYOC30aZG6Up6a0+nxjP4A root@ubuntu-xenial (DSA)
<14>Aug 20 02:18:14 ec2: 256 SHA256:0qM+SgKMX9Z67rp0XwYEKR7JhMu8w2VYkCfsg6m881M root@ubuntu-xenial (ECDSA)
<14>Aug 20 02:18:14 ec2: 256 SHA256:hEzVOtj0hB6Ix7UhbVUL8TipdRQA4Ls+qQiy44aKzsI root@ubuntu-xenial (ED25519)
<14>Aug 20 02:18:14 ec2: 2048 SHA256:K6X0Vca9YFtAUuj0Jnfa8tD+CGeNljpn+nOQc7ZS6tU root@ubuntu-xenial (RSA)
<14>Aug 20 02:18:14 ec2: -----END SSH HOST KEY FINGERPRINTS-----
<14>Aug 20 02:18:14 ec2: #############################################################
-----BEGIN SSH HOST KEY KEYS-----
ecdsa-sha2-nistp256 AAAAE2VjZHNhLXNoYTItbmlzdHAyNTYAAAAIbmlzdHAyNTYAAABBBFWvPJPI/BPemDGcWBbmKGIeSnDS8ZZ0jZcVB6Ry/ZhmOgbZGtZfqPMLa2cqeFZXdz4JLVrFOwkFoSNIQVLVndM= root@ubuntu-xenial
ssh-ed25519 AAAAC3NzaC1lZDI1NTE5AAAAIANShbVCnnMC3BPZuWiM25oFIQCW1GQlA4pyZJMee+uz root@ubuntu-xenial
ssh-rsa AAAAB3NzaC1yc2EAAAADAQABAAABAQCxIhcnBmnNvHA5Rza8Y11nlKS4goEBrlDZLUmKWldLXfC7uWB2eBGG13sepDJDyQQXl6f0FTAWV7RrzOMFzCKpS0c0GXRXmFKXLsYA2ppI0Ttp1SR9vNefS3hCm57Ido/zIBJDPA4I34NKkRQhtKgbVFVkxZ3WJvT8wTBGvlEYXFLF0hihkXYaGpmtY0FTh9gOeN5uGNNoYclROmrAlXXC1+aqCWBDE3UNgbT5qOPFoQMp9YuS4yxBo4zUCPkXBV3jN/by8ckDU0TN0A/NxgB8gnZ5HGHZnO8iBjkosLf9PzLwz2ObNQ9T42GomwlzXq8biSEg2e/5m47kJU3FA7VX root@ubuntu-xenial
-----END SSH HOST KEY KEYS-----
[   18.836678] cloud-init[2026]: Cloud-init v. 20.2-45-g5f7825e2-0ubuntu1~16.04.1 running 'modules:final' at Thu, 20 Aug 2020 02:18:14 +0000. Up 18.69 seconds.
[   18.836835] cloud-init[2026]: ci-info: no authorized SSH keys fingerprints found for user ubuntu.
[   18.837021] cloud-init[2026]: Cloud-init v. 20.2-45-g5f7825e2-0ubuntu1~16.04.1 finished at Thu, 20 Aug 2020 02:18:14 +0000. Datasource DataSourceNoCloud [seed=/dev/sdb][dsmode=net].  Up 18.83 seconds
