[    0.000000] Initializing cgroup subsys cpuset
[    0.000000] Initializing cgroup subsys cpu
[    0.000000] Initializing cgroup subsys cpuacct
[    0.000000] Linux version 4.4.0-186-generic (buildd@lcy01-amd64-002) (gcc version 5.4.0 20160609 (Ubuntu 5.4.0-6ubuntu1~16.04.12) ) #216-Ubuntu SMP Wed Jul 1 05:34:05 UTC 2020 (Ubuntu 4.4.0-186.216-generic 4.4.228)
[    0.000000] Command line: BOOT_IMAGE=/boot/vmlinuz-4.4.0-186-generic root=UUID=38130cd9-a39b-49af-aa81-cf7b83aa3f92 ro console=tty1 console=ttyS0
[    0.000000] KERNEL supported cpus:
[    0.000000]   Intel GenuineIntel
[    0.000000]   AMD AuthenticAMD
[    0.000000]   Centaur CentaurHauls
[    0.000000] x86/fpu: xstate_offset[2]:  576, xstate_sizes[2]:  256
[    0.000000] x86/fpu: Supporting XSAVE feature 0x01: 'x87 floating point registers'
[    0.000000] x86/fpu: Supporting XSAVE feature 0x02: 'SSE registers'
[    0.000000] x86/fpu: Supporting XSAVE feature 0x04: 'AVX registers'
[    0.000000] x86/fpu: Enabled xstate features 0x7, context size is 832 bytes, using 'standard' format.
[    0.000000] e820: BIOS-provided physical RAM map:
[    0.000000] BIOS-e820: [mem 0x0000000000000000-0x000000000009fbff] usable
[    0.000000] BIOS-e820: [mem 0x000000000009fc00-0x000000000009ffff] reserved
[    0.000000] BIOS-e820: [mem 0x00000000000f0000-0x00000000000fffff] reserved
[    0.000000] BIOS-e820: [mem 0x0000000000100000-0x000000003ffeffff] usable
[    0.000000] BIOS-e820: [mem 0x000000003fff0000-0x000000003fffffff] ACPI data
[    0.000000] BIOS-e820: [mem 0x00000000fec00000-0x00000000fec00fff] reserved
[    0.000000] BIOS-e820: [mem 0x00000000fee00000-0x00000000fee00fff] reserved
[    0.000000] BIOS-e820: [mem 0x00000000fffc0000-0x00000000ffffffff] reserved
[    0.000000] NX (Execute Disable) protection: active
[    0.000000] SMBIOS 2.5 present.
[    0.000000] Hypervisor detected: KVM
[    0.000000] e820: last_pfn = 0x3fff0 max_arch_pfn = 0x400000000
[    0.000000] MTRR: Disabled
[    0.000000] x86/PAT: MTRRs disabled, skipping PAT initialization too.
[    0.000000] CPU MTRRs all blank - virtualized system.
[    0.000000] x86/PAT: Configuration [0-7]: WB  WT  UC- UC  WB  WT  UC- UC  
[    0.000000] found SMP MP-table at [mem 0x0009fff0-0x0009ffff] mapped at [ffff88000009fff0]
[    0.000000] Scanning 1 areas for low memory corruption
[    0.000000] RAMDISK: [mem 0x362e2000-0x37168fff]
[    0.000000] ACPI: Early table checksum verification disabled
[    0.000000] ACPI: RSDP 0x00000000000E0000 000024 (v02 VBOX  )
[    0.000000] ACPI: XSDT 0x000000003FFF0030 00003C (v01 VBOX   VBOXXSDT 00000001 ASL  00000061)
[    0.000000] ACPI: FACP 0x000000003FFF00F0 0000F4 (v04 VBOX   VBOXFACP 00000001 ASL  00000061)
[    0.000000] ACPI: DSDT 0x000000003FFF0470 002325 (v02 VBOX   VBOXBIOS 00000002 INTL 20100528)
[    0.000000] ACPI: FACS 0x000000003FFF0200 000040
[    0.000000] ACPI: FACS 0x000000003FFF0200 000040
[    0.000000] ACPI: APIC 0x000000003FFF0240 00005C (v02 VBOX   VBOXAPIC 00000001 ASL  00000061)
[    0.000000] ACPI: SSDT 0x000000003FFF02A0 0001CC (v01 VBOX   VBOXCPUT 00000002 INTL 20100528)
[    0.000000] No NUMA configuration found
[    0.000000] Faking a node at [mem 0x0000000000000000-0x000000003ffeffff]
[    0.000000] NODE_DATA(0) allocated [mem 0x3ffeb000-0x3ffeffff]
[    0.000000] kvm-clock: Using msrs 4b564d01 and 4b564d00
[    0.000000] kvm-clock: cpu 0, msr 0:3ffe3001, primary cpu clock
[    0.000000] kvm-clock: using sched offset of 5989521684 cycles
[    0.000000] clocksource: kvm-clock: mask: 0xffffffffffffffff max_cycles: 0x1cd42e4dffb, max_idle_ns: 881590591483 ns
[    0.000000] Zone ranges:
[    0.000000]   DMA      [mem 0x0000000000001000-0x0000000000ffffff]
[    0.000000]   DMA32    [mem 0x0000000001000000-0x000000003ffeffff]
[    0.000000]   Normal   empty
[    0.000000]   Device   empty
[    0.000000] Movable zone start for each node
[    0.000000] Early memory node ranges
[    0.000000]   node   0: [mem 0x0000000000001000-0x000000000009efff]
[    0.000000]   node   0: [mem 0x0000000000100000-0x000000003ffeffff]
[    0.000000] Initmem setup node 0 [mem 0x0000000000001000-0x000000003ffeffff]
[    0.000000] ACPI: PM-Timer IO Port: 0x4008
[    0.000000] IOAPIC[0]: apic_id 2, version 32, address 0xfec00000, GSI 0-23
[    0.000000] ACPI: INT_SRC_OVR (bus 0 bus_irq 0 global_irq 2 dfl dfl)
[    0.000000] ACPI: INT_SRC_OVR (bus 0 bus_irq 9 global_irq 9 low level)
[    0.000000] Using ACPI (MADT) for SMP configuration information
[    0.000000] smpboot: Allowing 2 CPUs, 0 hotplug CPUs
[    0.000000] PM: Registered nosave memory: [mem 0x00000000-0x00000fff]
[    0.000000] PM: Registered nosave memory: [mem 0x0009f000-0x0009ffff]
[    0.000000] PM: Registered nosave memory: [mem 0x000a0000-0x000effff]
[    0.000000] PM: Registered nosave memory: [mem 0x000f0000-0x000fffff]
[    0.000000] e820: [mem 0x40000000-0xfebfffff] available for PCI devices
[    0.000000] Booting paravirtualized kernel on KVM
[    0.000000] clocksource: refined-jiffies: mask: 0xffffffff max_cycles: 0xffffffff, max_idle_ns: 7645519600211568 ns
[    0.000000] setup_percpu: NR_CPUS:512 nr_cpumask_bits:512 nr_cpu_ids:2 nr_node_ids:1
[    0.000000] PERCPU: Embedded 33 pages/cpu @ffff88003fc00000 s95512 r8192 d31464 u1048576
[    0.000000] Built 1 zonelists in Node order, mobility grouping on.  Total pages: 257912
[    0.000000] Policy zone: DMA32
[    0.000000] Kernel command line: BOOT_IMAGE=/boot/vmlinuz-4.4.0-186-generic root=UUID=38130cd9-a39b-49af-aa81-cf7b83aa3f92 ro console=tty1 console=ttyS0
[    0.000000] PID hash table entries: 4096 (order: 3, 32768 bytes)
[    0.000000] Memory: 997668K/1048120K available (8636K kernel code, 1337K rwdata, 4040K rodata, 1492K init, 1296K bss, 50452K reserved, 0K cma-reserved)
[    0.000000] SLUB: HWalign=64, Order=0-3, MinObjects=0, CPUs=2, Nodes=1
[    0.000000] Kernel/User page tables isolation: enabled
[    0.000000] Hierarchical RCU implementation.
[    0.000000] 	Build-time adjustment of leaf fanout to 64.
[    0.000000] 	RCU restricting CPUs from NR_CPUS=512 to nr_cpu_ids=2.
[    0.000000] RCU: Adjusting geometry for rcu_fanout_leaf=64, nr_cpu_ids=2
[    0.000000] NR_IRQS:33024 nr_irqs:440 16
[    0.000000] Console: colour VGA+ 80x25
[    0.000000] console [tty1] enabled
[    0.000000] console [ttyS0] enabled
[    0.000000] tsc: Detected 3408.000 MHz processor
[    0.244748] Calibrating delay loop (skipped) preset value.. 6816.00 BogoMIPS (lpj=13632000)
[    0.247435] pid_max: default: 32768 minimum: 301
[    0.249278] ACPI: Core revision 20150930
[    0.251498] ACPI: 2 ACPI AML tables successfully acquired and loaded
[    0.254270] Security Framework initialized
[    0.255844] Yama: becoming mindful.
[    0.257091] AppArmor: AppArmor initialized
[    0.258677] Dentry cache hash table entries: 131072 (order: 8, 1048576 bytes)
[    0.262746] Inode-cache hash table entries: 65536 (order: 7, 524288 bytes)
[    0.264912] Mount-cache hash table entries: 2048 (order: 2, 16384 bytes)
[    0.266929] Mountpoint-cache hash table entries: 2048 (order: 2, 16384 bytes)
[    0.269202] Initializing cgroup subsys io
[    0.270506] Initializing cgroup subsys memory
[    0.271894] Initializing cgroup subsys devices
[    0.273323] Initializing cgroup subsys freezer
[    0.274718] Initializing cgroup subsys net_cls
[    0.276197] Initializing cgroup subsys perf_event
[    0.277651] Initializing cgroup subsys net_prio
[    0.279055] Initializing cgroup subsys hugetlb
[    0.280761] Initializing cgroup subsys pids
[    0.283073] mce: CPU supports 0 MCE banks
[    0.284445] Last level iTLB entries: 4KB 128, 2MB 8, 4MB 8
[    0.286139] Last level dTLB entries: 4KB 64, 2MB 0, 4MB 0, 1GB 4
[    0.288263] Spectre V1 : Mitigation: usercopy/swapgs barriers and __user pointer sanitization
[    0.290897] Spectre V2 : Mitigation: Full generic retpoline
[    0.292665] Spectre V2 : Spectre v2 / SpectreRSB mitigation: Filling RSB on context switch
[    0.295243] Speculative Store Bypass: Vulnerable
[    0.296763] SRBDS: Unknown: Dependent on hypervisor status
[    0.298768] MDS: Mitigation: Clear CPU buffers
[    0.302891] Freeing SMP alternatives memory: 36K
[    0.309936] ftrace: allocating 32334 entries in 127 pages
[    0.362098] smpboot: APIC(0) Converting physical 0 to logical package 0
[    0.364216] smpboot: Max logical packages: 1
[    0.366154] x2apic enabled
[    0.367485] Switched APIC routing to physical x2apic.
[    0.370747] ..TIMER: vector=0x30 apic1=0 pin1=2 apic2=-1 pin2=-1
[    0.480815] smpboot: CPU0: Intel(R) Core(TM) i5-7500 CPU @ 3.40GHz (family: 0x6, model: 0x9e, stepping: 0x9)
[    0.484220] Performance Events: unsupported p6 CPU model 158 no PMU driver, software events only.
[    0.496345] KVM setup paravirtual spinlock
[    0.498404] x86: Booting SMP configuration:
[    0.499751] .... node  #0, CPUs:      #1
[    0.501277] kvm-clock: cpu 1, msr 0:3ffe3041, secondary cpu clock
[    0.503951] mce: CPU supports 0 MCE banks
[    0.507141] x86: Booted up 1 node, 2 CPUs
[    0.508592] smpboot: Total of 2 processors activated (13632.00 BogoMIPS)
[    0.511323] devtmpfs: initialized
[    0.513788] evm: security.selinux
[    0.514864] evm: security.SMACK64
[    0.516033] evm: security.SMACK64EXEC
[    0.517224] evm: security.SMACK64TRANSMUTE
[    0.518511] evm: security.SMACK64MMAP
[    0.519774] evm: security.ima
[    0.520846] evm: security.capability
[    0.522387] clocksource: jiffies: mask: 0xffffffff max_cycles: 0xffffffff, max_idle_ns: 7645041785100000 ns
[    0.525611] futex hash table entries: 512 (order: 3, 32768 bytes)
[    0.527753] pinctrl core: initialized pinctrl subsystem
[    0.529721] RTC time:  0:02:38, date: 08/24/20
[    0.531369] NET: Registered protocol family 16
[    0.545515] cpuidle: using governor ladder
[    0.557953] cpuidle: using governor menu
[    0.559937] PCCT header not found.
[    0.561302] ACPI: bus type PCI registered
[    0.562580] acpiphp: ACPI Hot Plug PCI Controller Driver version: 0.5
[    0.564614] PCI: Using configuration type 1 for base access
[    0.578314] ACPI: Added _OSI(Module Device)
[    0.580170] ACPI: Added _OSI(Processor Device)
[    0.581631] ACPI: Added _OSI(3.0 _SCP Extensions)
[    0.583165] ACPI: Added _OSI(Processor Aggregator Device)
[    0.585731] ACPI: Executed 1 blocks of module-level executable AML code
[    0.590165] ACPI: Interpreter enabled
[    0.591486] ACPI: (supports S0 S5)
[    0.592702] ACPI: Using IOAPIC for interrupt routing
[    0.594540] PCI: Using host bridge windows from ACPI; if necessary, use "pci=nocrs" and report a bug
[    0.602295] ACPI: PCI Root Bridge [PCI0] (domain 0000 [bus 00-ff])
[    0.604497] acpi PNP0A03:00: _OSC: OS supports [ASPM ClockPM Segments MSI]
[    0.606973] acpi PNP0A03:00: _OSC: not requesting OS control; OS requires [ExtendedConfig ASPM ClockPM MSI]
[    0.609975] acpi PNP0A03:00: fail to add MMCONFIG information, can't access extended PCI configuration space under this bridge.
[    0.613851] PCI host bridge to bus 0000:00
[    0.615220] pci_bus 0000:00: root bus resource [io  0x0000-0x0cf7 window]
[    0.617211] pci_bus 0000:00: root bus resource [io  0x0d00-0xffff window]
[    0.619247] pci_bus 0000:00: root bus resource [mem 0x000a0000-0x000bffff window]
[    0.621635] pci_bus 0000:00: root bus resource [mem 0x40000000-0xfdffffff window]
[    0.624056] pci_bus 0000:00: root bus resource [bus 00-ff]
[    0.628304] pci 0000:00:01.1: legacy IDE quirk: reg 0x10: [io  0x01f0-0x01f7]
[    0.630460] pci 0000:00:01.1: legacy IDE quirk: reg 0x14: [io  0x03f6]
[    0.632472] pci 0000:00:01.1: legacy IDE quirk: reg 0x18: [io  0x0170-0x0177]
[    0.642433] pci 0000:00:01.1: legacy IDE quirk: reg 0x1c: [io  0x0376]
[    0.659713] pci 0000:00:07.0: quirk: [io  0x4000-0x403f] claimed by PIIX4 ACPI
[    0.662046] pci 0000:00:07.0: quirk: [io  0x4100-0x410f] claimed by PIIX4 SMB
[    0.672110] ACPI: PCI Interrupt Link [LNKA] (IRQs 5 9 10 *11)
[    0.674669] ACPI: PCI Interrupt Link [LNKB] (IRQs 5 9 *10 11)
[    0.677072] ACPI: PCI Interrupt Link [LNKC] (IRQs 5 *9 10 11)
[    0.679717] ACPI: PCI Interrupt Link [LNKD] (IRQs 5 9 10 *11)
[    0.682205] ACPI: Enabled 2 GPEs in block 00 to 07
[    0.684207] vgaarb: setting as boot device: PCI:0000:00:02.0
[    0.685927] vgaarb: device added: PCI:0000:00:02.0,decodes=io+mem,owns=io+mem,locks=none
[    0.688551] vgaarb: loaded
[    0.689501] vgaarb: bridge control possible 0000:00:02.0
[    0.691266] SCSI subsystem initialized
[    0.692647] ACPI: bus type USB registered
[    0.693949] usbcore: registered new interface driver usbfs
[    0.695575] usbcore: registered new interface driver hub
[    0.697245] usbcore: registered new device driver usb
[    0.699452] PCI: Using ACPI for IRQ routing
[    0.702299] NetLabel: Initializing
[    0.703627] NetLabel:  domain hash size = 128
[    0.705179] NetLabel:  protocols = UNLABELED CIPSOv4
[    0.706968] NetLabel:  unlabeled traffic allowed by default
[    0.709096] amd_nb: Cannot enumerate AMD northbridges
[    0.710910] clocksource: Switched to clocksource kvm-clock
[    0.719242] AppArmor: AppArmor Filesystem Enabled
[    0.720771] pnp: PnP ACPI init
[    0.722751] pnp: PnP ACPI: found 3 devices
[    0.732962] clocksource: acpi_pm: mask: 0xffffff max_cycles: 0xffffff, max_idle_ns: 2085701024 ns
[    0.735746] NET: Registered protocol family 2
[    0.737192] TCP established hash table entries: 8192 (order: 4, 65536 bytes)
[    0.739430] TCP bind hash table entries: 8192 (order: 5, 131072 bytes)
[    0.741312] TCP: Hash tables configured (established 8192 bind 8192)
[    0.743140] UDP hash table entries: 512 (order: 2, 16384 bytes)
[    0.744924] UDP-Lite hash table entries: 512 (order: 2, 16384 bytes)
[    0.746773] NET: Registered protocol family 1
[    0.748153] pci 0000:00:00.0: Limiting direct PCI/PCI transfers
[    0.750027] pci 0000:00:01.0: Activating ISA DMA hang workarounds
[    0.751983] Unpacking initramfs...
[    0.956020] Freeing initrd memory: 14876K
[    0.957491] clocksource: tsc: mask: 0xffffffffffffffff max_cycles: 0x311fd3cd494, max_idle_ns: 440795223879 ns
[    0.960593] platform rtc_cmos: registered platform RTC device (no PNP device found)
[    0.962966] Scanning for low memory corruption every 60 seconds
[    0.965206] audit: initializing netlink subsys (disabled)
[    0.966859] audit: type=2000 audit(1598227366.287:1): initialized
[    0.968947] Initialise system trusted keyring
[    0.970432] HugeTLB registered 2 MB page size, pre-allocated 0 pages
[    0.973580] zbud: loaded
[    0.974876] VFS: Disk quotas dquot_6.6.0
[    0.976274] VFS: Dquot-cache hash table entries: 512 (order 0, 4096 bytes)
[    0.978447] squashfs: version 4.0 (2009/01/31) Phillip Lougher
[    0.980555] fuse init (API version 7.23)
[    0.981988] Key type big_key registered
[    0.983409] Allocating IMA MOK and blacklist keyrings.
[    0.986828] Key type asymmetric registered
[    0.988210] Asymmetric key parser 'x509' registered
[    0.989761] Block layer SCSI generic (bsg) driver version 0.4 loaded (major 249)
[    0.992353] io scheduler noop registered
[    0.993803] io scheduler deadline registered (default)
[    0.995480] io scheduler cfq registered
[    0.996818] pci_hotplug: PCI Hot Plug PCI Core version: 0.5
[    0.998616] pciehp: PCI Express Hot Plug Controller Driver version: 0.4
[    1.001263] ACPI: AC Adapter [AC] (on-line)
[    1.002649] input: Power Button as /devices/LNXSYSTM:00/LNXPWRBN:00/input/input0
[    1.005185] ACPI: Power Button [PWRF]
[    1.006473] input: Sleep Button as /devices/LNXSYSTM:00/LNXSLPBN:00/input/input1
[    1.008988] ACPI: Sleep Button [SLPF]
[    1.010472] GHES: HEST is not enabled!
[    1.012396] Serial: 8250/16550 driver, 32 ports, IRQ sharing enabled
[    1.035385] 00:02: ttyS0 at I/O 0x3f8 (irq = 4, base_baud = 115200) is a 16550A
[    1.041991] Linux agpgart interface v0.103
[    1.046412] loop: module loaded
[    1.048410] scsi host0: ata_piix
[    1.049879] scsi host1: ata_piix
[    1.051093] ata1: PATA max UDMA/33 cmd 0x1f0 ctl 0x3f6 bmdma 0xd000 irq 14
[    1.053101] ata2: PATA max UDMA/33 cmd 0x170 ctl 0x376 bmdma 0xd008 irq 15
[    1.055239] libphy: Fixed MDIO Bus: probed
[    1.056559] tun: Universal TUN/TAP device driver, 1.6
[    1.058097] tun: (C) 1999-2004 Max Krasnyansky <maxk@qualcomm.com>
[    1.060405] PPP generic driver version 2.4.2
[    1.061936] ehci_hcd: USB 2.0 'Enhanced' Host Controller (EHCI) Driver
[    1.063951] ehci-pci: EHCI PCI platform driver
[    1.065322] ehci-platform: EHCI generic platform driver
[    1.066882] ohci_hcd: USB 1.1 'Open' Host Controller (OHCI) Driver
[    1.068878] ohci-pci: OHCI PCI platform driver
[    1.070272] ohci-platform: OHCI generic platform driver
[    1.071956] uhci_hcd: USB Universal Host Controller Interface driver
[    1.073873] i8042: PNP: PS/2 Controller [PNP0303:PS2K,PNP0f03:PS2M] at 0x60,0x64 irq 1,12
[    1.076823] serio: i8042 KBD port at 0x60,0x64 irq 1
[    1.078364] serio: i8042 AUX port at 0x60,0x64 irq 12
[    1.080297] mousedev: PS/2 mouse device common for all mice
[    1.082310] input: AT Translated Set 2 keyboard as /devices/platform/i8042/serio0/input/input2
[    1.085771] rtc_cmos rtc_cmos: rtc core: registered rtc_cmos as rtc0
[    1.087859] rtc_cmos rtc_cmos: alarms up to one day, 114 bytes nvram
[    1.089773] i2c /dev entries driver
[    1.090999] device-mapper: uevent: version 1.0.3
[    1.092551] device-mapper: ioctl: 4.34.0-ioctl (2015-10-28) initialised: dm-devel@redhat.com
[    1.095250] ledtrig-cpu: registered to indicate activity on CPUs
[    1.097780] NET: Registered protocol family 10
[    1.099881] NET: Registered protocol family 17
[    1.101275] Key type dns_resolver registered
[    1.103266] registered taskstats version 1
[    1.104609] Loading compiled-in X.509 certificates
[    1.106566] Loaded X.509 cert 'Build time autogenerated kernel key: cef5e81496c0efa51b848ab539e845ddf31c08be'
[    1.109740] zswap: loaded using pool lzo/zbud
[    1.112955] Key type trusted registered
[    1.117455] Key type encrypted registered
[    1.118882] AppArmor: AppArmor sha1 policy hashing enabled
[    1.120636] ima: No TPM chip found, activating TPM-bypass!
[    1.122527] ima: Allocated hash algorithm: sha1
[    1.124219] evm: HMAC attrs: 0x1
[    1.125994]   Magic number: 0:773:1
[    1.127551] rtc_cmos rtc_cmos: setting system clock to 2020-08-24 00:02:39 UTC (1598227359)
[    1.130680] BIOS EDD facility v0.16 2004-Jun-25, 0 devices found
[    1.132759] EDD information not available.
[    1.235201] Freeing unused kernel memory: 1492K
[    1.236761] Write protecting the kernel read-only data: 14336k
[    1.238905] Freeing unused kernel memory: 1592K
[    1.240635] Freeing unused kernel memory: 56K
Loading, please wait...
starting version 229
[    1.254357] random: systemd-udevd: uninitialized urandom read (16 bytes read, 3 bits of entropy available)
[    1.254904] random: udevadm: uninitialized urandom read (16 bytes read, 3 bits of entropy available)
[    1.254918] random: udevadm: uninitialized urandom read (16 bytes read, 3 bits of entropy available)
[    1.264814] random: udevadm: uninitialized urandom read (16 bytes read, 3 bits of entropy available)
[    1.264852] random: udevadm: uninitialized urandom read (16 bytes read, 3 bits of entropy available)
[    1.264966] random: udevadm: uninitialized urandom read (16 bytes read, 3 bits of entropy available)
[    1.265006] random: udevadm: uninitialized urandom read (16 bytes read, 3 bits of entropy available)
[    1.265045] random: udevadm: uninitialized urandom read (16 bytes read, 3 bits of entropy available)
[    1.265087] random: udevadm: uninitialized urandom read (16 bytes read, 3 bits of entropy available)
[    1.265125] random: udevadm: uninitialized urandom read (16 bytes read, 3 bits of entropy available)
[    1.324113] Fusion MPT base driver 3.04.20
[    1.325508] Copyright (c) 1999-2008 LSI Corporation
[    1.327745] e1000: Intel(R) PRO/1000 Network Driver - version 7.3.21-k8-NAPI
[    1.330045] e1000: Copyright (c) 1999-2006 Intel Corporation.
[    1.349068] AVX2 version of gcm_enc/dec engaged.
[    1.350714] AES CTR mode by8 optimization enabled
[    1.354302] Fusion MPT SPI Host driver 3.04.20
[    1.538630] input: ImExPS/2 Generic Explorer Mouse as /devices/platform/i8042/serio1/input/input4
[    1.723625] e1000 0000:00:03.0 eth0: (PCI:33MHz:32-bit) 02:d4:60:56:24:74
[    1.725665] e1000 0000:00:03.0 eth0: Intel(R) PRO/1000 Network Connection
[    2.399940] e1000 0000:00:08.0 eth1: (PCI:33MHz:32-bit) 08:00:27:40:9a:5d
[    2.402087] e1000 0000:00:08.0 eth1: Intel(R) PRO/1000 Network Connection
[    2.405274] e1000 0000:00:08.0 enp0s8: renamed from eth1
[    2.407265] mptbase: ioc0: Initiating bringup
[    2.415323] e1000 0000:00:03.0 enp0s3: renamed from eth0
[    2.479158] ioc0: LSI53C1030 A0: Capabilities={Initiator}
[    2.640514] scsi host2: ioc0: LSI53C1030 A0, FwRev=00000000h, Ports=1, MaxQ=256, IRQ=20
[    2.755423] scsi 2:0:0:0: Direct-Access     VBOX     HARDDISK         1.0  PQ: 0 ANSI: 5
[    2.758329] scsi target2:0:0: Beginning Domain Validation
[    2.761282] scsi target2:0:0: Domain Validation skipping write tests
[    2.763112] scsi target2:0:0: Ending Domain Validation
[    2.764710] scsi target2:0:0: asynchronous
[    2.766341] scsi 2:0:1:0: Direct-Access     VBOX     HARDDISK         1.0  PQ: 0 ANSI: 5
[    2.768806] scsi target2:0:1: Beginning Domain Validation
[    2.779181] scsi target2:0:1: Domain Validation skipping write tests
[    2.781050] scsi target2:0:1: Ending Domain Validation
[    2.782636] scsi target2:0:1: asynchronous
[    2.791448] sd 2:0:0:0: [sda] 20971520 512-byte logical blocks: (10.7 GB/10.0 GiB)
[    2.792008] sd 2:0:0:0: Attached scsi generic sg0 type 0
[    2.795208] sd 2:0:1:0: Attached scsi generic sg1 type 0
[    2.795784] sd 2:0:1:0: [sdb] 20480 512-byte logical blocks: (10.5 MB/10.0 MiB)
[    2.795927] sd 2:0:1:0: [sdb] Write Protect is off
[    2.796027] sd 2:0:1:0: [sdb] Incomplete mode parameter data
[    2.796028] sd 2:0:1:0: [sdb] Assuming drive cache: write through
[    2.804431] sd 2:0:1:0: [sdb] Attached SCSI disk
[    2.808210] sd 2:0:0:0: [sda] Write Protect is off
[    2.809834] sd 2:0:0:0: [sda] Incomplete mode parameter data
[    2.811564] sd 2:0:0:0: [sda] Assuming drive cache: write through
[    2.816143]  sda: sda1
[    2.817547] sd 2:0:0:0: [sda] Attached SCSI disk
Begin: Loading essential drivers ... [    4.104350] md: linear personality registered for level -1
[    4.108404] md: multipath personality registered for level -4
[    4.112528] md: raid0 personality registered for level 0
[    4.117683] md: raid1 personality registered for level 1
[    4.191307] raid6: sse2x1   gen() 12948 MB/s
[    4.262182] raid6: sse2x1   xor()  9956 MB/s
[    4.337872] raid6: sse2x2   gen() 18014 MB/s
[    4.407480] raid6: sse2x2   xor() 11243 MB/s
[    4.475280] raid6: sse2x4   gen() 17998 MB/s
[    4.543327] raid6: sse2x4   xor() 11219 MB/s
[    4.615086] raid6: avx2x1   gen() 23751 MB/s
[    4.684942] raid6: avx2x2   gen() 28984 MB/s
[    4.755017] raid6: avx2x4   gen() 29154 MB/s
[    4.756438] raid6: using algorithm avx2x4 gen() 29154 MB/s
[    4.758188] raid6: using avx2x2 recovery algorithm
[    4.760975] xor: automatically using best checksumming function:
[    4.799125]    avx       : 27284.000 MB/sec
[    4.801619] async_tx: api initialized (async)
[    4.810526] md: raid6 personality registered for level 6
[    4.812353] md: raid5 personality registered for level 5
[    4.814166] md: raid4 personality registered for level 4
[    4.822265] md: raid10 personality registered for level 10
done.
Begin: Running /scripts/init-premount ... done.
Begin: Mounting root file system ... Begin: Running /scripts/local-top ... done.
Begin: Running /scripts/local-premount ... [    4.851555] Btrfs loaded
Scanning for Btrfs filesystems
done.
Warning: fsck not present, so skipping root file system
[    4.913552] EXT4-fs (sda1): INFO: recovery required on readonly filesystem
[    4.915686] EXT4-fs (sda1): write access will be enabled during recovery
[    5.454016] EXT4-fs (sda1): orphan cleanup on readonly fs
[    5.483162] EXT4-fs (sda1): 7 orphan inodes deleted
[    5.484629] EXT4-fs (sda1): recovery complete
[    5.486701] EXT4-fs (sda1): mounted filesystem with ordered data mode. Opts: (null)
done.
Begin: Running /scripts/local-bottom ... done.
Begin: Running /scripts/init-bottom ... done.
[    5.903831] systemd[1]: systemd 229 running in system mode. (+PAM +AUDIT +SELINUX +IMA +APPARMOR +SMACK +SYSVINIT +UTMP +LIBCRYPTSETUP +GCRYPT +GNUTLS +ACL +XZ -LZ4 +SECCOMP +BLKID +ELFUTILS +KMOD -IDN)
[    5.909428] systemd[1]: Detected virtualization oracle.
[    5.911070] systemd[1]: Detected architecture x86-64.

Welcome to [1mUbuntu 16.04.6 LTS[0m!

[    5.935784] systemd[1]: Set hostname to <dbserver>.
[    6.417662] systemd[1]: Listening on LVM2 poll daemon socket.
[[0;32m  OK  [0m] Listening on LVM2 poll daemon socket.
[    6.427244] systemd[1]: Started Trigger resolvconf update for networkd DNS.
[[0;32m  OK  [0m] Started Trigger resolvconf update for networkd DNS.
[    6.435157] systemd[1]: Listening on Journal Audit Socket.
[[0;32m  OK  [0m] Listening on Journal Audit Socket.
[    6.443376] systemd[1]: Created slice System Slice.
[[0;32m  OK  [0m] Created slice System Slice.
[    6.451118] systemd[1]: Reached target Encrypted Volumes.
[[0;32m  OK  [0m] Reached target Encrypted Volumes.
[    6.459631] systemd[1]: Listening on Journal Socket.
[[0;32m  OK  [0m] Listening on Journal Socket.
[    6.479645] systemd[1]: Mounting POSIX Message Queue File System...
         Mounting POSIX Message Queue File System...
[    6.487989] systemd[1]: Mounting Huge Pages File System...
         Mounting Huge Pages File System...
[    6.495810] systemd[1]: Starting Remount Root and Kernel File Systems...
         Starting Remount Root and Kernel File Systems...
[    6.509310] systemd[1]: Starting Uncomplicated firewall...
         Starting Uncomplicated firewall...
[    6.512854] systemd[1]: Starting Set console keymap...
         Starting Set console keymap...
[    6.518166] EXT4-fs (sda1): re-mounted. Opts: (null)
[    6.523417] systemd[1]: Reached target Swap.
[[0;32m  OK  [0m] Reached target Swap.
[    6.567426] systemd[1]: Starting Load Kernel Modules...
         Starting Load Kernel Modules...
[    6.570396] systemd[1]: Starting Nameserver information manager...
         Starting Nameserver information manager...
[    6.574618] systemd[1]: Reached target System Time Synchronized.
[[0;32m  OK  [0m] Reached target System Time Synchronized.
[    6.583206] systemd[1]: Listening on udev Kernel Socket.
[[0;32m  OK  [0m] Listening on udev Kernel Socket.
[    6.591951] systemd[1]: Created slice system-serial\x2dgetty.slice.
[[0;32m  OK  [0m] Created slice system-serial\x2dgetty.slice.
[    6.599233] systemd[1]: Listening on Syslog Socket.
[[0;32m  OK  [0m] Listening on Syslog Socket.
[    6.612258] Loading iSCSI transport class v2.0-870.
[    6.615161] systemd[1]: Starting Create list of required static device nodes for the current kernel...
         Starting Create list of required st... nodes for the current kernel...
[    6.627220] systemd[1]: Reached target User and Group Name Lookups.
[[0;32m  OK  [0m] Reached target User and Group Name Lookups.
[    6.630330] systemd[1]: Listening on Device-mapper event daemon FIFOs.
[[0;32m  OK  [0m] Listening on Device-mapper event daemon FIFOs.
[    6.633593] iscsi: registered transport (tcp)
[    6.635357] systemd[1]: Listening on Journal Socket (/dev/log).
[[0;32m  OK  [0m] Listening on Journal Socket (/dev/log).
[    6.638950] systemd[1]: Set up automount Arbitrary Executable File Formats File System Automount Point.
[[0;32m  OK  [0m] Set up automount Arbitrary Executab...ats File System Automount Point.
[    6.647164] systemd[1]: Listening on /dev/initctl Compatibility Named Pipe.
[[0;32m  OK  [0m] Listening on /dev/initctl Compatibility Named Pipe.
[    6.655320] systemd[1]: Started Forward Password Requests to Wall Directory Watch.
[[0;32m  OK  [0m] Started Forward Password Requests to Wall Directory Watch.
[    6.679121] systemd[1]: Mounting Debug File System...
         Mounting Debug File System...
[    6.686562] iscsi: registered transport (iser)
[    6.688827] systemd[1]: Starting Journal Service...
         Starting Journal Service...
[    6.699375] systemd[1]: Listening on LVM2 metadata daemon socket.
[[0;32m  OK  [0m] Listening on LVM2 metadata daemon socket.
[    6.702839] systemd[1]: Starting Monitoring of LVM2 mirrors, snapshots etc. using dmeventd or progress polling...
         Starting Monitoring of LVM2 mirrors... dmeventd or progress polling...
[    6.715294] systemd[1]: Listening on udev Control Socket.
[[0;32m  OK  [0m] Listening on udev Control Socket.
[    6.727515] systemd[1]: Created slice User and Session Slice.
[[0;32m  OK  [0m] Created slice User and Session Slice.
[    6.735167] systemd[1]: Reached target Slices.
[[0;32m  OK  [0m] Reached target Slices.
[    6.748839] systemd[1]: Mounted Debug File System.
[[0;32m  OK  [0m] Mounted Debug File System.
[    6.751446] systemd[1]: Mounted POSIX Message Queue File System.
[[0;32m  OK  [0m] Mounted POSIX Me[    6.754445] random: nonblocking pool is initialized
ssage Queue File System.
[    6.756834] systemd[1]: Mounted Huge Pages File System.
[[0;32m  OK  [0m] Mounted Huge Pages File System.
[    6.767635] systemd[1]: Started Journal Service.
[[0;32m  OK  [0m] Started Journal Service.
[[0;32m  OK  [0m] Started Remount Root and Kernel File Systems.
[[0;32m  OK  [0m] Started Uncomplicated firewall.
[[0;32m  OK  [0m] Started Set console keymap.
[[0;32m  OK  [0m] Started Load Kernel Modules.
[[0;32m  OK  [0m] Started Create list of required sta...ce nodes for the current kernel.
[[0;32m  OK  [0m] Started Nameserver information manager.
[[0;32m  OK  [0m] Started LVM2 metadata daemon.
         Starting Create Static Device Nodes in /dev...
         Mounting FUSE Control File System...
         Starting Apply Kernel Variables...
         Starting Load/Save Random Seed...
         Starting udev Coldplug all Devices...
         Starting Flush Journal to Persistent Storage...
[[0;32m  OK  [0m] Mounted FUSE Control File System.
[[0;32m  OK  [0m] Started Load/Save Random Seed.
[    6.876315] systemd-journald[404]: Received request to flush runtime journal from PID 1
[[0;32m  OK  [0m] Started Apply Kernel Variables.
[[0;32m  OK  [0m] Started Flush Journal to Persistent Storage.
[[0;32m  OK  [0m] Started udev Coldplug all Devices.
[[0;32m  OK  [0m] Started Create Static Device Nodes in /dev.
         Starting udev Kernel Device Manager...
[[0;32m  OK  [0m] Started udev Kernel Device Manager.
[[0;32m  OK  [0m] Started Dispatch Password Requests to Console Directory Watch.
[[0;32m  OK  [0m] Started Monitoring of LVM2 mirrors,...ng dmeventd or progress polling.
[[0;32m  OK  [0m] Found device /dev/ttyS0.
[[0;32m  OK  [0m] Reached target Local File Systems (Pre).
[[0;32m  OK  [0m] Reached target Local File Systems.
         Starting Create Volatile Files and Directories...
         Starting Set console font and keymap...
         Starting Tell Plymouth To Write Out Runtime Data...
         Starting Initial cloud-init job (pre-networking)...
         Starting LSB: AppArmor initialization...
[[0;32m  OK  [0m] Listening on Load/Save RF Kill Switch Status /dev/rfkill Watch.
[[0;32m  OK  [0m] Started Create Volatile Files and Directories.
[[0;32m  OK  [0m] Started Tell Plymouth To Write Out Runtime Data.
         Starting Update UTMP about System Boot/Shutdown...
[[0;32m  OK  [0m] Started Update UTMP about System Boot/Shutdown.
[[0;32m  OK  [0m] Found device 82540EM Gigabit Ethern...r (PRO/1000 MT Desktop Adapter).
[[0;32m  OK  [0m] Found device 82540EM Gigabit Ethern...r (PRO/1000 MT Desktop Adapter).
[[0;32m  OK  [0m] Started LSB: AppArmor initialization.
         Starting Load AppArmor profiles managed internally by snapd...
[[0;32m  OK  [0m] Started Load AppArmor profiles managed internally by snapd.
[[0;32m  OK  [0m] Started Set console font and keymap.
[[0;32m  OK  [0m] Created slice system-getty.slice.
[    9.210031] cloud-init[524]: Cloud-init v. 20.2-45-g5f7825e2-0ubuntu1~16.04.1 running 'init-local' at Mon, 24 Aug 2020 00:02:47 +0000. Up 8.83 seconds.
[[0;32m  OK  [0m] Started Initial cloud-init job (pre-networking).
[[0;32m  OK  [0m] Reached target Network (Pre).
         Starting Raise network interfaces...
[[0;32m  OK  [0m] Started ifup for enp0s8.
[[0;32m  OK  [0m] Started ifup for enp0s3.
[[0;32m  OK  [0m] Started Raise network interfaces.
[[0;32m  OK  [0m] Reached target Network.
         Starting Initial cloud-init job (metadata service crawler)...
[   10.155311] cloud-init[1078]: Cloud-init v. 20.2-45-g5f7825e2-0ubuntu1~16.04.1 running 'init' at Mon, 24 Aug 2020 00:02:48 +0000. Up 9.80 seconds.
[   10.164519] cloud-init[1078]: ci-info: ++++++++++++++++++++++++++++++++++++++Net device info+++++++++++++++++++++++++++++++++++++++
[   10.172490] cloud-init[1078]: ci-info: +--------+------+-----------------------------+---------------+--------+-------------------+
[   10.180916] cloud-init[1078]: ci-info: | Device |  Up  |           Address           |      Mask     | Scope  |     Hw-Address    |
[   10.188909] cloud-init[1078]: ci-info: +--------+------+-----------------------------+---------------+--------+-------------------+
[   10.192362] cloud-init[1078]: ci-info: | enp0s3 | True |          10.0.2.15          | 255.255.255.0 | global | 02:d4:60:56:24:74 |
[   10.200355] cloud-init[1078]: ci-info: | enp0s3 | True |  fe80::d4:60ff:fe56:2474/64 |       .       |  link  | 02:d4:60:56:24:74 |
[   10.208571] cloud-init[1078]: ci-info: | enp0s8 | True |         192.168.2.12        | 255.255.255.0 | global | 08:00:27:40:9a:5d |
[[0;32m  OK  [0m] Started Initial cloud-init job (metadata service crawler).
[[0;32m  OK  [0m] Reached target Network is Online.
[   10.222510] cloud-init[1078]: ci-info: | enp0s8 | True | fe80::a00:27ff:fe40:9a5d/64 |       .       |  link  | 08:00:27:40:9a:5d |
[   10.234846] cloud-init[1078]: ci-info: |   lo   | True |          127.0.0.1          |   255.0.0.0   |  host  |         .         |
[   10.236762] cloud-init[1078]: ci-info: |   lo   | True |           ::1/128           |       .       |  host  |         .         |
[   10.244299] cloud-init[1078]: ci-info: +--------+------+-----------------------------+---------------+--------+-------------------+
         Starting iSCSI initiator daemon (iscsid)...
[[0;32m  OK  [0m] Reached target Cloud-config availability.
[[0;32m  OK  [0m] Reached target System Initialization.
[[0;32m  OK  [0m] Listening on UUID daemon activation socket.
[   10.255803] cloud-init[1078]: ci-info: +++++++++++++++++++++++++++Route IPv4 info++++++++++++++++++++++++++++
[   10.280721] cloud-init[1078]: ci-info: +-------+-------------+----------+---------------+-----------+-------+
[   10.282105] cloud-init[1078]: ci-info: | Route | Destination | Gateway  |    Genmask    | Interface | Flags |
[   10.283441] cloud-init[1078]: ci-info: +-------+-------------+----------+---------------+-----------+-------+
[[0;32m  OK  [0m] Started ACPI Events Check.
[[   10.287344] cloud-init[1078]: ci-info: |   0   |   0.0.0.0   | 10.0.2.2 |    0.0.0.0    |   enp0s3  |   UG  |
[   10.288171] cloud-init[1078]: ci-info: |   1   |   10.0.2.0  | 0.0.0.0  | 255.255.255.0 |   enp0s3  |   U   |
[   10.288443] cloud-init[1078]: ci-info: |   2   | 192.168.2.0 | 0.0.0.0  | 255.255.255.0 |   enp0s8  |   U   |
[   10.288958] cloud-init[1078]: ci-info: +-------+-------------+----------+---------------+-----------+-------+
[   10.289047] cloud-init[1078]: ci-info: +++++++++++++++++++Route IPv6 info+++++++++++++++++++
[   10.289457] cloud-init[1078]: ci-info: +-------+-------------+---------+-----------+-------+
[   10.289743] cloud-init[1078]: ci-info: | Route | Destination | Gateway | Interface | Flags |
[   10.290010] cloud-init[1078]: ci-info: +-------+-------------+---------+-----------+-------+
[   10.290390] cloud-init[1078]: ci-info: |   0   |  fe80::/64  |    ::   |   enp0s8  |   U   |
[   10.290621] cloud-init[1078]: ci-info: |   1   |  fe80::/64  |    ::   |   enp0s3  |   U   |
[   10.291114] cloud-init[1078]: ci-info: |   4   |   ff00::/8  |    ::   |   enp0s8  |   U   |
[   10.291438] cloud-init[1078]: ci-info: |   5   |   ff00::/8  |    ::   |   enp0s3  |   U   |
[   10.291734] cloud-init[1078]: ci-info: +-------+-------------+---------+-----------+-------+
[0;32m  OK  [0m] Reached target Paths.
[[0;32m  OK  [0m] Started Daily Cleanup of Temporary Directories.
         Starting LXD - unix socket.
[[0;32m  OK  [0m] Started Daily apt download activities.
[[0;32m  OK  [0m] Listening on ACPID Listen Socket.
[[0;32m  OK  [0m] Started Message of the Day.
[[0;32m  OK  [0m] Listening on D-Bus System Message Bus Socket.
[[0;32m  OK  [0m] Started Daily apt upgrade and clean activities.
[[0;32m  OK  [0m] Reached target Timers.
         Starting Socket activation for snappy daemon.
[[0;32m  OK  [0m] Listening on LXD - unix socket.
[[0;32m  OK  [0m] Listening on Socket activation for snappy daemon.
[[0;32m  OK  [0m] Reached target Sockets.
[[0;32m  OK  [0m] Reached target Basic System.
         Starting System Logging Service...
         Starting Message of the Day...
         Starting /etc/rc.local Compatibility...
         Starting Virtualbox guest utils...
         Starting Login Service...
         Starting Snap Daemon...
         Starting LSB: MD monitoring daemon...
         Starting Accounts Service...
         Starting LSB: Record successful boot for GRUB...
         Starting OpenBSD Secure Shell server...
[[0;32m  OK  [0m] Started D-Bus System Message Bus.
[[0;32m  OK  [0m] Started Regular background program processing daemon.
[[0;32m  OK  [0m] Started Deferred execution scheduler.
[[0;32m  OK  [0m] Started ACPI event daemon.
[[0;32m  OK  [0m] Started FUSE filesystem for LXC.
         Starting MySQL Community Server...
         Starting LXD - container startup/shutdown...
[[0;32m  OK  [0m] Started System Logging Service.
[[0;32m  OK  [0m] Started iSCSI initiator daemon (iscsid).
[[0;32m  OK  [0m] Started /etc/rc.local Compatibility.
[[0;32m  OK  [0m] Started OpenBSD Secure Shell server.
[[0;32m  OK  [0m] Started Login Service.
[[0;32m  OK  [0m] Started Unattended Upgrades Shutdown.
         Starting Authenticate and Authorize Users to Run Privileged Tasks...
         Starting Login to default iSCSI targets...
[[0;32m  OK  [0m] Started LSB: Record successful boot for GRUB.
[[0;32m  OK  [0m] Started LSB: MD monitoring daemon.
[[0;32m  OK  [0m] Started Login to default iSCSI targets.
[[0;32m  OK  [0m] Reached target Remote File Systems (Pre).
[[0;32m  OK  [0m] Reached target Remote File Systems.
         Starting LSB: automatic crash report generation...
         Starting LSB: daemon to balance interrupts for SMP systems...
         Starting LSB: Set the CPU Frequency Scaling governor to "ondemand"...
         Starting Permit User Sessions...
[[0;32m  OK  [0m] Started LSB: Set the CPU Frequency Scaling governor to "ondemand".
[[0;32m  OK  [0m] Started Authenticate and Authorize Users to Run Privileged Tasks.
[[0;32m  OK  [0m] Started Permit User Sessions.
[[0;32m  OK  [0m] Started Accounts Service.
         Starting Terminate Plymouth Boot Screen...
         Starting Hold until boot process finishes up...
[[0;32m  OK  [0m] Started Hold until boot process finishes up.
[[0;32m  OK  [0m] Started Serial Getty on ttyS0.
         Starting Set console scheme...
[[0;32m  OK  [0m] Started Getty on tty1.
[[0;32m  OK  [0m] Reached target Login Prompts.
[[0;32m  OK  [0m] Started Terminate Plymouth Boot Screen.
[[0;32m  OK  [0m] Started Set console scheme.
[[0;32m  OK  [0m] Started LSB: daemon to balance interrupts for SMP systems.
[[0;32m  OK  [0m] Started LSB: automatic crash report generation.
[[0;32m  OK  [0m] Started Virtualbox guest utils.
[[0;32m  OK  [0m] Created slice User Slice of vagrant.
         Starting User Manager for UID 1000...
[[0;32m  OK  [0m] Started Session 1 of user vagrant.
[[0;32m  OK  [0m] Started User Manager for UID 1000.
[[0;32m  OK  [0m] Started LXD - container startup/shutdown.
[[0;32m  OK  [0m] Started Snap Daemon.
         Starting Wait until snapd is fully seeded...
[[0;32m  OK  [0m] Started Wait until snapd is fully seeded.
         Starting Apply the settings specified in cloud-config...
[   12.784433] cloud-init[1448]: Cloud-init v. 20.2-45-g5f7825e2-0ubuntu1~16.04.1 running 'modules:config' at Mon, 24 Aug 2020 00:02:51 +0000. Up 12.62 seconds.
[[0;32m  OK  [0m] Started Apply the settings specified in cloud-config.
[[0;32m  OK  [0m] Started Message of the Day.
[[0;32m  OK  [0m] Started MySQL Community Server.
[[0;32m  OK  [0m] Reached target Multi-User System.
[[0;32m  OK  [0m] Reached target Graphical Interface.
         Starting Update UTMP about System Runlevel Changes...
         Starting Execute cloud user/final scripts...
[[0;32m  OK  [0m] Started Update UTMP about System Runlevel Changes.
[   14.895848] cloud-init[1792]: Cloud-init v. 20.2-45-g5f7825e2-0ubuntu1~16.04.1 running 'modules:final' at Mon, 24 Aug 2020 00:02:53 +0000. Up 14.74 seconds.
[   14.904798] cloud-init[1792]: Cloud-init v. 20.2-45-g5f7825e2-0ubuntu1~16.04.1 finished at Mon, 24 Aug 2020 00:02:53 +0000. Datasource DataSourceNoCloud [seed=/dev/sdb][dsmode=net].  Up 14.89 seconds
[[0;32m  OK  [0m] Started Execute cloud user/final scripts.
         Starting Daily apt download activities...
[[0;32m  OK  [0m] Reached target Cloud-init target.
         Stopping User Manager for UID 1000...
[[0;32m  OK  [0m] Stopped User Manager for UID 1000.
[[0;32m  OK  [0m] Removed slice User Slice of vagrant.

Ubuntu 16.04.6 LTS dbserver ttyS0

dbserver login: 