[    0.000000] Initializing cgroup subsys cpuset
[    0.000000] Initializing cgroup subsys cpu
[    0.000000] Initializing cgroup subsys cpuacct
[    0.000000] Linux version 4.4.0-186-generic (buildd@lcy01-amd64-002) (gcc version 5.4.0 20160609 (Ubuntu 5.4.0-6ubuntu1~16.04.12) ) #216-Ubuntu SMP Wed Jul 1 05:34:05 UTC 2020 (Ubuntu 4.4.0-186.216-generic 4.4.228)
[    0.000000] Command line: BOOT_IMAGE=/boot/vmlinuz-4.4.0-186-generic root=LABEL=cloudimg-rootfs ro console=tty1 console=ttyS0
[    0.000000] KERNEL supported cpus:
[    0.000000]   Intel GenuineIntel
[    0.000000]   AMD AuthenticAMD
[    0.000000]   Centaur CentaurHauls
[    0.000000] x86/fpu: xstate_offset[2]:  576, xstate_sizes[2]:  256
[    0.000000] x86/fpu: Supporting XSAVE feature 0x01: 'x87 floating point registers'
[    0.000000] x86/fpu: Supporting XSAVE feature 0x02: 'SSE registers'
[    0.000000] x86/fpu: Supporting XSAVE feature 0x04: 'AVX registers'
[    0.000000] x86/fpu: Enabled xstate features 0x7, context size is 832 bytes, using 'standard' format.
[    0.000000] e820: BIOS-provided physical RAM map:
[    0.000000] BIOS-e820: [mem 0x0000000000000000-0x000000000009fbff] usable
[    0.000000] BIOS-e820: [mem 0x000000000009fc00-0x000000000009ffff] reserved
[    0.000000] BIOS-e820: [mem 0x00000000000f0000-0x00000000000fffff] reserved
[    0.000000] BIOS-e820: [mem 0x0000000000100000-0x000000003ffeffff] usable
[    0.000000] BIOS-e820: [mem 0x000000003fff0000-0x000000003fffffff] ACPI data
[    0.000000] BIOS-e820: [mem 0x00000000fec00000-0x00000000fec00fff] reserved
[    0.000000] BIOS-e820: [mem 0x00000000fee00000-0x00000000fee00fff] reserved
[    0.000000] BIOS-e820: [mem 0x00000000fffc0000-0x00000000ffffffff] reserved
[    0.000000] NX (Execute Disable) protection: active
[    0.000000] SMBIOS 2.5 present.
[    0.000000] Hypervisor detected: KVM
[    0.000000] e820: last_pfn = 0x3fff0 max_arch_pfn = 0x400000000
[    0.000000] MTRR: Disabled
[    0.000000] x86/PAT: MTRRs disabled, skipping PAT initialization too.
[    0.000000] CPU MTRRs all blank - virtualized system.
[    0.000000] x86/PAT: Configuration [0-7]: WB  WT  UC- UC  WB  WT  UC- UC  
[    0.000000] found SMP MP-table at [mem 0x0009fff0-0x0009ffff] mapped at [ffff88000009fff0]
[    0.000000] Scanning 1 areas for low memory corruption
[    0.000000] RAMDISK: [mem 0x362e2000-0x37168fff]
[    0.000000] ACPI: Early table checksum verification disabled
[    0.000000] ACPI: RSDP 0x00000000000E0000 000024 (v02 VBOX  )
[    0.000000] ACPI: XSDT 0x000000003FFF0030 00003C (v01 VBOX   VBOXXSDT 00000001 ASL  00000061)
[    0.000000] ACPI: FACP 0x000000003FFF00F0 0000F4 (v04 VBOX   VBOXFACP 00000001 ASL  00000061)
[    0.000000] ACPI: DSDT 0x000000003FFF0470 002325 (v02 VBOX   VBOXBIOS 00000002 INTL 20100528)
[    0.000000] ACPI: FACS 0x000000003FFF0200 000040
[    0.000000] ACPI: FACS 0x000000003FFF0200 000040
[    0.000000] ACPI: APIC 0x000000003FFF0240 00005C (v02 VBOX   VBOXAPIC 00000001 ASL  00000061)
[    0.000000] ACPI: SSDT 0x000000003FFF02A0 0001CC (v01 VBOX   VBOXCPUT 00000002 INTL 20100528)
[    0.000000] No NUMA configuration found
[    0.000000] Faking a node at [mem 0x0000000000000000-0x000000003ffeffff]
[    0.000000] NODE_DATA(0) allocated [mem 0x3ffeb000-0x3ffeffff]
[    0.000000] kvm-clock: Using msrs 4b564d01 and 4b564d00
[    0.000000] kvm-clock: cpu 0, msr 0:3ffe3001, primary cpu clock
[    0.000000] kvm-clock: using sched offset of 5375902347 cycles
[    0.000000] clocksource: kvm-clock: mask: 0xffffffffffffffff max_cycles: 0x1cd42e4dffb, max_idle_ns: 881590591483 ns
[    0.000000] Zone ranges:
[    0.000000]   DMA      [mem 0x0000000000001000-0x0000000000ffffff]
[    0.000000]   DMA32    [mem 0x0000000001000000-0x000000003ffeffff]
[    0.000000]   Normal   empty
[    0.000000]   Device   empty
[    0.000000] Movable zone start for each node
[    0.000000] Early memory node ranges
[    0.000000]   node   0: [mem 0x0000000000001000-0x000000000009efff]
[    0.000000]   node   0: [mem 0x0000000000100000-0x000000003ffeffff]
[    0.000000] Initmem setup node 0 [mem 0x0000000000001000-0x000000003ffeffff]
[    0.000000] ACPI: PM-Timer IO Port: 0x4008
[    0.000000] IOAPIC[0]: apic_id 2, version 32, address 0xfec00000, GSI 0-23
[    0.000000] ACPI: INT_SRC_OVR (bus 0 bus_irq 0 global_irq 2 dfl dfl)
[    0.000000] ACPI: INT_SRC_OVR (bus 0 bus_irq 9 global_irq 9 low level)
[    0.000000] Using ACPI (MADT) for SMP configuration information
[    0.000000] smpboot: Allowing 2 CPUs, 0 hotplug CPUs
[    0.000000] PM: Registered nosave memory: [mem 0x00000000-0x00000fff]
[    0.000000] PM: Registered nosave memory: [mem 0x0009f000-0x0009ffff]
[    0.000000] PM: Registered nosave memory: [mem 0x000a0000-0x000effff]
[    0.000000] PM: Registered nosave memory: [mem 0x000f0000-0x000fffff]
[    0.000000] e820: [mem 0x40000000-0xfebfffff] available for PCI devices
[    0.000000] Booting paravirtualized kernel on KVM
[    0.000000] clocksource: refined-jiffies: mask: 0xffffffff max_cycles: 0xffffffff, max_idle_ns: 7645519600211568 ns
[    0.000000] setup_percpu: NR_CPUS:512 nr_cpumask_bits:512 nr_cpu_ids:2 nr_node_ids:1
[    0.000000] PERCPU: Embedded 33 pages/cpu @ffff88003fc00000 s95512 r8192 d31464 u1048576
[    0.000000] Built 1 zonelists in Node order, mobility grouping on.  Total pages: 257912
[    0.000000] Policy zone: DMA32
[    0.000000] Kernel command line: BOOT_IMAGE=/boot/vmlinuz-4.4.0-186-generic root=LABEL=cloudimg-rootfs ro console=tty1 console=ttyS0
[    0.000000] PID hash table entries: 4096 (order: 3, 32768 bytes)
[    0.000000] Memory: 997668K/1048120K available (8636K kernel code, 1337K rwdata, 4040K rodata, 1492K init, 1296K bss, 50452K reserved, 0K cma-reserved)
[    0.000000] SLUB: HWalign=64, Order=0-3, MinObjects=0, CPUs=2, Nodes=1
[    0.000000] Kernel/User page tables isolation: enabled
[    0.000000] Hierarchical RCU implementation.
[    0.000000] 	Build-time adjustment of leaf fanout to 64.
[    0.000000] 	RCU restricting CPUs from NR_CPUS=512 to nr_cpu_ids=2.
[    0.000000] RCU: Adjusting geometry for rcu_fanout_leaf=64, nr_cpu_ids=2
[    0.000000] NR_IRQS:33024 nr_irqs:440 16
[    0.000000] Console: colour VGA+ 80x25
[    0.000000] console [tty1] enabled
[    0.000000] console [ttyS0] enabled
[    0.000000] tsc: Detected 3408.000 MHz processor
[    0.454082] Calibrating delay loop (skipped) preset value.. 6816.00 BogoMIPS (lpj=13632000)
[    0.460884] pid_max: default: 32768 minimum: 301
[    0.464300] ACPI: Core revision 20150930
[    0.467843] ACPI: 2 ACPI AML tables successfully acquired and loaded
[    0.472478] Security Framework initialized
[    0.475800] Yama: becoming mindful.
[    0.478232] AppArmor: AppArmor initialized
[    0.481942] Dentry cache hash table entries: 131072 (order: 8, 1048576 bytes)
[    0.488380] Inode-cache hash table entries: 65536 (order: 7, 524288 bytes)
[    0.493094] Mount-cache hash table entries: 2048 (order: 2, 16384 bytes)
[    0.497573] Mountpoint-cache hash table entries: 2048 (order: 2, 16384 bytes)
[    0.502659] Initializing cgroup subsys io
[    0.507067] Initializing cgroup subsys memory
[    0.510204] Initializing cgroup subsys devices
[    0.513845] Initializing cgroup subsys freezer
[    0.516979] Initializing cgroup subsys net_cls
[    0.520047] Initializing cgroup subsys perf_event
[    0.523584] Initializing cgroup subsys net_prio
[    0.526622] Initializing cgroup subsys hugetlb
[    0.530019] Initializing cgroup subsys pids
[    0.534410] mce: CPU supports 0 MCE banks
[    0.537429] Last level iTLB entries: 4KB 128, 2MB 8, 4MB 8
[    0.541309] Last level dTLB entries: 4KB 64, 2MB 0, 4MB 0, 1GB 4
[    0.545476] Spectre V1 : Mitigation: usercopy/swapgs barriers and __user pointer sanitization
[    0.551168] Spectre V2 : Mitigation: Full generic retpoline
[    0.554614] Spectre V2 : Spectre v2 / SpectreRSB mitigation: Filling RSB on context switch
[    0.560202] Speculative Store Bypass: Vulnerable
[    0.563767] SRBDS: Unknown: Dependent on hypervisor status
[    0.567971] MDS: Mitigation: Clear CPU buffers
[    0.573541] Freeing SMP alternatives memory: 36K
[    0.582930] ftrace: allocating 32334 entries in 127 pages
[    0.644095] smpboot: APIC(0) Converting physical 0 to logical package 0
[    0.648595] smpboot: Max logical packages: 1
[    0.651774] x2apic enabled
[    0.653836] Switched APIC routing to physical x2apic.
[    0.658426] ..TIMER: vector=0x30 apic1=0 pin1=2 apic2=-1 pin2=-1
[    0.770553] smpboot: CPU0: Intel(R) Core(TM) i5-7500 CPU @ 3.40GHz (family: 0x6, model: 0x9e, stepping: 0x9)
[    0.777113] Performance Events: unsupported p6 CPU model 158 no PMU driver, software events only.
[    0.796228] KVM setup paravirtual spinlock
[    0.800490] x86: Booting SMP configuration:
[    0.803434] .... node  #0, CPUs:      #1
[    0.806572] kvm-clock: cpu 1, msr 0:3ffe3041, secondary cpu clock
[    0.811224] mce: CPU supports 0 MCE banks
[    0.815589] x86: Booted up 1 node, 2 CPUs
[    0.818728] smpboot: Total of 2 processors activated (13632.00 BogoMIPS)
[    0.824143] devtmpfs: initialized
[    0.830414] evm: security.selinux
[    0.832701] evm: security.SMACK64
[    0.834946] evm: security.SMACK64EXEC
[    0.837408] evm: security.SMACK64TRANSMUTE
[    0.840112] evm: security.SMACK64MMAP
[    0.842557] evm: security.ima
[    0.844653] evm: security.capability
[    0.850102] clocksource: jiffies: mask: 0xffffffff max_cycles: 0xffffffff, max_idle_ns: 7645041785100000 ns
[    0.857396] futex hash table entries: 512 (order: 3, 32768 bytes)
[    0.862374] pinctrl core: initialized pinctrl subsystem
[    0.866428] RTC time: 10:41:06, date: 08/31/20
[    0.869963] NET: Registered protocol family 16
[    0.882260] cpuidle: using governor ladder
[    0.894489] cpuidle: using governor menu
[    0.897004] PCCT header not found.
[    0.899611] ACPI: bus type PCI registered
[    0.902404] acpiphp: ACPI Hot Plug PCI Controller Driver version: 0.5
[    0.907017] PCI: Using configuration type 1 for base access
[    0.923611] ACPI: Added _OSI(Module Device)
[    0.926376] ACPI: Added _OSI(Processor Device)
[    0.929857] ACPI: Added _OSI(3.0 _SCP Extensions)
[    0.933239] ACPI: Added _OSI(Processor Aggregator Device)
[    0.937576] ACPI: Executed 1 blocks of module-level executable AML code
[    0.944175] ACPI: Interpreter enabled
[    0.947427] ACPI: (supports S0 S5)
[    0.950180] ACPI: Using IOAPIC for interrupt routing
[    0.953538] PCI: Using host bridge windows from ACPI; if necessary, use "pci=nocrs" and report a bug
[    0.965606] ACPI: PCI Root Bridge [PCI0] (domain 0000 [bus 00-ff])
[    0.969616] acpi PNP0A03:00: _OSC: OS supports [ASPM ClockPM Segments MSI]
[    0.974356] acpi PNP0A03:00: _OSC: not requesting OS control; OS requires [ExtendedConfig ASPM ClockPM MSI]
[    0.981145] acpi PNP0A03:00: fail to add MMCONFIG information, can't access extended PCI configuration space under this bridge.
[    0.989959] PCI host bridge to bus 0000:00
[    0.992995] pci_bus 0000:00: root bus resource [io  0x0000-0x0cf7 window]
[    0.997569] pci_bus 0000:00: root bus resource [io  0x0d00-0xffff window]
[    1.001869] pci_bus 0000:00: root bus resource [mem 0x000a0000-0x000bffff window]
[    1.006955] pci_bus 0000:00: root bus resource [mem 0x40000000-0xfdffffff window]
[    1.011972] pci_bus 0000:00: root bus resource [bus 00-ff]
[    1.018016] pci 0000:00:01.1: legacy IDE quirk: reg 0x10: [io  0x01f0-0x01f7]
[    1.023149] pci 0000:00:01.1: legacy IDE quirk: reg 0x14: [io  0x03f6]
[    1.027092] pci 0000:00:01.1: legacy IDE quirk: reg 0x18: [io  0x0170-0x0177]
[    1.041469] pci 0000:00:01.1: legacy IDE quirk: reg 0x1c: [io  0x0376]
[    1.082237] pci 0000:00:07.0: quirk: [io  0x4000-0x403f] claimed by PIIX4 ACPI
[    1.087400] pci 0000:00:07.0: quirk: [io  0x4100-0x410f] claimed by PIIX4 SMB
[    1.111443] ACPI: PCI Interrupt Link [LNKA] (IRQs 5 9 10 *11)
[    1.118840] ACPI: PCI Interrupt Link [LNKB] (IRQs 5 9 *10 11)
[    1.138932] ACPI: PCI Interrupt Link [LNKC] (IRQs 5 *9 10 11)
[    1.143975] ACPI: PCI Interrupt Link [LNKD] (IRQs 5 9 10 *11)
[    1.155592] ACPI: Enabled 2 GPEs in block 00 to 07
[    1.160382] vgaarb: setting as boot device: PCI:0000:00:02.0
[    1.164351] vgaarb: device added: PCI:0000:00:02.0,decodes=io+mem,owns=io+mem,locks=none
[    1.169542] vgaarb: loaded
[    1.171492] vgaarb: bridge control possible 0000:00:02.0
[    1.180537] SCSI subsystem initialized
[    1.183720] ACPI: bus type USB registered
[    1.186819] usbcore: registered new interface driver usbfs
[    1.191525] usbcore: registered new interface driver hub
[    1.198554] usbcore: registered new device driver usb
[    1.203605] PCI: Using ACPI for IRQ routing
[    1.208699] NetLabel: Initializing
[    1.211421] NetLabel:  domain hash size = 128
[    1.215274] NetLabel:  protocols = UNLABELED CIPSOv4
[    1.219543] NetLabel:  unlabeled traffic allowed by default
[    1.234887] amd_nb: Cannot enumerate AMD northbridges
[    1.242456] clocksource: Switched to clocksource kvm-clock
[    1.260263] AppArmor: AppArmor Filesystem Enabled
[    1.268927] pnp: PnP ACPI init
[    1.274735] pnp: PnP ACPI: found 3 devices
[    1.291509] clocksource: acpi_pm: mask: 0xffffff max_cycles: 0xffffff, max_idle_ns: 2085701024 ns
[    1.298107] NET: Registered protocol family 2
[    1.301110] TCP established hash table entries: 8192 (order: 4, 65536 bytes)
[    1.305683] TCP bind hash table entries: 8192 (order: 5, 131072 bytes)
[    1.309927] TCP: Hash tables configured (established 8192 bind 8192)
[    1.315349] UDP hash table entries: 512 (order: 2, 16384 bytes)
[    1.319744] UDP-Lite hash table entries: 512 (order: 2, 16384 bytes)
[    1.323597] NET: Registered protocol family 1
[    1.326382] pci 0000:00:00.0: Limiting direct PCI/PCI transfers
[    1.331073] pci 0000:00:01.0: Activating ISA DMA hang workarounds
[    1.336168] Unpacking initramfs...
[    1.629688] Freeing initrd memory: 14876K
[    1.633511] clocksource: tsc: mask: 0xffffffffffffffff max_cycles: 0x311fd3cd494, max_idle_ns: 440795223879 ns
[    1.640017] platform rtc_cmos: registered platform RTC device (no PNP device found)
[    1.645892] Scanning for low memory corruption every 60 seconds
[    1.652241] audit: initializing netlink subsys (disabled)
[    1.655958] audit: type=2000 audit(1598870473.391:1): initialized
[    1.661272] Initialise system trusted keyring
[    1.664922] HugeTLB registered 2 MB page size, pre-allocated 0 pages
[    1.670700] zbud: loaded
[    1.672881] VFS: Disk quotas dquot_6.6.0
[    1.675907] VFS: Dquot-cache hash table entries: 512 (order 0, 4096 bytes)
[    1.681215] squashfs: version 4.0 (2009/01/31) Phillip Lougher
[    1.686603] fuse init (API version 7.23)
[    1.690227] Key type big_key registered
[    1.692810] Allocating IMA MOK and blacklist keyrings.
[    1.699992] Key type asymmetric registered
[    1.702804] Asymmetric key parser 'x509' registered
[    1.706278] Block layer SCSI generic (bsg) driver version 0.4 loaded (major 249)
[    1.711370] io scheduler noop registered
[    1.714777] io scheduler deadline registered (default)
[    1.718282] io scheduler cfq registered
[    1.721240] pci_hotplug: PCI Hot Plug PCI Core version: 0.5
[    1.724911] pciehp: PCI Express Hot Plug Controller Driver version: 0.4
[    1.731545] ACPI: AC Adapter [AC] (on-line)
[    1.734495] input: Power Button as /devices/LNXSYSTM:00/LNXPWRBN:00/input/input0
[    1.740858] ACPI: Power Button [PWRF]
[    1.743913] input: Sleep Button as /devices/LNXSYSTM:00/LNXSLPBN:00/input/input1
[    1.749916] ACPI: Sleep Button [SLPF]
[    1.752772] GHES: HEST is not enabled!
[    1.755750] Serial: 8250/16550 driver, 32 ports, IRQ sharing enabled
[    1.780363] 00:02: ttyS0 at I/O 0x3f8 (irq = 4, base_baud = 115200) is a 16550A
[    1.786287] Linux agpgart interface v0.103
[    1.790592] loop: module loaded
[    1.793637] scsi host0: ata_piix
[    1.796116] scsi host1: ata_piix
[    1.798269] ata1: PATA max UDMA/33 cmd 0x1f0 ctl 0x3f6 bmdma 0xd000 irq 14
[    1.803375] ata2: PATA max UDMA/33 cmd 0x170 ctl 0x376 bmdma 0xd008 irq 15
[    1.808454] libphy: Fixed MDIO Bus: probed
[    1.811160] tun: Universal TUN/TAP device driver, 1.6
[    1.814669] tun: (C) 1999-2004 Max Krasnyansky <maxk@qualcomm.com>
[    1.818611] PPP generic driver version 2.4.2
[    1.821475] ehci_hcd: USB 2.0 'Enhanced' Host Controller (EHCI) Driver
[    1.825693] ehci-pci: EHCI PCI platform driver
[    1.828442] ehci-platform: EHCI generic platform driver
[    1.831829] ohci_hcd: USB 1.1 'Open' Host Controller (OHCI) Driver
[    1.835864] ohci-pci: OHCI PCI platform driver
[    1.839392] ohci-platform: OHCI generic platform driver
[    1.843180] uhci_hcd: USB Universal Host Controller Interface driver
[    1.847536] i8042: PNP: PS/2 Controller [PNP0303:PS2K,PNP0f03:PS2M] at 0x60,0x64 irq 1,12
[    1.854953] serio: i8042 KBD port at 0x60,0x64 irq 1
[    1.858131] serio: i8042 AUX port at 0x60,0x64 irq 12
[    1.861633] mousedev: PS/2 mouse device common for all mice
[    1.865732] input: AT Translated Set 2 keyboard as /devices/platform/i8042/serio0/input/input2
[    1.871395] rtc_cmos rtc_cmos: rtc core: registered rtc_cmos as rtc0
[    1.875527] rtc_cmos rtc_cmos: alarms up to one day, 114 bytes nvram
[    1.879418] i2c /dev entries driver
[    1.881841] device-mapper: uevent: version 1.0.3
[    1.885061] device-mapper: ioctl: 4.34.0-ioctl (2015-10-28) initialised: dm-devel@redhat.com
[    1.890435] ledtrig-cpu: registered to indicate activity on CPUs
[    1.894721] NET: Registered protocol family 10
[    1.898325] NET: Registered protocol family 17
[    1.901725] Key type dns_resolver registered
[    1.904607] registered taskstats version 1
[    1.907058] Loading compiled-in X.509 certificates
[    1.910643] Loaded X.509 cert 'Build time autogenerated kernel key: cef5e81496c0efa51b848ab539e845ddf31c08be'
[    1.917138] zswap: loaded using pool lzo/zbud
[    1.921862] Key type trusted registered
[    1.927259] Key type encrypted registered
[    1.929952] AppArmor: AppArmor sha1 policy hashing enabled
[    1.933513] ima: No TPM chip found, activating TPM-bypass!
[    1.937081] ima: Allocated hash algorithm: sha1
[    1.939992] evm: HMAC attrs: 0x1
[    1.942422]   Magic number: 0:535:680
[    1.944841] rtc_cmos rtc_cmos: setting system clock to 2020-08-31 10:41:07 UTC (1598870467)
[    1.951018] BIOS EDD facility v0.16 2004-Jun-25, 0 devices found
[    1.954600] EDD information not available.
[    1.985934] Freeing unused kernel memory: 1492K
[    1.988903] Write protecting the kernel read-only data: 14336k
[    1.993150] Freeing unused kernel memory: 1592K
[    1.996295] Freeing unused kernel memory: 56K
Loading, please wait...
starting version 229
[    2.011357] random: systemd-udevd: uninitialized urandom read (16 bytes read, 5 bits of entropy available)
[    2.012288] random: udevadm: uninitialized urandom read (16 bytes read, 5 bits of entropy available)
[    2.012324] random: udevadm: uninitialized urandom read (16 bytes read, 5 bits of entropy available)
[    2.025968] random: udevadm: uninitialized urandom read (16 bytes read, 5 bits of entropy available)
[    2.026009] random: udevadm: uninitialized urandom read (16 bytes read, 5 bits of entropy available)
[    2.026454] random: udevadm: uninitialized urandom read (16 bytes read, 5 bits of entropy available)
[    2.026598] random: udevadm: uninitialized urandom read (16 bytes read, 5 bits of entropy available)
[    2.026685] random: udevadm: uninitialized urandom read (16 bytes read, 5 bits of entropy available)
[    2.026785] random: udevadm: uninitialized urandom read (16 bytes read, 5 bits of entropy available)
[    2.026866] random: udevadm: uninitialized urandom read (16 bytes read, 5 bits of entropy available)
[    2.103506] e1000: Intel(R) PRO/1000 Network Driver - version 7.3.21-k8-NAPI
[    2.108334] e1000: Copyright (c) 1999-2006 Intel Corporation.
[    2.115146] Fusion MPT base driver 3.04.20
[    2.117997] Copyright (c) 1999-2008 LSI Corporation
[    2.128148] Fusion MPT SPI Host driver 3.04.20
[    2.144899] AVX2 version of gcm_enc/dec engaged.
[    2.148649] AES CTR mode by8 optimization enabled
[    2.324929] input: ImExPS/2 Generic Explorer Mouse as /devices/platform/i8042/serio1/input/input4
[    2.511544] e1000 0000:00:03.0 eth0: (PCI:33MHz:32-bit) 02:d4:60:56:24:74
[    2.516010] e1000 0000:00:03.0 eth0: Intel(R) PRO/1000 Network Connection
[    2.521265] mptbase: ioc0: Initiating bringup
[    2.670932] ioc0: LSI53C1030 A0: Capabilities={Initiator}
[    5.632390] scsi host2: ioc0: LSI53C1030 A0, FwRev=00000000h, Ports=1, MaxQ=256, IRQ=20
[    8.614656] scsi 2:0:0:0: Direct-Access     VBOX     HARDDISK         1.0  PQ: 0 ANSI: 5
[    8.620228] scsi target2:0:0: Beginning Domain Validation
[    8.625902] scsi target2:0:0: Domain Validation skipping write tests
[    8.630142] scsi target2:0:0: Ending Domain Validation
[    8.633974] scsi target2:0:0: asynchronous
[    8.637823] scsi 2:0:1:0: Direct-Access     VBOX     HARDDISK         1.0  PQ: 0 ANSI: 5
[    8.643716] scsi target2:0:1: Beginning Domain Validation
[    8.650181] scsi target2:0:1: Domain Validation skipping write tests
[    8.654593] scsi target2:0:1: Ending Domain Validation
[    8.663562] scsi target2:0:1: asynchronous
[    8.711840] sd 2:0:0:0: Attached scsi generic sg0 type 0
[    8.725813] sd 2:0:0:0: [sda] 20971520 512-byte logical blocks: (10.7 GB/10.0 GiB)
[    8.732105] sd 2:0:0:0: [sda] Write Protect is off
[    8.736078] sd 2:0:1:0: Attached scsi generic sg1 type 0
[    8.739295] sd 2:0:1:0: [sdb] 20480 512-byte logical blocks: (10.5 MB/10.0 MiB)
[    8.744580] sd 2:0:0:0: [sda] Incomplete mode parameter data
[    8.750307] sd 2:0:0:0: [sda] Assuming drive cache: write through
[    8.750602] sd 2:0:1:0: [sdb] Write Protect is off
[    8.756297] sd 2:0:1:0: [sdb] Incomplete mode parameter data
[    8.756298] sd 2:0:1:0: [sdb] Assuming drive cache: write through
[    8.771103]  sda: sda1
[    8.774024] sd 2:0:0:0: [sda] Attached SCSI disk
[    8.778406] sd 2:0:1:0: [sdb] Attached SCSI disk
[    9.598768] e1000 0000:00:08.0 eth1: (PCI:33MHz:32-bit) 08:00:27:03:06:00
[    9.603246] e1000 0000:00:08.0 eth1: Intel(R) PRO/1000 Network Connection
[    9.608674] e1000 0000:00:03.0 enp0s3: renamed from eth0
[    9.630950] e1000 0000:00:08.0 enp0s8: renamed from eth1
Begin: Loading essential drivers ... [   11.856678] md: linear personality registered for level -1
[   11.862418] md: multipath personality registered for level -4
[   11.868208] md: raid0 personality registered for level 0
[   11.874516] md: raid1 personality registered for level 1
[   11.946583] raid6: sse2x1   gen() 12505 MB/s
[   12.014591] raid6: sse2x1   xor()  8409 MB/s
[   12.082673] raid6: sse2x2   gen() 14970 MB/s
[   12.150532] raid6: sse2x2   xor() 10792 MB/s
[   12.218582] raid6: sse2x4   gen() 17924 MB/s
[   12.286580] raid6: sse2x4   xor() 10803 MB/s
[   12.354632] raid6: avx2x1   gen() 21083 MB/s
[   12.422597] raid6: avx2x2   gen() 28587 MB/s
[   12.490581] raid6: avx2x4   gen() 30036 MB/s
[   12.493262] raid6: using algorithm avx2x4 gen() 30036 MB/s
[   12.496527] raid6: using avx2x2 recovery algorithm
[   12.501217] xor: automatically using best checksumming function:
[   12.549694]    avx       : 46992.000 MB/sec
[   12.553930] async_tx: api initialized (async)
[   12.566161] md: raid6 personality registered for level 6
[   12.569405] md: raid5 personality registered for level 5
[   12.572782] md: raid4 personality registered for level 4
[   12.582684] md: raid10 personality registered for level 10
done.
Begin: Running /scripts/init-premount ... done.
Begin: Mounting root file system ... Begin: Running /scripts/local-top ... done.
Begin: Running /scripts/local-premount ... [   12.612181] Btrfs loaded
Scanning for Btrfs filesystems
done.
Warning: fsck not present, so skipping root file system
[   12.691904] EXT4-fs (sda1): mounted filesystem with ordered data mode. Opts: (null)
done.
Begin: Running /scripts/local-bottom ... done.
Begin: Running /scripts/init-bottom ... done.
[   13.125302] systemd[1]: systemd 229 running in system mode. (+PAM +AUDIT +SELINUX +IMA +APPARMOR +SMACK +SYSVINIT +UTMP +LIBCRYPTSETUP +GCRYPT +GNUTLS +ACL +XZ -LZ4 +SECCOMP +BLKID +ELFUTILS +KMOD -IDN)
[   13.137510] systemd[1]: Detected virtualization oracle.
[   13.141021] systemd[1]: Detected architecture x86-64.

Welcome to [1mUbuntu 16.04.6 LTS[0m!

[   13.616506] systemd[1]: Set hostname to <ubuntu>.
[   13.636513] systemd[1]: Initializing machine ID from random generator.
[   13.640588] systemd[1]: Installed transient /etc/machine-id file.
[   15.156787] systemd[1]: Reached target Swap.
[[0;32m  OK  [0m] Reached target Swap.
[   15.166786] systemd[1]: Listening on Syslog Socket.
[[0;32m  OK  [0m] Listening on Syslog Socket.
[   15.178879] systemd[1]: Started Trigger resolvconf update for networkd DNS.
[[0;32m  OK  [0m] Started Trigger resolvconf update for networkd DNS.
[   15.190823] systemd[1]: Set up automount Arbitrary Executable File Formats File System Automount Point.
[[0;32m  OK  [0m] Set up automount Arbitrary Executab...ats File System Automount Point.
[   15.206754] systemd[1]: Started Forward Password Requests to Wall Directory Watch.
[[0;32m  OK  [0m] Started Forward Password Requests to Wall Directory Watch.
[   15.219046] systemd[1]: Listening on Journal Audit Socket.
[[0;32m  OK  [0m] Listening on Journal Audit Socket.
[   15.230896] systemd[1]: Listening on udev Kernel Socket.
[[0;32m  OK  [0m] Listening on udev Kernel Socket.
[   15.242682] systemd[1]: Reached target System Time Synchronized.
[[0;32m  OK  [0m] Reached target System Time Synchronized.
[   15.254746] systemd[1]: Listening on Journal Socket.
[[0;32m  OK  [0m] Listening on Journal Socket.
[   15.263431] systemd[1]: Created slice System Slice.
[[0;32m  OK  [0m] Created slice System Slice.
[   15.286724] systemd[1]: Starting Create list of required static device nodes for the current kernel...
[   15.288282] random: nonblocking pool is initialized
         Starting Create list of required st... nodes for the current kernel...
[   15.307288] systemd[1]: Mounting Huge Pages File System...
         Mounting Huge Pages File System...
[   15.319317] systemd[1]: Starting Set console keymap...
         Starting Set console keymap...
[   15.331521] systemd[1]: Mounting Debug File System...
         Mounting Debug File System...
[   15.366669] systemd[1]: Starting Load Kernel Modules...
         Starting Load Kernel Modules...
[   15.371490] systemd[1]: Starting Nameserver information manager...
         Starting Nameserver information manager...
[   15.378964] systemd[1]: Created slice system-serial\x2dgetty.slice.
[[0;32m  OK  [0m] Created slice system-serial\x2dgetty.slice.
[   15.391403] systemd[1]: Starting Remount Root and Kernel File Systems...
         Starting Remount Root and Kernel File Systems...
[   15.398119] systemd[1]: Mounting POSIX Message Queue File System...
         Mounting POSIX Message Queue File System...
[   15.404038] EXT4-fs (sda1): re-mounted. Opts: (null)
[   15.411800] Loading iSCSI transport class v2.0-870.
[   15.411913] systemd[1]: Starting Uncomplicated firewall...
         Starting Uncomplicated firewall...
[   15.426838] systemd[1]: Reached target Encrypted Volumes.
[[0;32m  OK  [0m] Reached target Encrypted Volumes.
[   15.435566] iscsi: registered transport (tcp)
[   15.442840] systemd[1]: Listening on Device-mapper event daemon FIFOs.
[[0;32m  OK  [0m] Listening on Device-mapper event daemon FIFOs.
[   15.459144] systemd[1]: Created slice User and Session Slice.
[[0;32m  OK  [0m] Created slice User and Session Slice.
[   15.474721] systemd[1]: Reached target Slices.
[[0;32m  OK  [0m] Reached target Slices.
[   15.486788] systemd[1]: Listening on LVM2 poll daemon socket.
[[0;32m  OK  [0m] Listening on LVM2 poll daemon socket.
[   15.492672] iscsi: registered transport (iser)
[   15.498937] systemd[1]: Listening on Journal Socket (/dev/log).
[[0;32m  OK  [0m] Listening on Journal Socket (/dev/log).
[   15.522738] systemd[1]: Starting Journal Service...
         Starting Journal Service...
[   15.533749] systemd[1]: Listening on /dev/initctl Compatibility Named Pipe.
[[0;32m  OK  [0m] Listening on /dev/initctl Compatibility Named Pipe.
[   15.546983] systemd[1]: Listening on udev Control Socket.
[[0;32m  OK  [0m] Listening on udev Control Socket.
[   15.562883] systemd[1]: Listening on LVM2 metadata daemon socket.
[[0;32m  OK  [0m] Listening on LVM2 metadata daemon socket.
[   15.590732] systemd[1]: Starting Monitoring of LVM2 mirrors, snapshots etc. using dmeventd or progress polling...
         Starting Monitoring of LVM2 mirrors... dmeventd or progress polling...
[   15.606749] systemd[1]: Reached target User and Group Name Lookups.
[[0;32m  OK  [0m] Reached target User and Group Name Lookups.
[   15.624336] systemd[1]: Mounted Debug File System.
[[0;32m  OK  [0m] Mounted Debug File System.
[   15.635035] systemd[1]: Mounted POSIX Message Queue File System.
[[0;32m  OK  [0m] Mounted POSIX Message Queue File System.
[   15.647043] systemd[1]: Mounted Huge Pages File System.
[[0;32m  OK  [0m] Mounted Huge Pages File System.
[   15.658793] systemd[1]: Started Journal Service.
[[0;32m  OK  [0m] Started Journal Service.
[[0;32m  OK  [0m] Started Create list of required sta...ce nodes for the current kernel.
[[0;32m  OK  [0m] Started Set console keymap.
[[0;32m  OK  [0m] Started Load Kernel Modules.
[[0;32m  OK  [0m] Started Remount Root and Kernel File Systems.
[[0;32m  OK  [0m] Started Uncomplicated firewall.
[[0;32m  OK  [0m] Started Nameserver information manager.
[[0;32m  OK  [0m] Started LVM2 metadata daemon.
         Starting Load/Save Random Seed...
         Starting udev Coldplug all Devices...
         Starting Apply Kernel Variables...
         Mounting FUSE Control File System...
         Starting Create Static Device Nodes in /dev...
         Starting Flush Journal to Persistent Storage...
[[0;32m  OK  [0m] Mounted FUSE Control File System.
[[0;32m  OK  [0m] Started Load/Save Random Seed.
[   15.790144] systemd-journald[404]: Received request to flush runtime journal from PID 1
[[0;32m  OK  [0m] Started Flush Journal to Persistent Storage.
[[0;32m  OK  [0m] Started Apply Kernel Variables.
[[0;32m  OK  [0m] Started udev Coldplug all Devices.
[[0;32m  OK  [0m] Started Create Static Device Nodes in /dev.
         Starting udev Kernel Device Manager...
[[0;32m  OK  [0m] Started udev Kernel Device Manager.
[[0;32m  OK  [0m] Started Dispatch Password Requests to Console Directory Watch.
[[0;32m  OK  [0m] Started Monitoring of LVM2 mirrors,...ng dmeventd or progress polling.
[[0;32m  OK  [0m] Found device /dev/ttyS0.
[[0;32m  OK  [0m] Reached target Local File Systems (Pre).
[[0;32m  OK  [0m] Reached target Local File Systems.
         Starting Initial cloud-init job (pre-networking)...
         Starting Set console font and keymap...
         Starting Tell Plymouth To Write Out Runtime Data...
         Starting Create Volatile Files and Directories...
         Starting LSB: AppArmor initialization...
         Starting Commit a transient machine-id on disk...
[[0;32m  OK  [0m] Started Tell Plymouth To Write Out Runtime Data.
[[0;32m  OK  [0m] Listening on Load/Save RF Kill Switch Status /dev/rfkill Watch.
[[0;32m  OK  [0m] Started Create Volatile Files and Directories.
[[0;32m  OK  [0m] Started Commit a transient machine-id on disk.
         Starting Update UTMP about System Boot/Shutdown...
[[0;32m  OK  [0m] Started Update UTMP about System Boot/Shutdown.
[[0;32m  OK  [0m] Started Set console font and keymap.
[[0;32m  OK  [0m] Created slice system-getty.slice.
[[0;32m  OK  [0m] Started LSB: AppArmor initialization.
         Starting Load AppArmor profiles managed internally by snapd...
[[0;32m  OK  [0m] Started Load AppArmor profiles managed internally by snapd.
[   17.812404] cloud-init[500]: Cloud-init v. 20.2-45-g5f7825e2-0ubuntu1~16.04.1 running 'init-local' at Mon, 31 Aug 2020 10:41:23 +0000. Up 17.46 seconds.
[[0;32m  OK  [0m] Started Initial cloud-init job (pre-networking).
[[0;32m  OK  [0m] Reached target Network (Pre).
         Starting Raise network interfaces...
[[0;32m  OK  [0m] Started Raise network interfaces.
[[0;32m  OK  [0m] Reached target Network.
         Starting Initial cloud-init job (metadata service crawler)...
[   19.030574] cloud-init[964]: Cloud-init v. 20.2-45-g5f7825e2-0ubuntu1~16.04.1 running 'init' at Mon, 31 Aug 2020 10:41:24 +0000. Up 18.36 seconds.
[   19.036642] cloud-init[964]: ci-info: ++++++++++++++++++++++++++++++++++++++Net device info+++++++++++++++++++++++++++++++++++++++
[   19.044396] cloud-init[964]: ci-info: +--------+-------+----------------------------+---------------+--------+-------------------+
[   19.052776] cloud-init[964]: ci-info: | Device |   Up  |          Address           |      Mask     | Scope  |     Hw-Address    |
[   19.060520] cloud-init[964]: ci-info: +--------+-------+----------------------------+---------------+--------+-------------------+
[   19.068449] cloud-init[964]: ci-info: | enp0s3 |  True |         10.0.2.15          | 255.255.255.0 | global | 02:d4:60:56:24:74 |
[[0;32m  OK  [0m] Started Initial cloud-init job (metadata service crawler).
[   19.080649] [cloud-init[0;32m  OK  [0m[964]: ] ci-info: | enp0s3 |  True | fe80::d4:60ff:fe56:2474/64 |       .       |  link  | 02:d4:60:56:24:74 |Reached target Network is Online.

[   19.089854] cloud-init[964]: ci-info: | enp0s8 | False |             .              |       .       |   .    | 08:00:27:03:06:00 |
[   19.096279] cloud-init[964]: ci-info: |   lo   |  True |         127.0.0.1          |   255.0.0.0   |  host  |         .         |
[   19.108273] cloud-init[964]: ci-info: |   lo   |  True |          ::1/128           |       .       |  host  |         .         |
[   19.120254] cloud-init[964]: ci-info: +--------+-------+----------------------------+---------------+--------+-------------------+
[   19.120414] cloud-init[964]: ci-info: +++++++++++++++++++++++++++Route IPv4 info++++++++++++++++++++++++++++
         Starting iSCSI initiator daemon (iscsid)...
[[   19.120498] cloud-init[964]: ci-info: +-------+-------------+----------+---------------+-----------+-------+
[0;32m  OK  [0m] Reached target Cloud-config availability.
[[   19.128573] cloud-init[964]: ci-info: | Route | Destination | Gateway  |    Genmask    | Interface | Flags |
[   19.136725] cloud-init[964]: ci-info: +-------+-------------+----------+---------------+-----------+-------+
[0;32m  OK  [0m] Reached target System Initialization.
[   19.136831] cloud-init[964]: ci-info: |   0   |   0.0.0.0   | 10.0.2.2 |    0.0.0.0    |   enp0s3  |   UG  |
[   19.152289] cloud-init[964]: ci-info: |   1   |   10.0.2.0  | 0.0.0.0  | 255.255.255.0 |   enp0s3  |   U   |
[   19.152469] cloud-init[964]: ci-info: +-------+-------------+----------+---------------+-----------+-------+
[[0;32m  OK  [0m] Started ACPI Events Check.
[[   19.152531] cloud-init[964]: ci-info: +++++++++++++++++++Route IPv6 info+++++++++++++++++++
[0;32m  OK  [0m] Reached target Paths.
[[   19.160551] cloud-init[964]: ci-info: +-------+-------------+---------+-----------+-------+
[0;32m  OK  [0m] Listening on ACPID Listen Socket.
[[   19.168772] [0;32m  OK  [0mcloud-init] [964]: Started Daily Cleanup of Temporary Directories.ci-info: | Route | Destination | Gateway | Interface | Flags |

[   19.188647] cloud-init[964]: ci-info: +-------+-------------+---------+-----------+-------+
[   19.188837] cloud-init[964]: ci-info: |   0   |  fe80::/64  |    ::   |   enp0s3  |   U   |
[[0;32m  OK  [0m] Started Message of the Day.
[[   19.188939] cloud-init[964]: ci-info: |   3   |   ff00::/8  |    ::   |   enp0s3  |   U   |
[0;32m  OK  [0m] Started Daily apt download activities.
[   19.196509] cloud-init[964]: ci-info: +-------+-------------+---------+-----------+-------+
[   19.204242] cloud-init[964]: Generating public/private rsa key pair.
[   19.204440] cloud-init[964]: Your identification has been saved in /etc/ssh/ssh_host_rsa_key.
[[0;32m  OK  [0m] Started Daily apt upgrade and clean activities.
[   19.204517] cloud-init[964]: Your public key has been saved in /etc/ssh/ssh_host_rsa_key.pub.
[   19.220324] cloud-init[964]: The key fingerprint is:
         Starting Socket activation for snappy daemon.
[[   19.220600] cloud-init[964]: SHA256:bOCjzYew0iK7ZPOxgNcoLhIECqdMdkYS7G+AY44eUnk root@ubuntu-xenial
[0;32m  OK  [0m] Reached target Timers.
[   19.228617] cloud-init[964]: The key's randomart image is:
[   19.244288] cloud-init[964]: +---[RSA 2048]----+
[   19.244476] cloud-init[964]: |.oo.             |
         Starting LXD - unix socket.
[[   19.244541] cloud-init[964]: |o+oo             |
[0;32m  OK  [0m] Listening on UUID daemon activation socket.
[[   19.252630] cloud-init[964]: |Xoo.  .          |
[0;32m  OK  [0m] Listening on D-Bus System Message Bus Socket.
[   19.260530] cloud-init[964]: |=*o E. o         |
[   19.276343] cloud-init[964]: |=oo.. o S        |
[   19.284522] cloud-init[964]: |=o * * +         |
[   19.292339] cloud-init[964]: |**B.= + .        |
[[0;32m  OK  [0m] Listening on Socket activation for snappy daemon.
[[0;32m  OK  [0m] Listening on LXD - unix socket.
[[0;32m  OK  [0m] Started iSCSI initiator daemon (iscsid).
[   19.302816] cloud-init[964]: |**+oo  .         |
[   19.332219] cloud-init[964]: |=o o             |
[   19.340306] cloud-init[964]: +----[SHA256]-----+
[   19.348320] cloud-init[964]: Generating public/private dsa key pair.
[   19.356265] cloud-init[964]: Your identification has been saved in /etc/ssh/ssh_host_dsa_key.
[   19.364224] cloud-init[964]: Your public key has been saved in /etc/ssh/ssh_host_dsa_key.pub.
[   19.372344] cloud-init[964]: The key fingerprint is:
         Starting Login to default iSCSI targets...
[[0;32m  OK  [0m] Reached target Sockets.
[[0;32m  OK  [0m] Reached target Basic System.
[   19.382851] cloud-init[964]: SHA256:6bSlTeypKqk9kBehP0yACGZefkEL+C3mE8Fkeu+tXV0 root@ubuntu-xenial
[   19.412278] cloud-init[964]: The key's randomart image is:
[   19.420563] cloud-init[964]: +---[DSA 1024]----+
[   19.428253] cloud-init[964]: |+++=.o           |
         Starting Login Service...
[   19.432981] cloud-init[964]: |*.*oo o          |
[   19.448694] cloud-init[964]: | o.=o+           |
[[0;32m  OK  [0m] Started Regular background program processing daemon.
[   19.459162] cloud-init[964]: |  o==.   o       |
[   19.465404] cloud-init[964]: |  o=oo  S +  E   |
[   19.473991]          cloud-initStarting Pollinate to seed the pseudo random number generator...[964]: 
|  oo* .o B...    |
[   19.476091] [cloud-init[0;32m  OK  [0m[964]: ] |   o.+ .+.+.     |Started D-Bus System Message Bus.

[   19.476970] cloud-init[964]: |   .+ o ..       |
[   19.492705] cloud-init[964]: |  ...+.o.        |
[   19.504609] cloud-init[964]: +----[SHA256]-----+
[   19.505431] cloud-init[964]: Generating public/private ecdsa key pair.
[   19.516368] cloud-init[964]: Your identification has been saved in /etc/ssh/ssh_host_ecdsa_key.
[   19.524289] cloud-init[964]: Your public key has been saved in /etc/ssh/ssh_host_ecdsa_key.pub.
[   19.532419] cloud-init[964]: The key fingerprint is:
[   19.540308] cloud-init[964]: SHA256:FthidMzMRg0QSl+qOxcWq+DqMxFJaA/lrmO1qK63DAw root@ubuntu-xenial
[   19.548668] cloud-init[964]: The key's randomart image is:
[   19.549688] cloud-init[964]: +---[ECDSA 256]---+
[   19.556376] cloud-init[964]: |. ... +O=o       |
[   19.564303] cloud-init[964]: |.+.. + ** .      |
[   19.572320] cloud-init[964]: |o +.. B.o        |
[   19.580395] cloud-init[964]: | o.. o + .       |
         Starting LSB: MD monitoring daemon...
[   19.590849] cloud-init[964]: |E oo. + S        |
[   19.604595]          cloud-initStarting System Logging Service...[964]: 
|oo+..+ o         |
[   19.612257]          cloud-initStarting Virtualbox guest utils...
[964]: |.*o.+ .          |
[   19.620567]          cloud-initStarting LSB: Record successful boot for GRUB...[964]: 
|o*o  o           |
[   19.628328]          cloud-initStarting Accounts Service...[964]: 
|B+=.             |
[   19.636487] cloud-init[964]: +----[SHA256]-----+
[   19.644309] cloud-init[964]: Generating public/private ed25519 key pair.
[   19.652450]          cloud-initStarting Snap Daemon...[964]: 
Your identification has been saved in /etc/ssh/ssh_host_ed25519_key.
[   19.660947] [[0;32m  OK  [0m] Started FUSE filesystem for LXC.
cloud-init[964]: Your public key has been saved in /etc/ssh/ssh_host_ed25519_key.pub.
         Starting LXD - container startup/shutdown...
[   19.663811] cloud-init[964]: The key fingerprint is:
[   19.667058] [cloud-init[0;32m  OK  [0m[964]: ] SHA256:0RMGjAdKsbpkO5hmC4NdjFhucZztsDDOdxaCjFvH6kE root@ubuntu-xenialStarted Deferred execution scheduler.

[   19.667309] cloud-init[964]: The key's randomart image is:
[   19.685645] [cloud-init[0;32m  OK  [0m[964]: ] +--[ED25519 256]--+Started ACPI event daemon.

[   19.687579] cloud-init[964]: |    o..+..o      |
[   19.694017] cloud-init[964]: | o = =. oo .     |
[   19.696197] cloud-init[964]: |. E @ o.. o      |
[   19.696408] cloud-init[964]: | X @ = . . .     |
         Starting /etc/rc.local Compatibility...
[[   19.696502] cloud-init[964]: |o % = + S        |
[0;32m  OK  [0m] Started System Logging Service.
[   19.704706] cloud-init[964]: |.O * o           |
[[0;32m  OK  [0m] Started /etc/rc.local Compatibility.
[   19.720400] cloud-init[964]: |*o*              |
[   19.728461] cloud-init[964]: |+...             |
[   19.730085] cloud-init[964]: | .               |
[   19.731483] cloud-init[964]: +----[SHA256]-----+
[[0;32m  OK  [0m] Started Login Service.
[[0;32m  OK  [0m] Started Unattended Upgrades Shutdown.
[[0;32m  OK  [0m] Started LSB: MD monitoring daemon.
[[0;32m  OK  [0m] Started LSB: Record successful boot for GRUB.
[[0;32m  OK  [0m] Started Login to default iSCSI targets.
[[0;32m  OK  [0m] Reached target Remote File Systems (Pre).
[[0;32m  OK  [0m] Reached target Remote File Systems.
         Starting Permit User Sessions...
         Starting LSB: automatic crash report generation...
         Starting LSB: daemon to balance interrupts for SMP systems...
         Starting LSB: Set the CPU Frequency Scaling governor to "ondemand"...
[[0;32m  OK  [0m] Started Permit User Sessions.
         Starting Hold until boot process finishes up...
         Starting Terminate Plymouth Boot Screen...
[[0;32m  OK  [0m] Started Hold until boot process finishes up.
[[0;32m  OK  [0m] Started Terminate Plymouth Boot Screen.
         Starting Set console scheme...
[[0;32m  OK  [0m] Started Serial Getty on ttyS0.
[[0;32m  OK  [0m] Started Getty on tty1.
[[0;32m  OK  [0m] Reached target Login Prompts.
[[0;32m  OK  [0m] Started LSB: Set the CPU Frequency Scaling governor to "ondemand".
[[0;32m  OK  [0m] Started LSB: automatic crash report generation.
[[0;32m  OK  [0m] Started Set console scheme.
         Starting Authenticate and Authorize Users to Run Privileged Tasks...
[[0;32m  OK  [0m] Started LSB: daemon to balance interrupts for SMP systems.
[[0;32m  OK  [0m] Started Virtualbox guest utils.
[[0;32m  OK  [0m] Started Authenticate and Authorize Users to Run Privileged Tasks.
[[0;32m  OK  [0m] Started Accounts Service.
[[0;32m  OK  [0m] Started LXD - container startup/shutdown.
[[0;32m  OK  [0m] Started Snap Daemon.
         Starting Wait until snapd is fully seeded...
[[0;32m  OK  [0m] Started Pollinate to seed the pseudo random number generator.
         Starting OpenBSD Secure Shell server...
[[0;32m  OK  [0m] Started OpenBSD Secure Shell server.
[[0;32m  OK  [0m] Created slice User Slice of vagrant.
         Starting User Manager for UID 1000...
[[0;32m  OK  [0m] Started Session 1 of user vagrant.
[[0;32m  OK  [0m] Started User Manager for UID 1000.

Ubuntu 16.04.6 LTS ubuntu-xenial ttyS0

ubuntu-xenial login: [   26.462615] cloud-init[1454]: Generating locales (this might take a while)...
[   27.431033] cloud-init[1454]:   en_US.UTF-8... done
[   27.431424] cloud-init[1454]: Generation complete.
[   27.864776] cloud-init[1454]: Cloud-init v. 20.2-45-g5f7825e2-0ubuntu1~16.04.1 running 'modules:config' at Mon, 31 Aug 2020 10:41:32 +0000. Up 26.31 seconds.
ci-info: no authorized SSH keys fingerprints found for user ubuntu.
<14>Aug 31 10:41:34 ec2: 
<14>Aug 31 10:41:34 ec2: #############################################################
<14>Aug 31 10:41:34 ec2: -----BEGIN SSH HOST KEY FINGERPRINTS-----
<14>Aug 31 10:41:34 ec2: 1024 SHA256:6bSlTeypKqk9kBehP0yACGZefkEL+C3mE8Fkeu+tXV0 root@ubuntu-xenial (DSA)
<14>Aug 31 10:41:34 ec2: 256 SHA256:FthidMzMRg0QSl+qOxcWq+DqMxFJaA/lrmO1qK63DAw root@ubuntu-xenial (ECDSA)
<14>Aug 31 10:41:34 ec2: 256 SHA256:0RMGjAdKsbpkO5hmC4NdjFhucZztsDDOdxaCjFvH6kE root@ubuntu-xenial (ED25519)
<14>Aug 31 10:41:34 ec2: 2048 SHA256:bOCjzYew0iK7ZPOxgNcoLhIECqdMdkYS7G+AY44eUnk root@ubuntu-xenial (RSA)
<14>Aug 31 10:41:34 ec2: -----END SSH HOST KEY FINGERPRINTS-----
<14>Aug 31 10:41:34 ec2: #############################################################
-----BEGIN SSH HOST KEY KEYS-----
ecdsa-sha2-nistp256 AAAAE2VjZHNhLXNoYTItbmlzdHAyNTYAAAAIbmlzdHAyNTYAAABBBIXF/EeD0sf6umvFgYrbSBM6TsozRlXH0KzV5A/6pDX0IbUM8c0gcVqKZvSUJys5f/+tr+PWWBNTBtyTXVSyt18= root@ubuntu-xenial
ssh-ed25519 AAAAC3NzaC1lZDI1NTE5AAAAIBmjJfTXmPF+8pGJKa3rJ0ybvd8hKNvy3ilzHvhBeIHI root@ubuntu-xenial
ssh-rsa AAAAB3NzaC1yc2EAAAADAQABAAABAQDYMhpz4WVrzT5Itm0krGW32m1tahDsCb6BKGyc5Mo7kix9n9CM7xt2rRReHclyvotKK3awwZrtJniu/oHWVhCcTW8eRhrBYI8o5rYWEHWOMQ+Avookk10A1TqNmzqzW5HoCj9B7oylXXWTMx1e3yZKEdAZkequ8nhYENQZBKuUinwAOPAlQkNe86WqGXEmfInYesAQM3pFWqAqugitgz1c2iSbSuuSA65fUvohQ8vymMeRlz9d8buuPeAK8SlRyEAkewBb6rrYVYKLUz6SInXKuFsRiXbWvzI4fjHmtguHqdQYA4IMT5zQdFPxMst15/yhCFp4Woup5Ousn/FmfU4n root@ubuntu-xenial
-----END SSH HOST KEY KEYS-----
[   28.321802] cloud-init[1648]: Cloud-init v. 20.2-45-g5f7825e2-0ubuntu1~16.04.1 running 'modules:final' at Mon, 31 Aug 2020 10:41:34 +0000. Up 28.15 seconds.
[   28.322810] cloud-init[1648]: ci-info: no authorized SSH keys fingerprints found for user ubuntu.
[   28.323510] cloud-init[1648]: Cloud-init v. 20.2-45-g5f7825e2-0ubuntu1~16.04.1 finished at Mon, 31 Aug 2020 10:41:34 +0000. Datasource DataSourceNoCloud [seed=/dev/sdb][dsmode=net].  Up 28.31 seconds
