[    0.000000] Initializing cgroup subsys cpuset
[    0.000000] Initializing cgroup subsys cpu
[    0.000000] Initializing cgroup subsys cpuacct
[    0.000000] Linux version 4.4.0-186-generic (buildd@lcy01-amd64-002) (gcc version 5.4.0 20160609 (Ubuntu 5.4.0-6ubuntu1~16.04.12) ) #216-Ubuntu SMP Wed Jul 1 05:34:05 UTC 2020 (Ubuntu 4.4.0-186.216-generic 4.4.228)
[    0.000000] Command line: BOOT_IMAGE=/boot/vmlinuz-4.4.0-186-generic root=LABEL=cloudimg-rootfs ro console=tty1 console=ttyS0
[    0.000000] KERNEL supported cpus:
[    0.000000]   Intel GenuineIntel
[    0.000000]   AMD AuthenticAMD
[    0.000000]   Centaur CentaurHauls
[    0.000000] x86/fpu: xstate_offset[2]:  576, xstate_sizes[2]:  256
[    0.000000] x86/fpu: Supporting XSAVE feature 0x01: 'x87 floating point registers'
[    0.000000] x86/fpu: Supporting XSAVE feature 0x02: 'SSE registers'
[    0.000000] x86/fpu: Supporting XSAVE feature 0x04: 'AVX registers'
[    0.000000] x86/fpu: Enabled xstate features 0x7, context size is 832 bytes, using 'standard' format.
[    0.000000] e820: BIOS-provided physical RAM map:
[    0.000000] BIOS-e820: [mem 0x0000000000000000-0x000000000009fbff] usable
[    0.000000] BIOS-e820: [mem 0x000000000009fc00-0x000000000009ffff] reserved
[    0.000000] BIOS-e820: [mem 0x00000000000f0000-0x00000000000fffff] reserved
[    0.000000] BIOS-e820: [mem 0x0000000000100000-0x000000003ffeffff] usable
[    0.000000] BIOS-e820: [mem 0x000000003fff0000-0x000000003fffffff] ACPI data
[    0.000000] BIOS-e820: [mem 0x00000000fec00000-0x00000000fec00fff] reserved
[    0.000000] BIOS-e820: [mem 0x00000000fee00000-0x00000000fee00fff] reserved
[    0.000000] BIOS-e820: [mem 0x00000000fffc0000-0x00000000ffffffff] reserved
[    0.000000] NX (Execute Disable) protection: active
[    0.000000] SMBIOS 2.5 present.
[    0.000000] Hypervisor detected: KVM
[    0.000000] e820: last_pfn = 0x3fff0 max_arch_pfn = 0x400000000
[    0.000000] MTRR: Disabled
[    0.000000] x86/PAT: MTRRs disabled, skipping PAT initialization too.
[    0.000000] CPU MTRRs all blank - virtualized system.
[    0.000000] x86/PAT: Configuration [0-7]: WB  WT  UC- UC  WB  WT  UC- UC  
[    0.000000] found SMP MP-table at [mem 0x0009fff0-0x0009ffff] mapped at [ffff88000009fff0]
[    0.000000] Scanning 1 areas for low memory corruption
[    0.000000] RAMDISK: [mem 0x362e2000-0x37168fff]
[    0.000000] ACPI: Early table checksum verification disabled
[    0.000000] ACPI: RSDP 0x00000000000E0000 000024 (v02 VBOX  )
[    0.000000] ACPI: XSDT 0x000000003FFF0030 00003C (v01 VBOX   VBOXXSDT 00000001 ASL  00000061)
[    0.000000] ACPI: FACP 0x000000003FFF00F0 0000F4 (v04 VBOX   VBOXFACP 00000001 ASL  00000061)
[    0.000000] ACPI: DSDT 0x000000003FFF0470 002325 (v02 VBOX   VBOXBIOS 00000002 INTL 20100528)
[    0.000000] ACPI: FACS 0x000000003FFF0200 000040
[    0.000000] ACPI: FACS 0x000000003FFF0200 000040
[    0.000000] ACPI: APIC 0x000000003FFF0240 00005C (v02 VBOX   VBOXAPIC 00000001 ASL  00000061)
[    0.000000] ACPI: SSDT 0x000000003FFF02A0 0001CC (v01 VBOX   VBOXCPUT 00000002 INTL 20100528)
[    0.000000] No NUMA configuration found
[    0.000000] Faking a node at [mem 0x0000000000000000-0x000000003ffeffff]
[    0.000000] NODE_DATA(0) allocated [mem 0x3ffeb000-0x3ffeffff]
[    0.000000] kvm-clock: Using msrs 4b564d01 and 4b564d00
[    0.000000] kvm-clock: cpu 0, msr 0:3ffe3001, primary cpu clock
[    0.000000] kvm-clock: using sched offset of 5282302661 cycles
[    0.000000] clocksource: kvm-clock: mask: 0xffffffffffffffff max_cycles: 0x1cd42e4dffb, max_idle_ns: 881590591483 ns
[    0.000000] Zone ranges:
[    0.000000]   DMA      [mem 0x0000000000001000-0x0000000000ffffff]
[    0.000000]   DMA32    [mem 0x0000000001000000-0x000000003ffeffff]
[    0.000000]   Normal   empty
[    0.000000]   Device   empty
[    0.000000] Movable zone start for each node
[    0.000000] Early memory node ranges
[    0.000000]   node   0: [mem 0x0000000000001000-0x000000000009efff]
[    0.000000]   node   0: [mem 0x0000000000100000-0x000000003ffeffff]
[    0.000000] Initmem setup node 0 [mem 0x0000000000001000-0x000000003ffeffff]
[    0.000000] ACPI: PM-Timer IO Port: 0x4008
[    0.000000] IOAPIC[0]: apic_id 2, version 32, address 0xfec00000, GSI 0-23
[    0.000000] ACPI: INT_SRC_OVR (bus 0 bus_irq 0 global_irq 2 dfl dfl)
[    0.000000] ACPI: INT_SRC_OVR (bus 0 bus_irq 9 global_irq 9 low level)
[    0.000000] Using ACPI (MADT) for SMP configuration information
[    0.000000] smpboot: Allowing 2 CPUs, 0 hotplug CPUs
[    0.000000] PM: Registered nosave memory: [mem 0x00000000-0x00000fff]
[    0.000000] PM: Registered nosave memory: [mem 0x0009f000-0x0009ffff]
[    0.000000] PM: Registered nosave memory: [mem 0x000a0000-0x000effff]
[    0.000000] PM: Registered nosave memory: [mem 0x000f0000-0x000fffff]
[    0.000000] e820: [mem 0x40000000-0xfebfffff] available for PCI devices
[    0.000000] Booting paravirtualized kernel on KVM
[    0.000000] clocksource: refined-jiffies: mask: 0xffffffff max_cycles: 0xffffffff, max_idle_ns: 7645519600211568 ns
[    0.000000] setup_percpu: NR_CPUS:512 nr_cpumask_bits:512 nr_cpu_ids:2 nr_node_ids:1
[    0.000000] PERCPU: Embedded 33 pages/cpu @ffff88003fc00000 s95512 r8192 d31464 u1048576
[    0.000000] Built 1 zonelists in Node order, mobility grouping on.  Total pages: 257912
[    0.000000] Policy zone: DMA32
[    0.000000] Kernel command line: BOOT_IMAGE=/boot/vmlinuz-4.4.0-186-generic root=LABEL=cloudimg-rootfs ro console=tty1 console=ttyS0
[    0.000000] PID hash table entries: 4096 (order: 3, 32768 bytes)
[    0.000000] Memory: 997668K/1048120K available (8636K kernel code, 1337K rwdata, 4040K rodata, 1492K init, 1296K bss, 50452K reserved, 0K cma-reserved)
[    0.000000] SLUB: HWalign=64, Order=0-3, MinObjects=0, CPUs=2, Nodes=1
[    0.000000] Kernel/User page tables isolation: enabled
[    0.000000] Hierarchical RCU implementation.
[    0.000000] 	Build-time adjustment of leaf fanout to 64.
[    0.000000] 	RCU restricting CPUs from NR_CPUS=512 to nr_cpu_ids=2.
[    0.000000] RCU: Adjusting geometry for rcu_fanout_leaf=64, nr_cpu_ids=2
[    0.000000] NR_IRQS:33024 nr_irqs:440 16
[    0.000000] Console: colour VGA+ 80x25
[    0.000000] console [tty1] enabled
[    0.000000] console [ttyS0] enabled
[    0.000000] tsc: Detected 3408.000 MHz processor
[    0.461374] Calibrating delay loop (skipped) preset value.. 6816.00 BogoMIPS (lpj=13632000)
[    0.470836] pid_max: default: 32768 minimum: 301
[    0.474895] ACPI: Core revision 20150930
[    0.479715] ACPI: 2 ACPI AML tables successfully acquired and loaded
[    0.491052] Security Framework initialized
[    0.494777] Yama: becoming mindful.
[    0.500664] AppArmor: AppArmor initialized
[    0.505299] Dentry cache hash table entries: 131072 (order: 8, 1048576 bytes)
[    0.516137] Inode-cache hash table entries: 65536 (order: 7, 524288 bytes)
[    0.521972] Mount-cache hash table entries: 2048 (order: 2, 16384 bytes)
[    0.528887] Mountpoint-cache hash table entries: 2048 (order: 2, 16384 bytes)
[    0.539312] Initializing cgroup subsys io
[    0.542859] Initializing cgroup subsys memory
[    0.552391] Initializing cgroup subsys devices
[    0.556886] Initializing cgroup subsys freezer
[    0.560834] Initializing cgroup subsys net_cls
[    0.566547] Initializing cgroup subsys perf_event
[    0.570618] Initializing cgroup subsys net_prio
[    0.574804] Initializing cgroup subsys hugetlb
[    0.578780] Initializing cgroup subsys pids
[    0.586695] mce: CPU supports 0 MCE banks
[    0.591078] Last level iTLB entries: 4KB 128, 2MB 8, 4MB 8
[    0.596998] Last level dTLB entries: 4KB 64, 2MB 0, 4MB 0, 1GB 4
[    0.602763] Spectre V1 : Mitigation: usercopy/swapgs barriers and __user pointer sanitization
[    0.611177] Spectre V2 : Mitigation: Full generic retpoline
[    0.615189] Spectre V2 : Spectre v2 / SpectreRSB mitigation: Filling RSB on context switch
[    0.620356] Speculative Store Bypass: Vulnerable
[    0.623921] SRBDS: Unknown: Dependent on hypervisor status
[    0.627364] MDS: Mitigation: Clear CPU buffers
[    0.632582] Freeing SMP alternatives memory: 36K
[    0.646292] ftrace: allocating 32334 entries in 127 pages
[    0.748654] smpboot: APIC(0) Converting physical 0 to logical package 0
[    0.766250] smpboot: Max logical packages: 1
[    0.769295] x2apic enabled
[    0.771985] Switched APIC routing to physical x2apic.
[    0.776961] ..TIMER: vector=0x30 apic1=0 pin1=2 apic2=-1 pin2=-1
[    0.892291] smpboot: CPU0: Intel(R) Core(TM) i5-7500 CPU @ 3.40GHz (family: 0x6, model: 0x9e, stepping: 0x9)
[    0.899716] Performance Events: unsupported p6 CPU model 158 no PMU driver, software events only.
[    0.922226] KVM setup paravirtual spinlock
[    0.925307] x86: Booting SMP configuration:
[    0.927797] .... node  #0, CPUs:      #1
[    0.930880] kvm-clock: cpu 1, msr 0:3ffe3041, secondary cpu clock
[    0.936229] mce: CPU supports 0 MCE banks
[    0.940867] x86: Booted up 1 node, 2 CPUs
[    0.944026] smpboot: Total of 2 processors activated (13632.00 BogoMIPS)
[    0.949790] devtmpfs: initialized
[    0.953901] evm: security.selinux
[    0.955823] evm: security.SMACK64
[    0.957743] evm: security.SMACK64EXEC
[    0.960486] evm: security.SMACK64TRANSMUTE
[    0.965951] evm: security.SMACK64MMAP
[    0.969513] evm: security.ima
[    0.972003] evm: security.capability
[    0.975039] clocksource: jiffies: mask: 0xffffffff max_cycles: 0xffffffff, max_idle_ns: 7645041785100000 ns
[    0.982296] futex hash table entries: 512 (order: 3, 32768 bytes)
[    0.986733] pinctrl core: initialized pinctrl subsystem
[    0.990676] RTC time: 10:02:30, date: 08/31/20
[    0.994233] NET: Registered protocol family 16
[    1.007578] cpuidle: using governor ladder
[    1.019809] cpuidle: using governor menu
[    1.022648] PCCT header not found.
[    1.025257] ACPI: bus type PCI registered
[    1.027968] acpiphp: ACPI Hot Plug PCI Controller Driver version: 0.5
[    1.033254] PCI: Using configuration type 1 for base access
[    1.048499] ACPI: Added _OSI(Module Device)
[    1.051137] ACPI: Added _OSI(Processor Device)
[    1.053908] ACPI: Added _OSI(3.0 _SCP Extensions)
[    1.056689] ACPI: Added _OSI(Processor Aggregator Device)
[    1.061330] ACPI: Executed 1 blocks of module-level executable AML code
[    1.068567] ACPI: Interpreter enabled
[    1.070904] ACPI: (supports S0 S5)
[    1.073210] ACPI: Using IOAPIC for interrupt routing
[    1.076526] PCI: Using host bridge windows from ACPI; if necessary, use "pci=nocrs" and report a bug
[    1.087170] ACPI: PCI Root Bridge [PCI0] (domain 0000 [bus 00-ff])
[    1.091282] acpi PNP0A03:00: _OSC: OS supports [ASPM ClockPM Segments MSI]
[    1.095691] acpi PNP0A03:00: _OSC: not requesting OS control; OS requires [ExtendedConfig ASPM ClockPM MSI]
[    1.101368] acpi PNP0A03:00: fail to add MMCONFIG information, can't access extended PCI configuration space under this bridge.
[    1.108699] PCI host bridge to bus 0000:00
[    1.111197] pci_bus 0000:00: root bus resource [io  0x0000-0x0cf7 window]
[    1.117705] pci_bus 0000:00: root bus resource [io  0x0d00-0xffff window]
[    1.122069] pci_bus 0000:00: root bus resource [mem 0x000a0000-0x000bffff window]
[    1.126446] pci_bus 0000:00: root bus resource [mem 0x40000000-0xfdffffff window]
[    1.131004] pci_bus 0000:00: root bus resource [bus 00-ff]
[    1.137347] pci 0000:00:01.1: legacy IDE quirk: reg 0x10: [io  0x01f0-0x01f7]
[    1.141592] pci 0000:00:01.1: legacy IDE quirk: reg 0x14: [io  0x03f6]
[    1.146142] pci 0000:00:01.1: legacy IDE quirk: reg 0x18: [io  0x0170-0x0177]
[    1.164308] pci 0000:00:01.1: legacy IDE quirk: reg 0x1c: [io  0x0376]
[    1.196523] pci 0000:00:07.0: quirk: [io  0x4000-0x403f] claimed by PIIX4 ACPI
[    1.203849] pci 0000:00:07.0: quirk: [io  0x4100-0x410f] claimed by PIIX4 SMB
[    1.227958] ACPI: PCI Interrupt Link [LNKA] (IRQs 5 9 10 *11)
[    1.236473] ACPI: PCI Interrupt Link [LNKB] (IRQs 5 9 *10 11)
[    1.245533] ACPI: PCI Interrupt Link [LNKC] (IRQs 5 *9 10 11)
[    1.255907] ACPI: PCI Interrupt Link [LNKD] (IRQs 5 9 10 *11)
[    1.262900] ACPI: Enabled 2 GPEs in block 00 to 07
[    1.268563] vgaarb: setting as boot device: PCI:0000:00:02.0
[    1.274231] vgaarb: device added: PCI:0000:00:02.0,decodes=io+mem,owns=io+mem,locks=none
[    1.282126] vgaarb: loaded
[    1.285305] vgaarb: bridge control possible 0000:00:02.0
[    1.291701] SCSI subsystem initialized
[    1.296651] ACPI: bus type USB registered
[    1.300850] usbcore: registered new interface driver usbfs
[    1.306299] usbcore: registered new interface driver hub
[    1.311711] usbcore: registered new device driver usb
[    1.317637] PCI: Using ACPI for IRQ routing
[    1.324015] NetLabel: Initializing
[    1.327451] NetLabel:  domain hash size = 128
[    1.331853] NetLabel:  protocols = UNLABELED CIPSOv4
[    1.336888] NetLabel:  unlabeled traffic allowed by default
[    1.342621] amd_nb: Cannot enumerate AMD northbridges
[    1.347632] clocksource: Switched to clocksource kvm-clock
[    1.365669] AppArmor: AppArmor Filesystem Enabled
[    1.369829] pnp: PnP ACPI init
[    1.373409] pnp: PnP ACPI: found 3 devices
[    1.392022] clocksource: acpi_pm: mask: 0xffffff max_cycles: 0xffffff, max_idle_ns: 2085701024 ns
[    1.400875] NET: Registered protocol family 2
[    1.403805] TCP established hash table entries: 8192 (order: 4, 65536 bytes)
[    1.408372] TCP bind hash table entries: 8192 (order: 5, 131072 bytes)
[    1.413276] TCP: Hash tables configured (established 8192 bind 8192)
[    1.417727] UDP hash table entries: 512 (order: 2, 16384 bytes)
[    1.421651] UDP-Lite hash table entries: 512 (order: 2, 16384 bytes)
[    1.426090] NET: Registered protocol family 1
[    1.428998] pci 0000:00:00.0: Limiting direct PCI/PCI transfers
[    1.435963] pci 0000:00:01.0: Activating ISA DMA hang workarounds
[    1.440391] Unpacking initramfs...
[    1.688813] Freeing initrd memory: 14876K
[    1.691570] clocksource: tsc: mask: 0xffffffffffffffff max_cycles: 0x311fd3cd494, max_idle_ns: 440795223879 ns
[    1.697438] platform rtc_cmos: registered platform RTC device (no PNP device found)
[    1.702236] Scanning for low memory corruption every 60 seconds
[    1.706229] audit: initializing netlink subsys (disabled)
[    1.709389] audit: type=2000 audit(1598868157.596:1): initialized
[    1.713253] Initialise system trusted keyring
[    1.717725] HugeTLB registered 2 MB page size, pre-allocated 0 pages
[    1.722837] zbud: loaded
[    1.725171] VFS: Disk quotas dquot_6.6.0
[    1.727571] VFS: Dquot-cache hash table entries: 512 (order 0, 4096 bytes)
[    1.731859] squashfs: version 4.0 (2009/01/31) Phillip Lougher
[    1.736990] fuse init (API version 7.23)
[    1.740237] Key type big_key registered
[    1.742753] Allocating IMA MOK and blacklist keyrings.
[    1.755458] Key type asymmetric registered
[    1.759968] Asymmetric key parser 'x509' registered
[    1.766845] Block layer SCSI generic (bsg) driver version 0.4 loaded (major 249)
[    1.774329] io scheduler noop registered
[    1.779984] io scheduler deadline registered (default)
[    1.787239] io scheduler cfq registered
[    1.790345] pci_hotplug: PCI Hot Plug PCI Core version: 0.5
[    1.795222] pciehp: PCI Express Hot Plug Controller Driver version: 0.4
[    1.802609] ACPI: AC Adapter [AC] (on-line)
[    1.807694] input: Power Button as /devices/LNXSYSTM:00/LNXPWRBN:00/input/input0
[    1.812789] ACPI: Power Button [PWRF]
[    1.815747] input: Sleep Button as /devices/LNXSYSTM:00/LNXSLPBN:00/input/input1
[    1.820302] ACPI: Sleep Button [SLPF]
[    1.823104] GHES: HEST is not enabled!
[    1.825627] Serial: 8250/16550 driver, 32 ports, IRQ sharing enabled
[    1.850220] 00:02: ttyS0 at I/O 0x3f8 (irq = 4, base_baud = 115200) is a 16550A
[    1.856308] Linux agpgart interface v0.103
[    1.860509] loop: module loaded
[    1.872978] scsi host0: ata_piix
[    1.875466] scsi host1: ata_piix
[    1.877480] ata1: PATA max UDMA/33 cmd 0x1f0 ctl 0x3f6 bmdma 0xd000 irq 14
[    1.881400] ata2: PATA max UDMA/33 cmd 0x170 ctl 0x376 bmdma 0xd008 irq 15
[    1.885428] libphy: Fixed MDIO Bus: probed
[    1.891349] tun: Universal TUN/TAP device driver, 1.6
[    1.899735] tun: (C) 1999-2004 Max Krasnyansky <maxk@qualcomm.com>
[    1.904357] PPP generic driver version 2.4.2
[    1.907264] ehci_hcd: USB 2.0 'Enhanced' Host Controller (EHCI) Driver
[    1.911440] ehci-pci: EHCI PCI platform driver
[    1.915213] ehci-platform: EHCI generic platform driver
[    1.918404] ohci_hcd: USB 1.1 'Open' Host Controller (OHCI) Driver
[    1.922074] ohci-pci: OHCI PCI platform driver
[    1.924868] ohci-platform: OHCI generic platform driver
[    1.929234] uhci_hcd: USB Universal Host Controller Interface driver
[    1.935172] i8042: PNP: PS/2 Controller [PNP0303:PS2K,PNP0f03:PS2M] at 0x60,0x64 irq 1,12
[    1.943371] serio: i8042 KBD port at 0x60,0x64 irq 1
[    1.947352] serio: i8042 AUX port at 0x60,0x64 irq 12
[    1.951453] mousedev: PS/2 mouse device common for all mice
[    1.956880] input: AT Translated Set 2 keyboard as /devices/platform/i8042/serio0/input/input2
[    1.963879] rtc_cmos rtc_cmos: rtc core: registered rtc_cmos as rtc0
[    1.968459] rtc_cmos rtc_cmos: alarms up to one day, 114 bytes nvram
[    1.973558] i2c /dev entries driver
[    1.976885] device-mapper: uevent: version 1.0.3
[    1.980220] device-mapper: ioctl: 4.34.0-ioctl (2015-10-28) initialised: dm-devel@redhat.com
[    1.986901] ledtrig-cpu: registered to indicate activity on CPUs
[    1.992163] NET: Registered protocol family 10
[    1.995711] NET: Registered protocol family 17
[    1.998994] Key type dns_resolver registered
[    2.002069] registered taskstats version 1
[    2.005020] Loading compiled-in X.509 certificates
[    2.008661] Loaded X.509 cert 'Build time autogenerated kernel key: cef5e81496c0efa51b848ab539e845ddf31c08be'
[    2.015243] zswap: loaded using pool lzo/zbud
[    2.021071] Key type trusted registered
[    2.027515] Key type encrypted registered
[    2.030200] AppArmor: AppArmor sha1 policy hashing enabled
[    2.034077] ima: No TPM chip found, activating TPM-bypass!
[    2.037628] ima: Allocated hash algorithm: sha1
[    2.040599] evm: HMAC attrs: 0x1
[    2.043597]   Magic number: 0:364:23
[    2.055421] rtc_cmos rtc_cmos: setting system clock to 2020-08-31 10:02:31 UTC (1598868151)
[    2.068002] BIOS EDD facility v0.16 2004-Jun-25, 0 devices found
[    2.072244] EDD information not available.
[    2.077152] Freeing unused kernel memory: 1492K
[    2.080274] Write protecting the kernel read-only data: 14336k
[    2.084640] Freeing unused kernel memory: 1592K
[    2.088251] Freeing unused kernel memory: 56K
Loading, please wait...
starting version 229
[    2.107416] random: systemd-udevd: uninitialized urandom read (16 bytes read, 5 bits of entropy available)
[    2.108576] random: udevadm: uninitialized urandom read (16 bytes read, 5 bits of entropy available)
[    2.108595] random: udevadm: uninitialized urandom read (16 bytes read, 5 bits of entropy available)
[    2.120553] random: udevadm: uninitialized urandom read (16 bytes read, 5 bits of entropy available)
[    2.120612] random: udevadm: uninitialized urandom read (16 bytes read, 5 bits of entropy available)
[    2.120826] random: udevadm: uninitialized urandom read (16 bytes read, 5 bits of entropy available)
[    2.120908] random: udevadm: uninitialized urandom read (16 bytes read, 5 bits of entropy available)
[    2.120973] random: udevadm: uninitialized urandom read (16 bytes read, 5 bits of entropy available)
[    2.121055] random: udevadm: uninitialized urandom read (16 bytes read, 5 bits of entropy available)
[    2.121134] random: udevadm: uninitialized urandom read (16 bytes read, 5 bits of entropy available)
[    2.194850] e1000: Intel(R) PRO/1000 Network Driver - version 7.3.21-k8-NAPI
[    2.201140] e1000: Copyright (c) 1999-2006 Intel Corporation.
[    2.223966] Fusion MPT base driver 3.04.20
[    2.226523] Copyright (c) 1999-2008 LSI Corporation
[    2.247779] AVX2 version of gcm_enc/dec engaged.
[    2.250730] AES CTR mode by8 optimization enabled
[    2.256120] Fusion MPT SPI Host driver 3.04.20
[    2.445153] input: ImExPS/2 Generic Explorer Mouse as /devices/platform/i8042/serio1/input/input4
[    2.681055] e1000 0000:00:03.0 eth0: (PCI:33MHz:32-bit) 02:d4:60:56:24:74
[    2.685184] e1000 0000:00:03.0 eth0: Intel(R) PRO/1000 Network Connection
[    2.690223] mptbase: ioc0: Initiating bringup
[    2.755906] ioc0: LSI53C1030 A0: Capabilities={Initiator}
[    2.921814] scsi host2: ioc0: LSI53C1030 A0, FwRev=00000000h, Ports=1, MaxQ=256, IRQ=20
[    3.036056] scsi 2:0:0:0: Direct-Access     VBOX     HARDDISK         1.0  PQ: 0 ANSI: 5
[    3.041573] scsi target2:0:0: Beginning Domain Validation
[    3.045653] scsi target2:0:0: Domain Validation skipping write tests
[    3.049599] scsi target2:0:0: Ending Domain Validation
[    3.052681] scsi target2:0:0: asynchronous
[    3.055899] scsi 2:0:1:0: Direct-Access     VBOX     HARDDISK         1.0  PQ: 0 ANSI: 5
[    3.060838] scsi target2:0:1: Beginning Domain Validation
[    3.065239] scsi target2:0:1: Domain Validation skipping write tests
[    3.069269] scsi target2:0:1: Ending Domain Validation
[    3.072378] scsi target2:0:1: asynchronous
[    3.092607] sd 2:0:0:0: Attached scsi generic sg0 type 0
[    3.105852] sd 2:0:0:0: [sda] 20971520 512-byte logical blocks: (10.7 GB/10.0 GiB)
[    3.110698] sd 2:0:0:0: [sda] Write Protect is off
[    3.113825] sd 2:0:0:0: [sda] Incomplete mode parameter data
[    3.117386] sd 2:0:0:0: [sda] Assuming drive cache: write through
[    3.121462] sd 2:0:1:0: [sdb] 20480 512-byte logical blocks: (10.5 MB/10.0 MiB)
[    3.126703] sd 2:0:1:0: [sdb] Write Protect is off
[    3.129976] sd 2:0:1:0: Attached scsi generic sg1 type 0
[    3.134252] sd 2:0:1:0: [sdb] Incomplete mode parameter data
[    3.137914] sd 2:0:1:0: [sdb] Assuming drive cache: write through
[    3.144163]  sda: sda1
[    3.146874] sd 2:0:0:0: [sda] Attached SCSI disk
[    3.153747] sd 2:0:1:0: [sdb] Attached SCSI disk
[    3.465744] e1000 0000:00:08.0 eth1: (PCI:33MHz:32-bit) 08:00:27:52:2d:57
[    3.469966] e1000 0000:00:08.0 eth1: Intel(R) PRO/1000 Network Connection
[    3.476007] e1000 0000:00:08.0 enp0s8: renamed from eth1
[    3.487897] e1000 0000:00:03.0 enp0s3: renamed from eth0
Begin: Loading essential drivers ... [    4.790047] md: linear personality registered for level -1
[    4.796488] md: multipath personality registered for level -4
[    4.803157] md: raid0 personality registered for level 0
[    4.811331] md: raid1 personality registered for level 1
[    4.883722] raid6: sse2x1   gen() 11681 MB/s
[    4.951804] raid6: sse2x1   xor()  8084 MB/s
[    5.019660] raid6: sse2x2   gen() 14282 MB/s
[    5.087785] raid6: sse2x2   xor()  9963 MB/s
[    5.155649] raid6: sse2x4   gen() 16401 MB/s
[    5.223671] raid6: sse2x4   xor()  9561 MB/s
[    5.292143] raid6: avx2x1   gen() 20620 MB/s
[    5.359794] raid6: avx2x2   gen() 25340 MB/s
[    5.427700] raid6: avx2x4   gen()  7845 MB/s
[    5.431147] raid6: using algorithm avx2x2 gen() 25340 MB/s
[    5.435497] raid6: using avx2x2 recovery algorithm
[    5.441974] xor: automatically using best checksumming function:
[    5.483758]    avx       : 21122.000 MB/sec
[    5.489547] async_tx: api initialized (async)
[    5.506529] md: raid6 personality registered for level 6
[    5.509976] md: raid5 personality registered for level 5
[    5.513302] md: raid4 personality registered for level 4
[    5.524595] md: raid10 personality registered for level 10
done.
Begin: Running /scripts/init-premount ... done.
Begin: Mounting root file system ... Begin: Running /scripts/local-top ... done.
Begin: Running /scripts/local-premount ... [    5.559556] Btrfs loaded
Scanning for Btrfs filesystems
done.
Warning: fsck not present, so skipping root file system
[    5.637289] EXT4-fs (sda1): mounted filesystem with ordered data mode. Opts: (null)
done.
Begin: Running /scripts/local-bottom ... done.
Begin: Running /scripts/init-bottom ... done.
[    6.071211] systemd[1]: systemd 229 running in system mode. (+PAM +AUDIT +SELINUX +IMA +APPARMOR +SMACK +SYSVINIT +UTMP +LIBCRYPTSETUP +GCRYPT +GNUTLS +ACL +XZ -LZ4 +SECCOMP +BLKID +ELFUTILS +KMOD -IDN)
[    6.082256] systemd[1]: Detected virtualization oracle.
[    6.086023] systemd[1]: Detected architecture x86-64.

Welcome to [1mUbuntu 16.04.6 LTS[0m!

[    6.118364] systemd[1]: Set hostname to <ubuntu>.
[    6.147429] systemd[1]: Initializing machine ID from random generator.
[    6.151923] systemd[1]: Installed transient /etc/machine-id file.
[    6.665441] systemd[1]: Listening on Journal Socket.
[[0;32m  OK  [0m] Listening on Journal Socket.
[    6.675964] systemd[1]: Listening on Journal Socket (/dev/log).
[[0;32m  OK  [0m] Listening on Journal Socket (/dev/log).
[    6.687915] systemd[1]: Listening on /dev/initctl Compatibility Named Pipe.
[[0;32m  OK  [0m] Listening on /dev/initctl Compatibility Named Pipe.
[    6.699919] systemd[1]: Listening on Syslog Socket.
[[0;32m  OK  [0m] Listening on Syslog Socket.
[    6.711889] systemd[1]: Listening on Journal Audit Socket.
[[0;32m  OK  [0m] Listening on Journal Audit Socket.
[    6.723843] systemd[1]: Reached target Encrypted Volumes.
[[0;32m  OK  [0m] Reached target Encrypted Volumes.
[    6.735970] systemd[1]: Listening on udev Control Socket.
[[0;32m  OK  [0m] Listening on udev Control Socket.
[    6.748020] systemd[1]: Listening on Device-mapper event daemon FIFOs.
[[0;32m  OK  [0m] Listening on Device-mapper event daemon FIFOs.
[    6.760120] systemd[1]: Created slice System Slice.
[[0;32m  OK  [0m] Created slice System Slice.
[    6.788100] systemd[1]: Starting Create list of required static device nodes for the current kernel...
         Starting Create list of required st... nodes for the current kernel...
[    6.800626] systemd[1]: Mounting Huge Pages File System...
         Mounting Huge Pages File System...
[    6.819820] systemd[1]: Starting Remount Root and Kernel File Systems...
         Starting Remount Root and Kernel File Systems...
[    6.827043] EXT4-fs (sda1): re-mounted. Opts: (null)
[    6.832686] systemd[1]: Mounting Debug File System...
         Mounting Debug File System...
[    6.844807] systemd[1]: Starting Nameserver information manager...
         Starting Nameserver information manager...
[    6.855893] systemd[1]: Reached target System Time Synchronized.
[[0;32m  OK  [0m] Reached target System Time Synchronized.
[    6.868228] systemd[1]: Created slice User and Session Slice.
[[0;32m  OK  [0m] Created slice User and Session Slice.
[    6.879833] systemd[1]: Listening on udev Kernel Socket.
[[0;32m  OK  [0m] Listening on udev Kernel Socket.
[    6.891847] systemd[1]: Started Trigger resolvconf update for networkd DNS.
[[0;32m  OK  [0m] Started Trigger resolvconf update for networkd DNS.
[    6.904152] systemd[1]: Started Forward Password Requests to Wall Directory Watch.
[[0;32m  OK  [0m] Started Forward Password Requests to Wall Directory Watch.
[    6.916110] systemd[1]: Listening on LVM2 metadata daemon socket.
[[0;32m  OK  [0m] Listening on LVM2 metadata daemon socket.
[    6.939906] systemd[1]: Starting Monitoring of LVM2 mirrors, snapshots etc. using dmeventd or progress polling...
         Starting Monitoring of LVM2 mirrors... dmeventd or progress polling...
[    6.951886] systemd[1]: Reached target Slices.
[[0;32m  OK  [0m] Reached target Slices.
[    6.960550] systemd[1]: Mounting POSIX Message Queue File System...
         Mounting POSIX Message Queue File System...
[    6.972371] systemd[1]: Created slice system-serial\x2dgetty.slice.
[[0;32m  OK  [0m] Created slice system-serial\x2dgetty.slice.
[    6.978445] systemd[1]: Reached target User and Group Name Lookups.
[[0;32m  OK  [0m] Reached target User and Group Name Lookups.
[    6.992005] systemd[1]: Reached target Swap.
[[0;32m  OK  [0m] Reached target Swap.
[    7.015966] systemd[1]: Starting Uncomplicated firewall...
         Starting Uncomplicated firewall...
[    7.028520] systemd[1]: Starting Set console keymap...
         Starting Set console keymap...
[    7.051882] systemd[1]: Starting Journal Service...
         Starting Journal Service...
[    7.067340] systemd[1]: Starting Load Kernel Modules...
         Starting Load Kernel Modules...
[    7.072103] systemd[1]: Set up automount Arbitrary Executable File Formats File System Automount Point.
[[0;32m  OK  [0m] Set up automount Arbitrary Executab...ats File System Automount Point.
[    7.090449] systemd[1]: Listening on LVM2 poll daemon socket.
[[0;32m  OK  [0m] Listening on LVM2 poll daemon socket.
[    7.114427] systemd[1]: Mounted Debug File System.
[[0;32m  OK  [0m] Mounted Debug File System.
[    7.123885] Loading iSCSI transport class v2.0-870.
[    7.123971] systemd[1]: Mounted POSIX Message Queue File System.
[[0;32m  OK  [0m] Mounted POSIX Message Queue File System.
[    7.139971] systemd[1]: Mounted Huge Pages File System.
[[0;32m  OK  [0m] Mounted Huge Pages File System.
[    7.146326] iscsi: registered transport (tcp)
[    7.152236] systemd[1]: Started Journal Service.
[[0;32m  OK  [0m] Started Journal Service.
[[0;32m  OK  [0m] Started Create list of required sta...ce nodes for the current kernel.
[[0;32m  OK  [0m] Started Remount Root and Kernel File Systems.
[    7.189257] iscsi: registered transport (iser)
[[0;32m  OK  [0m] Started Uncomplicated firewall.
[[0;32m  OK  [0m] Started Set console keymap.
[[0;32m  OK  [0m] Started Load Kernel Modules.
[[0;32m  OK  [0m] Started Nameserver information manager.
[[0;32m  OK  [0m] Started LVM2 metadata daemon.
         Starting Apply Kernel Variables...
         Mounting FUSE Control File System...
         Starting udev Coldplug all Devices...
[    7.238600] random: nonblocking pool is initialized
         Starting Load/Save Random Seed...
         Starting Create Static Device Nodes in /dev...
         Starting Flush Journal to Persistent Storage...
[[0;32m  OK  [0m] Mounted FUSE Control File System.
[[0;32m  OK  [0m] Started Apply Kernel Variables.
[[0;32m  OK  [0m] Started Load/Save Random Seed.
[[0;32m  OK  [0m] Started Flush Journal to Persistent Storage.
[[0;32m  OK  [0m] Started udev Coldplug all Devices.
[[0;32m  OK  [0m] Started Monitoring of LVM2 mirrors,...ng dmeventd or progress polling.
[[0;32m  OK  [0m] Started Create Static Device Nodes in /dev.
         Starting udev Kernel Device Manager...
[[0;32m  OK  [0m] Reached target Local File Systems (Pre).
[[0;32m  OK  [0m] Reached target Local File Systems.
         Starting Create Volatile Files and Directories...
         Starting Initial cloud-init job (pre-networking)...
         Starting Commit a transient machine-id on disk...
         Starting LSB: AppArmor initialization...
         Starting Tell Plymouth To Write Out Runtime Data...
         Starting Set console font and keymap...
[[0;32m  OK  [0m] Started Create Volatile Files and Directories.
         Starting Update UTMP about System Boot/Shutdown...
[[0;32m  OK  [0m] Started Tell Plymouth To Write Out Runtime Data.
[[0;32m  OK  [0m] Started Commit a transient machine-id on disk.
[[0;32m  OK  [0m] Started Update UTMP about System Boot/Shutdown.
[[0;32m  OK  [0m] Started udev Kernel Device Manager.
[[0;32m  OK  [0m] Started Dispatch Password Requests to Console Directory Watch.
[[0;32m  OK  [0m] Found device /dev/ttyS0.
[[0;32m  OK  [0m] Listening on Load/Save RF Kill Switch Status /dev/rfkill Watch.
[[0;32m  OK  [0m] Started LSB: AppArmor initialization.
         Starting Load AppArmor profiles managed internally by snapd...
[[0;32m  OK  [0m] Started Load AppArmor profiles managed internally by snapd.
[[0;32m  OK  [0m] Started Set console font and keymap.
[[0;32m  OK  [0m] Created slice system-getty.slice.
[    9.367184] cloud-init[468]: Cloud-init v. 20.2-45-g5f7825e2-0ubuntu1~16.04.1 running 'init-local' at Mon, 31 Aug 2020 10:02:39 +0000. Up 9.01 seconds.
[[0;32m  OK  [0m] Started Initial cloud-init job (pre-networking).
[[0;32m  OK  [0m] Reached target Network (Pre).
         Starting Raise network interfaces...
[[0;32m  OK  [0m] Started Raise network interfaces.
[[0;32m  OK  [0m] Reached target Network.
         Starting Initial cloud-init job (metadata service crawler)...
[   10.932580] cloud-init[962]: Cloud-init v. 20.2-45-g5f7825e2-0ubuntu1~16.04.1 running 'init' at Mon, 31 Aug 2020 10:02:40 +0000. Up 10.09 seconds.
[   10.940905] cloud-init[962]: ci-info: ++++++++++++++++++++++++++++++++++++++Net device info+++++++++++++++++++++++++++++++++++++++
[   10.948535] cloud-init[962]: ci-info: +--------+-------+----------------------------+---------------+--------+-------------------+
[   10.956485] cloud-init[962]: ci-info: | Device |   Up  |          Address           |      Mask     | Scope  |     Hw-Address    |
[   10.964486] cloud-init[962]: ci-info: +--------+-------+----------------------------+---------------+--------+-------------------+
[   10.972470] cloud-init[962]: ci-info: | enp0s3 |  True |         10.0.2.15          | 255.255.255.0 | global | 02:d4:60:56:24:74 |
[   10.972647] cloud-init[962]: ci-info: | enp0s3 |  True | fe80::d4:60ff:fe56:2474/64 |       .       |  link  | 02:d4:60:56:24:74 |
[[0;32m  OK  [0m] Started Initial cloud-init job (metadata service crawler).
[   10.972731] cloud-init[962]: ci-info: | enp0s8 | False |             .              |       .       |   .    | 08:00:27:52:2d:57 |
[   10.988555] cloud-init[962]: ci-info: |   lo   |  True |         127.0.0.1          |   255.0.0.0   |  host  |         .         |
[   10.988781] cloud-init[962]: ci-info: |   lo   |  True |          ::1/128           |       .       |  host  |         .         |
[[0;32m  OK  [0m] Reached target Cloud-config availability.
[[   10.988879] cloud-init[962]: ci-info: +--------+-------+----------------------------+---------------+--------+-------------------+
[0;32m  OK  [0m] Reached target Network is Online.
[   10.996569] cloud-init[962]: ci-info: +++++++++++++++++++++++++++Route IPv4 info++++++++++++++++++++++++++++
[   11.012253] cloud-init[962]: ci-info: +-------+-------------+----------+---------------+-----------+-------+
[   11.020319] cloud-init[962]: ci-info: | Route | Destination | Gateway  |    Genmask    | Interface | Flags |
[   11.028226] cloud-init[962]: ci-info: +-------+-------------+----------+---------------+-----------+-------+
[   11.036407] cloud-init[962]: ci-info: |   0   |   0.0.0.0   | 10.0.2.2 |    0.0.0.0    |   enp0s3  |   UG  |
         Starting iSCSI initiator daemon (iscsid)...
[   11.036772] [cloud-init[0;32m  OK  [0m[962]: ] ci-info: |   1   |   10.0.2.0  | 0.0.0.0  | 255.255.255.0 |   enp0s3  |   U   |Reached target System Initialization.

[   11.048225] [cloud-init[962]: ci-info: +-------+-------------+----------+---------------+-----------+-------+
[0;32m  OK  [0m] Started Daily apt download activities.
[[0;32m  OK  [0m] Started Daily apt upgrade and clean activities.
[   11.048491] cloud-init[962]: ci-info: +++++++++++++++++++Route IPv6 info+++++++++++++++++++
[   11.068241] [cloud-init[0;32m  OK  [0m[962]: ] ci-info: +-------+-------------+---------+-----------+-------+Started Message of the Day.

[   11.076257] [cloud-init[962]: ci-info: | Route | Destination | Gateway | Interface | Flags |
[0;32m  OK  [0m] Listening on D-Bus System Message Bus Socket.
[[0;32m  OK  [0m] Listening on ACPID Listen Socket.
[[0;32m  OK  [0m] Listening on UUID daemon activation socket.
[   11.076504] cloud-init[962]: ci-info: +-------+-------------+---------+-----------+-------+
[   11.092311] [cloud-init[0;32m  OK  [0m[962]: ] ci-info: |   0   |  fe80::/64  |    ::   |   enp0s3  |   U   |Started Daily Cleanup of Temporary Directories.

[[0;32m  OK  [0m] Reached target Timers.
[   11.092579] cloud-init[962]: ci-info: |   3   |   ff00::/8  |    ::   |   enp0s3  |   U   |
[   11.108535] [cloud-init[962]: ci-info: +-------+-------------+---------+-----------+-------+
[0;32m  OK  [0m] Started ACPI Events Check.
[[0;32m  OK  [0m] Reached target Paths.
[   11.108785] cloud-init[962]: Generating public/private rsa key pair.
[   11.124329] cloud-init[962]: Your identification has been saved in /etc/ssh/ssh_host_rsa_key.
         Starting LXD - unix socket.
[   11.124571]          cloud-initStarting Socket activation for snappy daemon.[962]: 
Your public key has been saved in /etc/ssh/ssh_host_rsa_key.pub.
[   11.140317] cloud-init[962]: The key fingerprint is:
[   11.148442] cloud-init[962]: SHA256:oAypgKTs1fQZeRNZlrmmcfuTNXQ8MDMF8UHzDcM0Z7o root@ubuntu-xenial
[   11.156530] cloud-init[962]: The key's randomart image is:
[   11.164296] cloud-init[962]: +---[RSA 2048]----+
[   11.172357] cloud-init[962]: | .   . ...+oo=X=o|
[   11.180307] cloud-init[962]: |=  .o ..o+.o =oB=|
[   11.188393] cloud-init[962]: |+.o. ..o. . . *oo|
[   11.196187] cloud-init[962]: |o..o . . . +   +o|
[   11.204396] cloud-init[962]: |..  o   S = . E o|
[   11.212222] cloud-init[962]: |         . .   o |
[   11.220265] cloud-init[962]: |            . o .|
[   11.228314] cloud-init[962]: |             +   |
[   11.236234] cloud-init[962]: |              .  |
[[0;32m  OK  [0m] Listening on LXD - unix socket.
[[0;32m  OK  [0m] Listening on Socket activation for snappy daemon.
[[0;32m  OK  [0m] Started iSCSI initiator daemon (iscsid).
[   11.246656] cloud-init[962]: +----[SHA256]-----+
[   11.276364] cloud-init[962]: Generating public/private dsa key pair.
[   11.284252] cloud-init[962]: Your identification has been saved in /etc/ssh/ssh_host_dsa_key.
[   11.292291] cloud-init[962]: Your public key has been saved in /etc/ssh/ssh_host_dsa_key.pub.
[   11.300297] cloud-init[962]: The key fingerprint is:
[   11.308438] cloud-init[962]: SHA256:CwiG7gzPeZdh4WdQ7KvxooWNMETCpQq01l/a5RB/2OE root@ubuntu-xenial
[   11.316211] cloud-init[962]: The key's randomart image is:
         Starting Login to default iSCSI targets...
[[0;32m  OK  [0m] Reached target Sockets.
[[0;32m  OK  [0m] Reached target Basic System.
[   11.326961] cloud-init[962]: +---[DSA 1024]----+
[   11.356332] cloud-init[962]: |o.o.   o.  .     |
[   11.364265] cloud-init[962]: |.=+    .+ + .    |
[   11.372443] cloud-init[962]: |o++.  o+ + E     |
[[0;32m  OK  [0m] Started Regular background program processing daemon.
[   11.384396] cloud-init[962]: |=o ..o+o= .      |
[   11.400244] cloud-init[962]: |o.o .o=.So       |
         Starting LXD - container startup/shutdown...
[   11.408770] cloud-init[962]: |+o + =.*..       |
[   11.424270] cloud-init[962]: | o+ + =+.        |
[   11.434523] [cloud-init[0;32m  OK  [0m] Started ACPI event daemon.
[962]: |   . oo .        |
[   11.440268] cloud-init[962]: |    .. .         |
[   11.448910] cloud-init[962]: +----[SHA256]-----+
[   11.457576] [[0;32m  OK  [0m] Started FUSE filesystem for LXC.
cloud-init[962]: Generating public/private ecdsa key pair.
[   11.464505]          cloud-initStarting Pollinate to seed the pseudo random number generator...
[962]: Your identification has been saved in /etc/ssh/ssh_host_ecdsa_key.
[   11.468345] [cloud-init[0;32m  OK  [0m[962]: ] Your public key has been saved in /etc/ssh/ssh_host_ecdsa_key.pub.Started Deferred execution scheduler.

[   11.468755] cloud-init[962]: The key fingerprint is:
[   11.479165] cloud-init         [962]: Starting Login Service...SHA256:Wtx4C+2x+dSV06swmPgAAOGu92mQbWW9pWJo9Ak+mos root@ubuntu-xenial

         Starting System Logging Service...
[   11.482456] cloud-init[962]: The key's randomart image is:
         Starting LSB: MD monitoring daemon...
[   11.488615] cloud-init[962]: +---[ECDSA 256]---+
[   11.491200] cloud-init[962]: | o.              |
         Starting LSB: Record successful boot for GRUB...
[   11.504934] cloud-init[962]: |. .              |
[[0;32m  OK  [0m] Started D-Bus System Message Bus.
[   11.515608] cloud-init[962]: | . .   .         |
[   11.524629] cloud-init[962]: |.   + o..+.     o|
[   11.532275] cloud-init[962]: | . = B .S+=    oo|
[   11.540481] cloud-init[962]: |. o B *o++o= . .o|
[   11.548454] cloud-init[962]: |. .* o.+ o=o. .. |
[   11.556430] cloud-init[962]: | oo...  o  oo .  |
[   11.564432] cloud-init[962]: |E .oo    .  ..   |
[   11.572471] cloud-init[962]: +----[SHA256]-----+
[   11.583086] cloud-init[962]: Generating public/private ed25519 key pair.
[   11.588463] cloud-init[962]: Your identification has been saved in /etc/ssh/ssh_host_ed25519_key.
[   11.596343] cloud-init[962]: Your public key has been saved in /etc/ssh/ssh_host_ed25519_key.pub.
[   11.598226] cloud-init[962]: The key fingerprint is:
[   11.604963] cloud-init[962]: SHA256:jLnKgCsUOl0OIfJ/2ILfjbHyQnmUz+BGj7coGnTZ8PY root@ubuntu-xenial
[   11.606892] cloud-init[962]: The key's randomart image is:
[   11.612303] cloud-init[962]: +--[ED25519 256]--+
[   11.620519] cloud-init[962]: |                 |
[   11.622597] cloud-init[962]: |o .              |
[   11.628941] cloud-init[962]: |.o ..  .         |
[   11.636399] cloud-init[962]: | .o .==+         |
[   11.644491] cloud-init[962]: |..o*oB**S        |
[   11.646490] cloud-init[962]: |o+o.B.Oo=        |
[   11.648365] cloud-init[962]: |o.oo *.BE.       |
[   11.656698] cloud-init[962]: |.. +=.= o        |
[   11.664374] cloud-init[962]: |o ..o=.          |
[   11.672604] cloud-init[962]: +----[SHA256]-----+
         Starting /etc/rc.local Compatibility...
         Starting Accounts Service...
         Starting Virtualbox guest utils...
         Starting Snap Daemon...
[[0;32m  OK  [0m] Started System Logging Service.
[[0;32m  OK  [0m] Started /etc/rc.local Compatibility.
[[0;32m  OK  [0m] Started Login Service.
[[0;32m  OK  [0m] Started Unattended Upgrades Shutdown.
[[0;32m  OK  [0m] Started LSB: MD monitoring daemon.
[[0;32m  OK  [0m] Started LSB: Record successful boot for GRUB.
[[0;32m  OK  [0m] Started Login to default iSCSI targets.
[[0;32m  OK  [0m] Reached target Remote File Systems (Pre).
[[0;32m  OK  [0m] Reached target Remote File Systems.
         Starting LSB: daemon to balance interrupts for SMP systems...
         Starting LSB: Set the CPU Frequency Scaling governor to "ondemand"...
         Starting LSB: automatic crash report generation...
         Starting Permit User Sessions...
[[0;32m  OK  [0m] Started LSB: Set the CPU Frequency Scaling governor to "ondemand".
[[0;32m  OK  [0m] Started Permit User Sessions.
         Starting Terminate Plymouth Boot Screen...
         Starting Hold until boot process finishes up...
[[0;32m  OK  [0m] Started Terminate Plymouth Boot Screen.
[[0;32m  OK  [0m] Started Hold until boot process finishes up.
[[0;32m  OK  [0m] Started Serial Getty on ttyS0.
         Starting Set console scheme...
[[0;32m  OK  [0m] Started Getty on tty1.
[[0;32m  OK  [0m] Reached target Login Prompts.
[[0;32m  OK  [0m] Started Set console scheme.
[[0;32m  OK  [0m] Started LSB: daemon to balance interrupts for SMP systems.
[[0;32m  OK  [0m] Started LSB: automatic crash report generation.
         Starting Authenticate and Authorize Users to Run Privileged Tasks...
[[0;32m  OK  [0m] Started Virtualbox guest utils.
[[0;32m  OK  [0m] Started LXD - container startup/shutdown.
[[0;32m  OK  [0m] Started Authenticate and Authorize Users to Run Privileged Tasks.
[[0;32m  OK  [0m] Started Accounts Service.
[[0;32m  OK  [0m] Started Snap Daemon.
         Starting Wait until snapd is fully seeded...
[[0;32m  OK  [0m] Started Pollinate to seed the pseudo random number generator.
         Starting OpenBSD Secure Shell server...
[[0;32m  OK  [0m] Started OpenBSD Secure Shell server.
[   17.968728] cloud-init[1325]: Generating locales (this might take a while)...

Ubuntu 16.04.6 LTS ubuntu-xenial ttyS0

ubuntu-xenial login: [   19.157013] cloud-init[1325]:   en_US.UTF-8... done
[   19.158409] cloud-init[1325]: Generation complete.
[   19.789946] cloud-init[1325]: Cloud-init v. 20.2-45-g5f7825e2-0ubuntu1~16.04.1 running 'modules:config' at Mon, 31 Aug 2020 10:02:47 +0000. Up 17.79 seconds.
ci-info: no authorized SSH keys fingerprints found for user ubuntu.
<14>Aug 31 10:02:50 ec2: 
<14>Aug 31 10:02:50 ec2: #############################################################
<14>Aug 31 10:02:50 ec2: -----BEGIN SSH HOST KEY FINGERPRINTS-----
<14>Aug 31 10:02:50 ec2: 1024 SHA256:CwiG7gzPeZdh4WdQ7KvxooWNMETCpQq01l/a5RB/2OE root@ubuntu-xenial (DSA)
<14>Aug 31 10:02:50 ec2: 256 SHA256:Wtx4C+2x+dSV06swmPgAAOGu92mQbWW9pWJo9Ak+mos root@ubuntu-xenial (ECDSA)
<14>Aug 31 10:02:50 ec2: 256 SHA256:jLnKgCsUOl0OIfJ/2ILfjbHyQnmUz+BGj7coGnTZ8PY root@ubuntu-xenial (ED25519)
<14>Aug 31 10:02:50 ec2: 2048 SHA256:oAypgKTs1fQZeRNZlrmmcfuTNXQ8MDMF8UHzDcM0Z7o root@ubuntu-xenial (RSA)
<14>Aug 31 10:02:50 ec2: -----END SSH HOST KEY FINGERPRINTS-----
<14>Aug 31 10:02:50 ec2: #############################################################
-----BEGIN SSH HOST KEY KEYS-----
ecdsa-sha2-nistp256 AAAAE2VjZHNhLXNoYTItbmlzdHAyNTYAAAAIbmlzdHAyNTYAAABBBMTcXdJZichUCLI3/TbS3xHDZKoftyIGbtFRtCZfvr39GBd9VT+ZbSKqODEYKLCrvhrQlto9TknFZ78htsTdhew= root@ubuntu-xenial
ssh-ed25519 AAAAC3NzaC1lZDI1NTE5AAAAIJ6k66W/OBH/is8D+XGB2FXp0pUBOzotlxSBpGn361I+ root@ubuntu-xenial
ssh-rsa AAAAB3NzaC1yc2EAAAADAQABAAABAQC+9N7Qx0LPu7RibK1SQgOG/ebt5r0QA8QONSkqUme3+bKkdTwcmLQryaJrgMqi8Tpl9NO9JoUxfkHEsMiTv0e/ZkEKdQfkTTx/VvS45qzubw/2SDUYMPtQwXHguvPGh555d/1cjAhKvI0+PCymV51HHxFWTY0bZ+3X1FbJmEDR1D2o1cU/2kik1nF/CHZjWWqzs7W9w64IrBivJGOw99ChV6+CDhgftupBOyHnSlFw8aoScX76wGrSdmqkWBg9gGdd1/9Lnk4MWvHUw7CQdErFHJOotHdhgFBGaQ/4yYcgDNJcI+pwb1b2jU9UoFN1VhQhnDnJT7uqucy+AtNqbI2L root@ubuntu-xenial
-----END SSH HOST KEY KEYS-----
[   20.215591] cloud-init[1608]: Cloud-init v. 20.2-45-g5f7825e2-0ubuntu1~16.04.1 running 'modules:final' at Mon, 31 Aug 2020 10:02:50 +0000. Up 20.07 seconds.
[   20.217008] cloud-init[1608]: ci-info: no authorized SSH keys fingerprints found for user ubuntu.
[   20.218148] cloud-init[1608]: Cloud-init v. 20.2-45-g5f7825e2-0ubuntu1~16.04.1 finished at Mon, 31 Aug 2020 10:02:50 +0000. Datasource DataSourceNoCloud [seed=/dev/sdb][dsmode=net].  Up 20.19 seconds
