[    0.000000] Initializing cgroup subsys cpuset
[    0.000000] Initializing cgroup subsys cpu
[    0.000000] Initializing cgroup subsys cpuacct
[    0.000000] Linux version 4.4.0-186-generic (buildd@lcy01-amd64-002) (gcc version 5.4.0 20160609 (Ubuntu 5.4.0-6ubuntu1~16.04.12) ) #216-Ubuntu SMP Wed Jul 1 05:34:05 UTC 2020 (Ubuntu 4.4.0-186.216-generic 4.4.228)
[    0.000000] Command line: BOOT_IMAGE=/boot/vmlinuz-4.4.0-186-generic root=LABEL=cloudimg-rootfs ro console=tty1 console=ttyS0
[    0.000000] KERNEL supported cpus:
[    0.000000]   Intel GenuineIntel
[    0.000000]   AMD AuthenticAMD
[    0.000000]   Centaur CentaurHauls
[    0.000000] x86/fpu: xstate_offset[2]:  576, xstate_sizes[2]:  256
[    0.000000] x86/fpu: Supporting XSAVE feature 0x01: 'x87 floating point registers'
[    0.000000] x86/fpu: Supporting XSAVE feature 0x02: 'SSE registers'
[    0.000000] x86/fpu: Supporting XSAVE feature 0x04: 'AVX registers'
[    0.000000] x86/fpu: Enabled xstate features 0x7, context size is 832 bytes, using 'standard' format.
[    0.000000] e820: BIOS-provided physical RAM map:
[    0.000000] BIOS-e820: [mem 0x0000000000000000-0x000000000009fbff] usable
[    0.000000] BIOS-e820: [mem 0x000000000009fc00-0x000000000009ffff] reserved
[    0.000000] BIOS-e820: [mem 0x00000000000f0000-0x00000000000fffff] reserved
[    0.000000] BIOS-e820: [mem 0x0000000000100000-0x000000003ffeffff] usable
[    0.000000] BIOS-e820: [mem 0x000000003fff0000-0x000000003fffffff] ACPI data
[    0.000000] BIOS-e820: [mem 0x00000000fec00000-0x00000000fec00fff] reserved
[    0.000000] BIOS-e820: [mem 0x00000000fee00000-0x00000000fee00fff] reserved
[    0.000000] BIOS-e820: [mem 0x00000000fffc0000-0x00000000ffffffff] reserved
[    0.000000] NX (Execute Disable) protection: active
[    0.000000] SMBIOS 2.5 present.
[    0.000000] Hypervisor detected: KVM
[    0.000000] e820: last_pfn = 0x3fff0 max_arch_pfn = 0x400000000
[    0.000000] MTRR: Disabled
[    0.000000] x86/PAT: MTRRs disabled, skipping PAT initialization too.
[    0.000000] CPU MTRRs all blank - virtualized system.
[    0.000000] x86/PAT: Configuration [0-7]: WB  WT  UC- UC  WB  WT  UC- UC  
[    0.000000] found SMP MP-table at [mem 0x0009fff0-0x0009ffff] mapped at [ffff88000009fff0]
[    0.000000] Scanning 1 areas for low memory corruption
[    0.000000] RAMDISK: [mem 0x362e2000-0x37168fff]
[    0.000000] ACPI: Early table checksum verification disabled
[    0.000000] ACPI: RSDP 0x00000000000E0000 000024 (v02 VBOX  )
[    0.000000] ACPI: XSDT 0x000000003FFF0030 00003C (v01 VBOX   VBOXXSDT 00000001 ASL  00000061)
[    0.000000] ACPI: FACP 0x000000003FFF00F0 0000F4 (v04 VBOX   VBOXFACP 00000001 ASL  00000061)
[    0.000000] ACPI: DSDT 0x000000003FFF0470 002325 (v02 VBOX   VBOXBIOS 00000002 INTL 20100528)
[    0.000000] ACPI: FACS 0x000000003FFF0200 000040
[    0.000000] ACPI: FACS 0x000000003FFF0200 000040
[    0.000000] ACPI: APIC 0x000000003FFF0240 00005C (v02 VBOX   VBOXAPIC 00000001 ASL  00000061)
[    0.000000] ACPI: SSDT 0x000000003FFF02A0 0001CC (v01 VBOX   VBOXCPUT 00000002 INTL 20100528)
[    0.000000] No NUMA configuration found
[    0.000000] Faking a node at [mem 0x0000000000000000-0x000000003ffeffff]
[    0.000000] NODE_DATA(0) allocated [mem 0x3ffeb000-0x3ffeffff]
[    0.000000] kvm-clock: Using msrs 4b564d01 and 4b564d00
[    0.000000] kvm-clock: cpu 0, msr 0:3ffe3001, primary cpu clock
[    0.000000] kvm-clock: using sched offset of 5226336834 cycles
[    0.000000] clocksource: kvm-clock: mask: 0xffffffffffffffff max_cycles: 0x1cd42e4dffb, max_idle_ns: 881590591483 ns
[    0.000000] Zone ranges:
[    0.000000]   DMA      [mem 0x0000000000001000-0x0000000000ffffff]
[    0.000000]   DMA32    [mem 0x0000000001000000-0x000000003ffeffff]
[    0.000000]   Normal   empty
[    0.000000]   Device   empty
[    0.000000] Movable zone start for each node
[    0.000000] Early memory node ranges
[    0.000000]   node   0: [mem 0x0000000000001000-0x000000000009efff]
[    0.000000]   node   0: [mem 0x0000000000100000-0x000000003ffeffff]
[    0.000000] Initmem setup node 0 [mem 0x0000000000001000-0x000000003ffeffff]
[    0.000000] ACPI: PM-Timer IO Port: 0x4008
[    0.000000] IOAPIC[0]: apic_id 2, version 32, address 0xfec00000, GSI 0-23
[    0.000000] ACPI: INT_SRC_OVR (bus 0 bus_irq 0 global_irq 2 dfl dfl)
[    0.000000] ACPI: INT_SRC_OVR (bus 0 bus_irq 9 global_irq 9 low level)
[    0.000000] Using ACPI (MADT) for SMP configuration information
[    0.000000] smpboot: Allowing 2 CPUs, 0 hotplug CPUs
[    0.000000] PM: Registered nosave memory: [mem 0x00000000-0x00000fff]
[    0.000000] PM: Registered nosave memory: [mem 0x0009f000-0x0009ffff]
[    0.000000] PM: Registered nosave memory: [mem 0x000a0000-0x000effff]
[    0.000000] PM: Registered nosave memory: [mem 0x000f0000-0x000fffff]
[    0.000000] e820: [mem 0x40000000-0xfebfffff] available for PCI devices
[    0.000000] Booting paravirtualized kernel on KVM
[    0.000000] clocksource: refined-jiffies: mask: 0xffffffff max_cycles: 0xffffffff, max_idle_ns: 7645519600211568 ns
[    0.000000] setup_percpu: NR_CPUS:512 nr_cpumask_bits:512 nr_cpu_ids:2 nr_node_ids:1
[    0.000000] PERCPU: Embedded 33 pages/cpu @ffff88003fc00000 s95512 r8192 d31464 u1048576
[    0.000000] Built 1 zonelists in Node order, mobility grouping on.  Total pages: 257912
[    0.000000] Policy zone: DMA32
[    0.000000] Kernel command line: BOOT_IMAGE=/boot/vmlinuz-4.4.0-186-generic root=LABEL=cloudimg-rootfs ro console=tty1 console=ttyS0
[    0.000000] PID hash table entries: 4096 (order: 3, 32768 bytes)
[    0.000000] Memory: 997668K/1048120K available (8636K kernel code, 1337K rwdata, 4040K rodata, 1492K init, 1296K bss, 50452K reserved, 0K cma-reserved)
[    0.000000] SLUB: HWalign=64, Order=0-3, MinObjects=0, CPUs=2, Nodes=1
[    0.000000] Kernel/User page tables isolation: enabled
[    0.000000] Hierarchical RCU implementation.
[    0.000000] 	Build-time adjustment of leaf fanout to 64.
[    0.000000] 	RCU restricting CPUs from NR_CPUS=512 to nr_cpu_ids=2.
[    0.000000] RCU: Adjusting geometry for rcu_fanout_leaf=64, nr_cpu_ids=2
[    0.000000] NR_IRQS:33024 nr_irqs:440 16
[    0.000000] Console: colour VGA+ 80x25
[    0.000000] console [tty1] enabled
[    0.000000] console [ttyS0] enabled
[    0.000000] tsc: Detected 3408.000 MHz processor
[    0.268951] Calibrating delay loop (skipped) preset value.. 6816.00 BogoMIPS (lpj=13632000)
[    0.272725] pid_max: default: 32768 minimum: 301
[    0.274772] ACPI: Core revision 20150930
[    0.277227] ACPI: 2 ACPI AML tables successfully acquired and loaded
[    0.280187] Security Framework initialized
[    0.282025] Yama: becoming mindful.
[    0.283654] AppArmor: AppArmor initialized
[    0.285552] Dentry cache hash table entries: 131072 (order: 8, 1048576 bytes)
[    0.289779] Inode-cache hash table entries: 65536 (order: 7, 524288 bytes)
[    0.292812] Mount-cache hash table entries: 2048 (order: 2, 16384 bytes)
[    0.295725] Mountpoint-cache hash table entries: 2048 (order: 2, 16384 bytes)
[    0.298937] Initializing cgroup subsys io
[    0.300797] Initializing cgroup subsys memory
[    0.302763] Initializing cgroup subsys devices
[    0.304772] Initializing cgroup subsys freezer
[    0.306758] Initializing cgroup subsys net_cls
[    0.308740] Initializing cgroup subsys perf_event
[    0.310962] Initializing cgroup subsys net_prio
[    0.313175] Initializing cgroup subsys hugetlb
[    0.315187] Initializing cgroup subsys pids
[    0.318077] mce: CPU supports 0 MCE banks
[    0.319988] Last level iTLB entries: 4KB 128, 2MB 8, 4MB 8
[    0.322421] Last level dTLB entries: 4KB 64, 2MB 0, 4MB 0, 1GB 4
[    0.325200] Spectre V1 : Mitigation: usercopy/swapgs barriers and __user pointer sanitization
[    0.329008] Spectre V2 : Mitigation: Full generic retpoline
[    0.331463] Spectre V2 : Spectre v2 / SpectreRSB mitigation: Filling RSB on context switch
[    0.335268] Speculative Store Bypass: Vulnerable
[    0.337345] SRBDS: Unknown: Dependent on hypervisor status
[    0.339883] MDS: Mitigation: Clear CPU buffers
[    0.344171] Freeing SMP alternatives memory: 36K
[    0.351400] ftrace: allocating 32334 entries in 127 pages
[    0.406153] smpboot: APIC(0) Converting physical 0 to logical package 0
[    0.410277] smpboot: Max logical packages: 1
[    0.413076] x2apic enabled
[    0.414618] Switched APIC routing to physical x2apic.
[    0.417859] ..TIMER: vector=0x30 apic1=0 pin1=2 apic2=-1 pin2=-1
[    0.529420] smpboot: CPU0: Intel(R) Core(TM) i5-7500 CPU @ 3.40GHz (family: 0x6, model: 0x9e, stepping: 0x9)
[    0.534074] Performance Events: unsupported p6 CPU model 158 no PMU driver, software events only.
[    0.547018] KVM setup paravirtual spinlock
[    0.549465] x86: Booting SMP configuration:
[    0.551355] .... node  #0, CPUs:      #1
[    0.553422] kvm-clock: cpu 1, msr 0:3ffe3041, secondary cpu clock
[    0.556936] mce: CPU supports 0 MCE banks
[    0.560557] x86: Booted up 1 node, 2 CPUs
[    0.562541] smpboot: Total of 2 processors activated (13632.00 BogoMIPS)
[    0.565918] devtmpfs: initialized
[    0.568739] evm: security.selinux
[    0.570300] evm: security.SMACK64
[    0.571847] evm: security.SMACK64EXEC
[    0.573624] evm: security.SMACK64TRANSMUTE
[    0.575469] evm: security.SMACK64MMAP
[    0.577159] evm: security.ima
[    0.578573] evm: security.capability
[    0.580468] clocksource: jiffies: mask: 0xffffffff max_cycles: 0xffffffff, max_idle_ns: 7645041785100000 ns
[    0.584806] futex hash table entries: 512 (order: 3, 32768 bytes)
[    0.587704] pinctrl core: initialized pinctrl subsystem
[    0.590174] RTC time:  7:42:48, date: 08/31/20
[    0.592333] NET: Registered protocol family 16
[    0.605017] cpuidle: using governor ladder
[    0.616967] cpuidle: using governor menu
[    0.618775] PCCT header not found.
[    0.620423] ACPI: bus type PCI registered
[    0.622297] acpiphp: ACPI Hot Plug PCI Controller Driver version: 0.5
[    0.625262] PCI: Using configuration type 1 for base access
[    0.637761] ACPI: Added _OSI(Module Device)
[    0.639689] ACPI: Added _OSI(Processor Device)
[    0.641788] ACPI: Added _OSI(3.0 _SCP Extensions)
[    0.643919] ACPI: Added _OSI(Processor Aggregator Device)
[    0.647018] ACPI: Executed 1 blocks of module-level executable AML code
[    0.651786] ACPI: Interpreter enabled
[    0.653539] ACPI: (supports S0 S5)
[    0.655117] ACPI: Using IOAPIC for interrupt routing
[    0.657526] PCI: Using host bridge windows from ACPI; if necessary, use "pci=nocrs" and report a bug
[    0.665529] ACPI: PCI Root Bridge [PCI0] (domain 0000 [bus 00-ff])
[    0.668287] acpi PNP0A03:00: _OSC: OS supports [ASPM ClockPM Segments MSI]
[    0.671486] acpi PNP0A03:00: _OSC: not requesting OS control; OS requires [ExtendedConfig ASPM ClockPM MSI]
[    0.675851] acpi PNP0A03:00: fail to add MMCONFIG information, can't access extended PCI configuration space under this bridge.
[    0.681247] PCI host bridge to bus 0000:00
[    0.683116] pci_bus 0000:00: root bus resource [io  0x0000-0x0cf7 window]
[    0.686139] pci_bus 0000:00: root bus resource [io  0x0d00-0xffff window]
[    0.689098] pci_bus 0000:00: root bus resource [mem 0x000a0000-0x000bffff window]
[    0.692551] pci_bus 0000:00: root bus resource [mem 0x40000000-0xfdffffff window]
[    0.695911] pci_bus 0000:00: root bus resource [bus 00-ff]
[    0.700785] pci 0000:00:01.1: legacy IDE quirk: reg 0x10: [io  0x01f0-0x01f7]
[    0.703865] pci 0000:00:01.1: legacy IDE quirk: reg 0x14: [io  0x03f6]
[    0.706729] pci 0000:00:01.1: legacy IDE quirk: reg 0x18: [io  0x0170-0x0177]
[    0.717348] pci 0000:00:01.1: legacy IDE quirk: reg 0x1c: [io  0x0376]
[    0.732554] pci 0000:00:07.0: quirk: [io  0x4000-0x403f] claimed by PIIX4 ACPI
[    0.735976] pci 0000:00:07.0: quirk: [io  0x4100-0x410f] claimed by PIIX4 SMB
[    0.746946] ACPI: PCI Interrupt Link [LNKA] (IRQs 5 9 10 *11)
[    0.750452] ACPI: PCI Interrupt Link [LNKB] (IRQs 5 9 *10 11)
[    0.753799] ACPI: PCI Interrupt Link [LNKC] (IRQs 5 *9 10 11)
[    0.757114] ACPI: PCI Interrupt Link [LNKD] (IRQs 5 9 10 *11)
[    0.760401] ACPI: Enabled 2 GPEs in block 00 to 07
[    0.762946] vgaarb: setting as boot device: PCI:0000:00:02.0
[    0.765518] vgaarb: device added: PCI:0000:00:02.0,decodes=io+mem,owns=io+mem,locks=none
[    0.769128] vgaarb: loaded
[    0.770424] vgaarb: bridge control possible 0000:00:02.0
[    0.773007] SCSI subsystem initialized
[    0.774869] ACPI: bus type USB registered
[    0.776799] usbcore: registered new interface driver usbfs
[    0.779206] usbcore: registered new interface driver hub
[    0.781582] usbcore: registered new device driver usb
[    0.784204] PCI: Using ACPI for IRQ routing
[    0.787544] NetLabel: Initializing
[    0.789206] NetLabel:  domain hash size = 128
[    0.791150] NetLabel:  protocols = UNLABELED CIPSOv4
[    0.793373] NetLabel:  unlabeled traffic allowed by default
[    0.796050] amd_nb: Cannot enumerate AMD northbridges
[    0.798357] clocksource: Switched to clocksource kvm-clock
[    0.807133] AppArmor: AppArmor Filesystem Enabled
[    0.809350] pnp: PnP ACPI init
[    0.811793] pnp: PnP ACPI: found 3 devices
[    0.823727] clocksource: acpi_pm: mask: 0xffffff max_cycles: 0xffffff, max_idle_ns: 2085701024 ns
[    0.827632] NET: Registered protocol family 2
[    0.829708] TCP established hash table entries: 8192 (order: 4, 65536 bytes)
[    0.832770] TCP bind hash table entries: 8192 (order: 5, 131072 bytes)
[    0.835614] TCP: Hash tables configured (established 8192 bind 8192)
[    0.838346] UDP hash table entries: 512 (order: 2, 16384 bytes)
[    0.840917] UDP-Lite hash table entries: 512 (order: 2, 16384 bytes)
[    0.843718] NET: Registered protocol family 1
[    0.845677] pci 0000:00:00.0: Limiting direct PCI/PCI transfers
[    0.848312] pci 0000:00:01.0: Activating ISA DMA hang workarounds
[    0.851112] Unpacking initramfs...
[    1.047069] Freeing initrd memory: 14876K
[    1.049177] clocksource: tsc: mask: 0xffffffffffffffff max_cycles: 0x311fd3cd494, max_idle_ns: 440795223879 ns
[    1.053823] platform rtc_cmos: registered platform RTC device (no PNP device found)
[    1.057406] Scanning for low memory corruption every 60 seconds
[    1.060456] audit: initializing netlink subsys (disabled)
[    1.062960] audit: type=2000 audit(1598859775.458:1): initialized
[    1.065879] Initialise system trusted keyring
[    1.068168] HugeTLB registered 2 MB page size, pre-allocated 0 pages
[    1.071993] zbud: loaded
[    1.073613] VFS: Disk quotas dquot_6.6.0
[    1.075567] VFS: Dquot-cache hash table entries: 512 (order 0, 4096 bytes)
[    1.078788] squashfs: version 4.0 (2009/01/31) Phillip Lougher
[    1.081704] fuse init (API version 7.23)
[    1.083664] Key type big_key registered
[    1.085504] Allocating IMA MOK and blacklist keyrings.
[    1.089861] Key type asymmetric registered
[    1.092241] Asymmetric key parser 'x509' registered
[    1.094575] Block layer SCSI generic (bsg) driver version 0.4 loaded (major 249)
[    1.098076] io scheduler noop registered
[    1.099934] io scheduler deadline registered (default)
[    1.102271] io scheduler cfq registered
[    1.104144] pci_hotplug: PCI Hot Plug PCI Core version: 0.5
[    1.106636] pciehp: PCI Express Hot Plug Controller Driver version: 0.4
[    1.109802] ACPI: AC Adapter [AC] (on-line)
[    1.111777] input: Power Button as /devices/LNXSYSTM:00/LNXPWRBN:00/input/input0
[    1.115245] ACPI: Power Button [PWRF]
[    1.117036] input: Sleep Button as /devices/LNXSYSTM:00/LNXSLPBN:00/input/input1
[    1.120641] ACPI: Sleep Button [SLPF]
[    1.122681] GHES: HEST is not enabled!
[    1.124556] Serial: 8250/16550 driver, 32 ports, IRQ sharing enabled
[    1.148008] 00:02: ttyS at I/O 0x3f8 (irq = 4, basebaud = 115200) is a 16550A
[    1.153767] Linux agpgart interface v0.103
[    1.157987] loop: module loaded
[    1.160339] scsi host0: ata_piix
[    1.162161] scsi host1: ata_piix
[    1.163733] ata1: PATA max UDMA/33 cmd 0x1f0 ctl 0x3f6 bmdma 0xd000 irq 14
[    1.166781] ata2: PATA max UDMA/33 cmd 0x170 ctl 0x376 bmdma 0xd008 irq 15
[    1.169889] libphy: Fixed MDIO Bus: probed
[    1.171864] tun: Universal TUN/TAP device driver, 1.6
[    1.174159] tun: (C) 1999-2004 Max Krasnyansky <maxk@qualcomm.com>
[    1.176931] PPP generic driver version 2.4.2
[    1.178970] ehci_hcd: USB 2.0 'Enhanced' Host Controller (EHCI) Driver
[    1.181825] ehci-pci: EHCI PCI platform driver
[    1.183910] ehci-platform: EHCI generic platform driver
[    1.186291] ohci_hcd: USB 1.1 'Open' Host Controller (OHCI) Driver
[    1.189067] ohci-pci: OHCI PCI platform driver
[    1.191154] ohci-platform: OHCI generic platform driver
[    1.193532] uhci_hcd: USB Universal Host Controller Interface driver
[    1.196460] i8042: PNP: PS/2 Controller [PNP0303:PS2K,PNP0f03:PS2M] at 0x60,0x64 irq 1,12
[    1.200690] serio: i8042 KBD port at 0x60,0x64 irq 1
[    1.203048] serio: i8042 AUX port at 0x60,0x64 irq 12
[    1.205419] mousedev: PS/2 mouse device common for all mice
[    1.208382] rtc_cmos rtc_cmos: rtc core: registered rtc_cmos as rtc0
[    1.211295] rtc_cmos rtc_cmos: alarms up to one day, 114 bytes nvram
[    1.214124] i2c /dev entries driver
[    1.215957] device-mapper: uevent: version 1.0.3
[    1.218080] input: AT Translated Set 2 keyboard as /devices/platform/i8042/serio0/input/input2
[    1.222037] device-mapper: ioctl: 4.34.0-ioctl (2015-10-28) initialised: dm-devel@redhat.com
[    1.225996] ledtrig-cpu: registered to indicate activity on CPUs
[    1.229197] NET: Registered protocol family 10
[    1.231431] NET: Registered protocol family 17
[    1.233469] Key type dns_resolver registered
[    1.235653] registered taskstats version 1
[    1.237556] Loading compiled-in X.509 certificates
[    1.240257] Loaded X.509 cert 'Build time autogenerated kernel key: cef5e81496c0efa51b848ab539e845ddf31c08be'
[    1.244869] zswap: loaded using pool lzo/zbud
[    1.248931] Key type trusted registered
[    1.254424] Key type encrypted registered
[    1.256286] AppArmor: AppArmor sha1 policy hashing enabled
[    1.258837] ima: No TPM chip found, activating TPM-bypass!
[    1.261276] ima: Allocated hash algorithm: sha1
[    1.263358] evm: HMAC attrs: 0x1
[    1.265447]   Magic number: 0:767:724
[    1.267188] block loop4: hash matches
[    1.269020] rtc_cmos rtc_cmos: setting system clock to 2020-08-31 07:42:49 UTC (1598859769)
[    1.272943] BIOS EDD facility v0.16 2004-Jun-25, 0 devices found
[    1.275707] EDD information not available.
[    1.346642] Freeing unused kernel memory: 1492K
[    1.348782] Write protecting the kernel read-only data: 14336k
[    1.351970] Freeing unused kernel memory: 1592K
[    1.354409] Freeing unused kernel memory: 56K
Loading, please wait...
starting version 229
[    1.369208] random: systemd-udevd: uninitialized urandom read (16 bytes read, 3 bits of entropy available)
[    1.370087] random: udevadm: uninitialized urandom read (16 bytes read, 3 bits of entropy available)
[    1.370125] random: udevadm: uninitialized urandom read (16 bytes read, 3 bits of entropy available)
[    1.382216] random: udevadm: uninitialized urandom read (16 bytes read, 3 bits of entropy available)
[    1.382272] random: systemd-udevd: uninitialized urandom read (16 bytes read, 3 bits of entropy available)
[    1.382281] random: systemd-udevd: uninitialized urandom read (16 bytes read, 3 bits of entropy available)
[    1.382291] random: systemd-udevd: uninitialized urandom read (16 bytes read, 3 bits of entropy available)
[    1.383563] random: systemd-udevd: uninitialized urandom read (16 bytes read, 3 bits of entropy available)
[    1.383594] random: systemd-udevd: uninitialized urandom read (16 bytes read, 3 bits of entropy available)
[    1.383600] random: systemd-udevd: uninitialized urandom read (16 bytes read, 3 bits of entropy available)
[    1.430747] e1000: Intel(R) PRO/1000 Network Driver - version 7.3.21-k8-NAPI
[    1.434074] e1000: Copyright (c) 1999-2006 Intel Corporation.
[    1.449045] Fusion MPT base driver 3.04.20
[    1.451210] Copyright (c) 1999-2008 LSI Corporation
[    1.461957] Fusion MPT SPI Host driver 3.04.20
[    1.466625] AVX2 version of gcm_enc/dec engaged.
[    1.468794] AES CTR mode by8 optimization enabled
[    1.668111] input: ImExPS/2 Generic Explorer Mouse as /devices/platform/i8042/serio1/input/input4
[    2.048710] e1000 0000:00:03.0 eth0: (PCI:33MHz:32-bit) 02:d4:60:56:24:74
[    2.051850] e1000 0000:00:03.0 eth0: Intel(R) PRO/1000 Network Connection
[    2.487436] e1000 0000:00:08.0 eth1: (PCI:33MHz:32-bit) 08:00:27:0a:d9:57
[    2.490643] e1000 0000:00:08.0 eth1: Intel(R) PRO/1000 Network Connection
[    2.494499] mptbase: ioc0: Initiating bringup
[    2.495046] e1000 0000:00:08.0 enp0s8: renamed from eth1
[    2.507642] e1000 0000:00:03.0 enp0s3: renamed from eth0
[    2.566523] ioc0: LSI53C1030 A0: Capabilities={Initiator}
[    2.728945] scsi host2: ioc0: LSI53C1030 A0, FwRev=00000000h, Ports=1, MaxQ=256, IRQ=20
[    2.842792] scsi 2:0:0:0: Direct-Access     VBOX     HARDDISK         1.0  PQ: 0 ANSI: 5
[    2.847072] scsi target2:0:0: Beginning Domain Validation
[    2.850957] scsi target2:0:0: Domain Validation skipping write tests
[    2.853896] scsi target2:0:0: Ending Domain Validation
[    2.856461] scsi target2:0:0: asynchronous
[    2.858805] scsi 2:0:1:0: Direct-Access     VBOX     HARDDISK         1.0  PQ: 0 ANSI: 5
[    2.870619] scsi target2:0:1: Beginning Domain Validation
[    2.873852] scsi target2:0:1: Domain Validation skipping write tests
[    2.876837] scsi target2:0:1: Ending Domain Validation
[    2.879297] scsi target2:0:1: asynchronous
[    2.889997] sd 2:0:0:0: [sda] 20971520 512-byte logical blocks: (10.7 GB/10.0 GiB)
[    2.890396] sd 2:0:0:0: Attached scsi generic sg0 type 0
[    2.894797] sd 2:0:1:0: [sdb] 20480 512-byte logical blocks: (10.5 MB/10.0 MiB)
[    2.894865] sd 2:0:1:0: Attached scsi generic sg1 type 0
[    2.895525] sd 2:0:1:0: [sdb] Write Protect is off
[    2.895673] sd 2:0:1:0: [sdb] Incomplete mode parameter data
[    2.895674] sd 2:0:1:0: [sdb] Assuming drive cache: write through
[    2.903235] sd 2:0:1:0: [sdb] Attached SCSI disk
[    2.914214] sd 2:0:0:0: [sda] Write Protect is off
[    2.916884] sd 2:0:0:0: [sda] Incomplete mode parameter data
[    2.919635] sd 2:0:0:0: [sda] Assuming drive cache: write through
[    2.925458]  sda: sda1
[    2.927661] sd 2:0:0:0: [sda] Attached SCSI disk
Begin: Loading essential drivers ... [    4.223939] md: linear personality registered for level -1
[    4.228765] md: multipath personality registered for level -4
[    4.233657] md: raid0 personality registered for level 0
[    4.239412] md: raid1 personality registered for level 1
[    4.310597] raid6: sse2x1   gen() 13275 MB/s
[    4.378373] raid6: sse2x1   xor()  9786 MB/s
[    4.446655] raid6: sse2x2   gen() 16217 MB/s
[    4.514633] raid6: sse2x2   xor() 11202 MB/s
[    4.582658] raid6: sse2x4   gen() 18754 MB/s
[    4.650617] raid6: sse2x4   xor() 11877 MB/s
[    4.718639] raid6: avx2x1   gen() 23082 MB/s
[    4.786448] raid6: avx2x2   gen() 30127 MB/s
[    4.854564] raid6: avx2x4   gen() 29246 MB/s
[    4.856624] raid6: using algorithm avx2x2 gen() 30127 MB/s
[    4.859289] raid6: using avx2x2 recovery algorithm
[    4.863084] xor: automatically using best checksumming function:
[    4.907904]    avx       : 63004.000 MB/sec
[    4.911054] async_tx: api initialized (async)
[    4.921454] md: raid6 personality registered for level 6
[    4.923970] md: raid5 personality registered for level 5
[    4.926570] md: raid4 personality registered for level 4
[    4.935332] md: raid10 personality registered for level 10
done.
Begin: Running /scripts/init-premount ... done.
Begin: Mounting root file system ... Begin: Running /scripts/local-top ... done.
Begin: Running /scripts/local-premount ... [    4.960755] Btrfs loaded
Scanning for Btrfs filesystems
done.
Warning: fsck not present, so skipping root file system
[    5.047031] EXT4-fs (sda1): mounted filesystem with ordered data mode. Opts: (null)
done.
Begin: Running /scripts/local-bottom ... done.
Begin: Running /scripts/init-bottom ... done.
[    5.479967] systemd[1]: systemd 229 running in system mode. (+PAM +AUDIT +SELINUX +IMA +APPARMOR +SMACK +SYSVINIT +UTMP +LIBCRYPTSETUP +GCRYPT +GNUTLS +ACL +XZ -LZ4 +SECCOMP +BLKID +ELFUTILS +KMOD -IDN)
[    5.490027] systemd[1]: Detected virtualization oracle.
[    5.493359] systemd[1]: Detected architecture x86-64.

Welcome to [1mUbuntu 16.04.6 LTS[0m!

[    5.524219] systemd[1]: Set hostname to <ubuntu>.
[    5.551422] systemd[1]: Initializing machine ID from random generator.
[    5.555518] systemd[1]: Installed transient /etc/machine-id file.
[    6.065878] systemd[1]: Listening on Journal Socket.
[[0;32m  OK  [0m] Listening on Journal Socket.
[    6.069466] systemd[1]: Listening on Journal Socket (/dev/log).
[[0;32m  OK  [0m] Listening on Journal Socket (/dev/log).
[    6.078741] systemd[1]: Listening on LVM2 metadata daemon socket.
[[0;32m  OK  [0m] Listening on LVM2 metadata daemon socket.
[    6.122548] systemd[1]: Reached target Swap.
[[0;32m  OK  [0m] Reached target Swap.
[    6.125597] systemd[1]: Started Trigger resolvconf update for networkd DNS.
[[0;32m  OK  [0m] Started Trigger resolvconf update for networkd DNS.
[    6.575832] systemd[1]: Created slice System Slice.
[[0;32m  OK  [0m] Created slice System Slice.
[    6.602607] systemd[1]: Mounting Huge Pages File System...
         Mounting Huge Pages File System...
[    6.611161] systemd[1]: Starting Set console keymap...
         Starting Set console keymap...
[    6.619631] systemd[1]: Mounting Debug File System...
         Mounting Debug File System...
[    6.631392] systemd[1]: Starting Create list of required static device nodes for the current kernel...
         Starting Create list of required st... nodes for the current kernel...
[    6.642609] systemd[1]: Reached target User and Group Name Lookups.
[[0;32m  OK  [0m] Reached target User and Group Name Lookups.
[    6.655094] systemd[1]: Listening on LVM2 poll daemon socket.
[[0;32m  OK  [0m] Listening on LVM2 poll daemon socket.
[    6.659195] systemd[1]: Listening on Journal Audit Socket.
[[0;32m  OK  [0m] Listening on Journal Audit Socket.
[    6.671329] systemd[1]: Created slice system-serial\x2dgetty.slice.
[[0;32m  OK  [0m] Created slice system-serial\x2dgetty.slice.
[    6.682594] systemd[1]: Reached target Encrypted Volumes.
[[0;32m  OK  [0m] Reached target Encrypted Volumes.
[    6.702582] systemd[1]: Starting Uncomplicated firewall...
         Starting Uncomplicated firewall...
[    6.710635] systemd[1]: Listening on udev Kernel Socket.
[[0;32m  OK  [0m] Listening on udev Kernel Socket.
[    6.718651] systemd[1]: Listening on /dev/initctl Compatibility Named Pipe.
[[0;32m  OK  [0m] Listening on /dev/initctl Compatibility Named Pipe.
[    6.730800] systemd[1]: Created slice User and Session Slice.
[[0;32m  OK  [0m] Created slice User and Session Slice.
[    6.738639] systemd[1]: Reached target Slices.
[[0;32m  OK  [0m] Reached target Slices.
[    6.762476] systemd[1]: Starting Nameserver information manager...
         Starting Nameserver information manager...
[    6.774625] systemd[1]: Reached target System Time Synchronized.
[[0;32m  OK  [0m] Reached target System Time Synchronized.
[    6.782777] systemd[1]: Listening on udev Control Socket.
[[0;32m  OK  [0m] Listening on udev Control Socket.
[    6.806575] systemd[1]: Starting Load Kernel Modules...
         Starting Load Kernel Modules...
[    6.815349] systemd[1]: Mounting POSIX Message Queue File System...
         Mounting POSIX Message Queue File System...
[    6.826830] systemd[1]: Set up automount Arbitrary Executable File Formats File System Automount Point.
[[0;32m  OK  [0m] Set up automount Arbitrary Executab...ats File System Automount Point.
[    6.843580] systemd[1]: Started Forward Password Requests to Wall Directory Watch.
[    6.847623] Loading iSCSI transport class v2.0-870.
[[0;32m  OK  [0m] Started Forward Password Requests to Wall Directory Watch.
[    6.862961] iscsi: registered transport (tcp)
[    6.878655] systemd[1]: Starting Remount Root and Kernel File Systems...
         Starting Remount Root and Kernel File Systems...
[    6.886393] EXT4-fs (sda1): re-mounted. Opts: (null)
[    6.890745] systemd[1]: Listening on Syslog Socket.
[[0;32m  OK  [0m] Listening on Syslog Socket.
[    6.899805] systemd[1]: Starting Journal Service...
         Starting Journal Service...
[    6.910634] systemd[1]: Listening on Device-mapper event daemon FIFOs.
[[0;32m  OK  [0m] Listening on Device-mapper event daemon FIFOs.
[    6.916446] random: nonblocking pool is initialized
[    6.923180] iscsi: registered transport (iser)
[    6.938954] systemd[1]: Starting Monitoring of LVM2 mirrors, snapshots etc. using dmeventd or progress polling...
         Starting Monitoring of LVM2 mirrors... dmeventd or progress polling...
[    6.952572] systemd[1]: Mounted Debug File System.
[[0;32m  OK  [0m] Mounted Debug File System.
[    6.956516] systemd[1]: Mounted POSIX Message Queue File System.
[[0;32m  OK  [0m] Mounted POSIX Message Queue File System.
[    6.966693] systemd[1]: Mounted Huge Pages File System.
[[0;32m  OK  [0m] Mounted Huge Pages File System.
[    6.973052] systemd[1]: Started Journal Service.
[[0;32m  OK  [0m] Started Journal Service.
[[0;32m  OK  [0m] Started Set console keymap.
[[0;32m  OK  [0m] Started Create list of required sta...ce nodes for the current kernel.
[[0;32m  OK  [0m] Started Uncomplicated firewall.
[[0;32m  OK  [0m] Started Load Kernel Modules.
[[0;32m  OK  [0m] Started Remount Root and Kernel File Systems.
[[0;32m  OK  [0m] Started Nameserver information manager.
[[0;32m  OK  [0m] Started LVM2 metadata daemon.
         Starting udev Coldplug all Devices...
         Starting Load/Save Random Seed...
         Starting Apply Kernel Variables...
         Mounting FUSE Control File System...
         Starting Create Static Device Nodes in /dev...
         Starting Flush Journal to Persistent Storage...
[[0;32m  OK  [0m] Mounted FUSE Control File System.
[[0;32m  OK  [0m] Started Load/Save Random Seed.
[    7.090982] systemd-journald[419]: Received request to flush runtime journal from PID 1
[[0;32m  OK  [0m] Started Apply Kernel Variables.
[[0;32m  OK  [0m] Started Flush Journal to Persistent Storage.
[[0;32m  OK  [0m] Started udev Coldplug all Devices.
[[0;32m  OK  [0m] Started Create Static Device Nodes in /dev.
         Starting udev Kernel Device Manager...
[[0;32m  OK  [0m] Started udev Kernel Device Manager.
[[0;32m  OK  [0m] Started Dispatch Password Requests to Console Directory Watch.
[[0;32m  OK  [0m] Found device /dev/ttyS0.
[[0;32m  OK  [0m] Listening on Load/Save RF Kill Switch Status /dev/rfkill Watch.
[[0;32m  OK  [0m] Started Monitoring of LVM2 mirrors,...ng dmeventd or progress polling.
[[0;32m  OK  [0m] Reached target Local File Systems (Pre).
[[0;32m  OK  [0m] Reached target Local File Systems.
         Starting Tell Plymouth To Write Out Runtime Data...
         Starting LSB: AppArmor initialization...
         Starting Create Volatile Files and Directories...
         Starting Initial cloud-init job (pre-networking)...
         Starting Set console font and keymap...
         Starting Commit a transient machine-id on disk...
[[0;32m  OK  [0m] Started Tell Plymouth To Write Out Runtime Data.
[[0;32m  OK  [0m] Started Create Volatile Files and Directories.
         Starting Update UTMP about System Boot/Shutdown...
[[0;32m  OK  [0m] Started Commit a transient machine-id on disk.
[[0;32m  OK  [0m] Started Update UTMP about System Boot/Shutdown.
[[0;32m  OK  [0m] Started LSB: AppArmor initialization.
         Starting Load AppArmor profiles managed internally by snapd...
[[0;32m  OK  [0m] Started Load AppArmor profiles managed internally by snapd.
[[0;32m  OK  [0m] Started Set console font and keymap.
[[0;32m  OK  [0m] Created slice system-getty.slice.
[    9.577940] cloud-init[643]: Cloud-init v. 20.2-45-g5f7825e2-0ubuntu1~16.04.1 running 'init-local' at Mon, 31 Aug 2020 07:42:57 +0000. Up 9.24 seconds.
[[0;32m  OK  [0m] Started Initial cloud-init job (pre-networking).
[[0;32m  OK  [0m] Reached target Network (Pre).
         Starting Raise network interfaces...
[[0;32m  OK  [0m] Started Raise network interfaces.
         Starting Initial cloud-init job (metadata service crawler)...
[[0;32m  OK  [0m] Reached target Network.
[   10.803346] cloud-init[979]: Cloud-init v. 20.2-45-g5f7825e2-0ubuntu1~16.04.1 running 'init' at Mon, 31 Aug 2020 07:42:58 +0000. Up 10.15 seconds.
[   10.816362] cloud-init[979]: ci-info: ++++++++++++++++++++++++++++++++++++++Net device info+++++++++++++++++++++++++++++++++++++++
[   10.824664] cloud-init[979]: ci-info: +--------+-------+----------------------------+---------------+--------+-------------------+
[   10.836351] cloud-init[979]: ci-info: | Device |   Up  |          Address           |      Mask     | Scope  |     Hw-Address    |
[   10.844345] cloud-init[979]: ci-info: +--------+-------+----------------------------+---------------+--------+-------------------+
[   10.848233] [cloud-init[0;32m  OK  [0m[979]: ] ci-info: | enp0s3 |  True |         10.0.2.15          | 255.255.255.0 | global | 02:d4:60:56:24:74 |Started Initial cloud-init job (metadata service crawler).

[[0;32m  OK  [0m] Reached target System Initialization.
[   10.849523] cloud-init[979]: ci-info: | enp0s3 |  True | fe80::d4:60ff:fe56:2474/64 |       .       |  link  | 02:d4:60:56:24:74 |
[   10.868735] [cloud-init[0;32m  OK  [0m[979]: ] ci-info: | enp0s8 | False |             .              |       .       |   .    | 08:00:27:0a:d9:57 |Started ACPI Events Check.

[[0;32m  OK  [0m] Reached target Paths.
[[0;32m  OK  [0m] Started Daily Cleanup of Temporary Directories.
[   10.869061] cloud-init[979]: ci-info: |   lo   |  True |         127.0.0.1          |   255.0.0.0   |  host  |         .         |
[   10.888833] [cloud-init[0;32m  OK  [0m[979]: ] ci-info: |   lo   |  True |          ::1/128           |       .       |  host  |         .         |Listening on UUID daemon activation socket.

[[0;32m  OK  [0m] Started Daily apt download activities.
[   10.889145] cloud-init[979]: [ci-info: +--------+-------+----------------------------+---------------+--------+-------------------+[0;32m  OK  [0m
] Started Daily apt upgrade and clean activities.
[   10.902435] cloud-init[979]: ci-info: +++++++++++++++++++++++++++Route IPv4 info++++++++++++++++++++++++++++
         Starting Socket activation for snappy daemon.
[   10.903774] [cloud-init[0;32m  OK  [0m[979]: ] ci-info: +-------+-------------+----------+---------------+-----------+-------+Listening on D-Bus System Message Bus Socket.

[   10.916217] [cloud-init[0;32m  OK  [0m[979]: ] ci-info: | Route | Destination | Gateway  |    Genmask    | Interface | Flags |Started Message of the Day.

[[0;32m  OK  [0m] Reached target Timers.
[   10.916687] cloud-init[979]: ci-info: +-------+-------------+----------+---------------+-----------+-------+
[   10.932381]          cloud-initStarting LXD - unix socket.[979]: 
ci-info: |   0   |   0.0.0.0   | 10.0.2.2 |    0.0.0.0    |   enp0s3  |   UG  |
[   10.940239] [cloud-init[0;32m  OK  [0m[979]: ] ci-info: |   1   |   10.0.2.0  | 0.0.0.0  | 255.255.255.0 |   enp0s3  |   U   |Listening on ACPID Listen Socket.

[[0;32m  OK  [0m] Reached target Network is Online.
[   10.941294] cloud-init[979]: ci-info: +-------+-------------+----------+---------------+-----------+-------+
[   10.956994] cloud-init[979]: ci-info: +++++++++++++++++++Route IPv6 info+++++++++++++++++++
[   10.964441]          cloud-initStarting iSCSI initiator daemon (iscsid)...[979]: 
ci-info: +-------+-------------+---------+-----------+-------+
[   10.965795] cloud-init[979]: ci-info: | Route | Destination | Gateway | Interface | Flags |
[   10.973489] cloud-init[979]: ci-info: +-------+-------------+---------+-----------+-------+
[   10.973664] cloud-init[979]: ci-info: |   0   |  fe80::/64  |    ::   |   enp0s3  |   U   |
[[0;32m  OK  [0m] Reached target Cloud-config availability.
[   10.973793] cloud-init[979]: ci-info: |   3   |   ff00::/8  |    ::   |   enp0s3  |   U   |
[   10.988367] cloud-init[979]: ci-info: +-------+-------------+---------+-----------+-------+
[   10.988643] cloud-init[979]: Generating public/private rsa key pair.
[[0;32m  OK  [0m] Listening on Socket activation for snappy daemon.
[   10.988726] cloud-init[979]: Your identification has been saved in /etc/ssh/ssh_host_rsa_key.
[[   11.008246] cloud-init[979]: Your public key has been saved in /etc/ssh/ssh_host_rsa_key.pub.
[   11.008611] cloud-init[979]: The key fingerprint is:
[0;32m  OK  [0m] Listening on LXD - unix socket.
[   11.008755] cloud-init[979]: SHA256:6QB1Y5ChOeCaU0biG7oZejayDMJhgKQH1N4Odzp/DE4 root@ubuntu-xenial
[   11.010427] cloud-init[979]: The key's randomart image is:
[   11.020252] cloud-init[979]: +---[RSA 2048]----+
[   11.032392] cloud-init[979]: |+o+   +++        |
[   11.033002] cloud-init[979]: |== o +.o .       |
[   11.033215] cloud-init[[0;32m  OK  [0m] Reached target Sockets.
[979]: |+o* *            |
[   11.044242] cloud-init[979]: |o*oo = . .       |
[   11.044431] cloud-init[979]: |*+  + + S        |
[[0;32m  OK  [0m] Reached target Basic System.
[   11.044512] cloud-init[979]: |+=.  + E         |
[   11.053621] cloud-init[979]: |B.+   = +        |
[   11.064692] cloud-init[979]: |+= .   o o       |
[   11.064992] cloud-init[979]: |..      .        |
[[0;32m  OK  [0m] Started Regular background program processing daemon.
[   11.065039] cloud-init[979]: +----[SHA256]-----+
[   11.080562] cloud-init[979]: Generating public/private dsa key pair.
[   11.080830] cloud-init[979]: Your identification has been saved in /etc/ssh/ssh_host_dsa_key.
         Starting LSB: MD monitoring daemon...
[   11.080907] cloud-init[979]: Your public key has been saved in /etc/ssh/ssh_host_dsa_key.pub.
         Starting Virtualbox guest utils...
[   11.090074] cloud-init[979]: The key fingerprint is:
[   11.108497] cloud-init[979]: SHA256:PhCv0eXCHMh+6pxXRWPUCh5ceM5kfZ6f4g6dQbussI8 root@ubuntu-xenial
[   11.108760] cloud-init[979]: The key's randomart image is:
[[0;32m  OK  [0m] Started FUSE filesystem for LXC.
[   11.109154] cloud-init[979]: +---[DSA 1024]----+
[   11.128314] cloud-init[979]: |         . +oo   |
[   11.128542] cloud-init[979]: |     . .  = B o .|
         Starting /etc/rc.local Compatibility...
[   11.128685] cloud-init[979]: |      + ...@ + o.|
[   11.144756] cloud-init[979]: |     . * +. * ...|
[   11.152481] cloud-init[979]: |      + S .. o  o|
[   11.160415] cloud-init[979]: |       B .. o.+..|
         Starting LSB: Record successful boot for GRUB...
         Starting System Logging Service...
[   11.171789] cloud-init[979]: |      o oo ..=.  |
[   11.185601] cloud-init[979]: |     o ...+ o.   |
         Starting Pollinate to seed the pseudo random number generator...
         Starting LXD - container startup/shutdown...
         Starting Accounts Service...
[   11.203084] cloud-init[979]: |      +. E.o..   |
[[0;32m  OK  [0m] Started ACPI event daemon.
[[0;32m  OK  [0m] Started Deferred execution scheduler.
[   11.255461] cloud-init[979]: +----[SHA256]-----+
         Starting Login Service...
[[0;32m  OK  [0m] Started D-Bus System Message Bus.
[   11.265062] cloud-init[979]: Generating public/private ecdsa key pair.
[   11.288935] cloud-init[979]: Your identification has been saved in /etc/ssh/ssh_host_ecdsa_key.
[   11.296564] cloud-init[979]: Your public key has been saved in /etc/ssh/ssh_host_ecdsa_key.pub.
[   11.304759] cloud-init[979]: The key fingerprint is:
[   11.312792] cloud-init[979]: SHA256:aGcJEvu34DQX0T/kWPCUgsuuLbV0M1H1DfCSDZB8EyQ root@ubuntu-xenial
[   11.320722] cloud-init[979]: The key's randomart image is:
[   11.328489] cloud-init[979]: +---[ECDSA 256]---+
[   11.330975] cloud-init[979]: |    .   .+E=*=o  |
[   11.336307] cloud-init[979]: |     o  ..=+B= o.|
[   11.344786] cloud-init[979]: |    o .... X+.o o|
[   11.346281] cloud-init[979]: |     o oooo +.   |
[   11.352566] cloud-init[979]: |      B.S  . .   |
[   11.355260] cloud-init[979]: |     + B+.+      |
[   11.364642] cloud-init[979]: |      .=.o o     |
[   11.366249] cloud-init[979]: |      o o        |
[   11.367823] cloud-init[979]: |       .         |
[   11.376604] cloud-init[979]: +----[SHA256]-----+
[   11.384314] cloud-init[979]: Generating public/private ed25519 key pair.
[   11.392485] cloud-init[979]: Your identification has been saved in /etc/ssh/ssh_host_ed25519_key.
[   11.394340] cloud-init[979]: Your public key has been saved in /etc/ssh/ssh_host_ed25519_key.pub.
[   11.400352] cloud-init[979]: The key fingerprint is:
[   11.401600] cloud-init[979]: SHA256:jQmxHqcH80mD+AoeffWIA05cMlwZk/AgZDcHPY/yaT8 root@ubuntu-xenial
[   11.408255] cloud-init[979]: The key's randomart image is:
[   11.416230] cloud-init[979]: +--[ED25519 256]--+
[   11.417771] cloud-init[979]: | .+.O=B+         |
[   11.424486] cloud-init[979]: | . +.X==         |
         Starting Snap Daemon...
[   11.438309] cloud-init[979]: |    = O+=        |
[[0;32m  OK  [0m] Started System Logging Service.
[[0;32m  OK  [0m] Started iSCSI initiator daemon (iscsid).
[   11.456628] [[0;32m  OK  [0m] Started /etc/rc.local Compatibility.
cloud-init[979]: |   +.+.%.O       |
[   11.463222] cloud-init[979]: |  o ooB.S o      |
[   11.476476] cloud-init[979]: | . o o+o         |
[   11.484470] cloud-init[979]: |  . .. .         |
[   11.492804] cloud-init[979]: |        E        |
[   11.496513] cloud-init[979]: |         .       |
[   11.498606] cloud-init[979]: +----[SHA256]-----+
         Starting Login to default iSCSI targets...
[[0;32m  OK  [0m] Started Login Service.
         Starting Authenticate and Authorize Users to Run Privileged Tasks...
[[0;32m  OK  [0m] Started Unattended Upgrades Shutdown.
[[0;32m  OK  [0m] Started LSB: MD monitoring daemon.
[[0;32m  OK  [0m] Started LSB: Record successful boot for GRUB.
[[0;32m  OK  [0m] Started Login to default iSCSI targets.
[[0;32m  OK  [0m] Reached target Remote File Systems (Pre).
[[0;32m  OK  [0m] Reached target Remote File Systems.
         Starting Permit User Sessions...
         Starting LSB: Set the CPU Frequency Scaling governor to "ondemand"...
         Starting LSB: daemon to balance interrupts for SMP systems...
         Starting LSB: automatic crash report generation...
[[0;32m  OK  [0m] Started Permit User Sessions.
[[0;32m  OK  [0m] Started Authenticate and Authorize Users to Run Privileged Tasks.
[[0;32m  OK  [0m] Started Accounts Service.
         Starting Hold until boot process finishes up...
         Starting Terminate Plymouth Boot Screen...
[[0;32m  OK  [0m] Started Hold until boot process finishes up.
[[0;32m  OK  [0m] Started LSB: Set the CPU Frequency Scaling governor to "ondemand".
[[0;32m  OK  [0m] Started Terminate Plymouth Boot Screen.
         Starting Set console scheme...
[[0;32m  OK  [0m] Started Getty on tty1.
[[0;32m  OK  [0m] Started Serial Getty on ttyS0.
[[0;32m  OK  [0m] Reached target Login Prompts.
[[0;32m  OK  [0m] Started Virtualbox guest utils.
[[0;32m  OK  [0m] Started LSB: daemon to balance interrupts for SMP systems.
[[0;32m  OK  [0m] Started Set console scheme.
[[0;32m  OK  [0m] Started LSB: automatic crash report generation.
[[0;32m  OK  [0m] Started LXD - container startup/shutdown.
[[0;32m  OK  [0m] Started Snap Daemon.
         Starting Wait until snapd is fully seeded...
[[0;32m  OK  [0m] Started Pollinate to seed the pseudo random number generator.
         Starting OpenBSD Secure Shell server...
[[0;32m  OK  [0m] Started OpenBSD Secure Shell server.
[[0;32m  OK  [0m] Created slice User Slice of vagrant.
         Starting User Manager for UID 1000...
[[0;32m  OK  [0m] Started Session 1 of user vagrant.
[[0;32m  OK  [0m] Started User Manager for UID 1000.
[[0;32m  OK  [0m] Started Session 2 of user vagrant.
         Starting Hostname Service...
[[0;32m  OK  [0m] Started Hostname Service.
[[0;32m  OK  [0m] Stopped ifup for enp0s3.
[[0;32m  OK  [0m] Started ifup for enp0s3.
[[0;32m  OK  [0m] Stopped ifup for enp0s8.
[[0;32m  OK  [0m] Started ifup for enp0s8.

[   17.860349] cloud-init[1961]: Generating locales (this might take a while)...
Ubuntu 16.04.6 LTS admin ttyS0

admin login: [   18.522118] cloud-init[1961]:   en_US.UTF-8... done
[   18.523231] cloud-init[1961]: Generation complete.
[   18.962787] cloud-init[1961]: Cloud-init v. 20.2-45-g5f7825e2-0ubuntu1~16.04.1 running 'modules:config' at Mon, 31 Aug 2020 07:43:06 +0000. Up 17.74 seconds.
ci-info: no authorized SSH keys fingerprints found for user ubuntu.
<14>Aug 31 07:43:07 ec2: 
<14>Aug 31 07:43:07 ec2: #############################################################
<14>Aug 31 07:43:07 ec2: -----BEGIN SSH HOST KEY FINGERPRINTS-----
<14>Aug 31 07:43:07 ec2: 1024 SHA256:PhCv0eXCHMh+6pxXRWPUCh5ceM5kfZ6f4g6dQbussI8 root@ubuntu-xenial (DSA)
<14>Aug 31 07:43:07 ec2: 256 SHA256:aGcJEvu34DQX0T/kWPCUgsuuLbV0M1H1DfCSDZB8EyQ root@ubuntu-xenial (ECDSA)
<14>Aug 31 07:43:07 ec2: 256 SHA256:jQmxHqcH80mD+AoeffWIA05cMlwZk/AgZDcHPY/yaT8 root@ubuntu-xenial (ED25519)
<14>Aug 31 07:43:07 ec2: 2048 SHA256:6QB1Y5ChOeCaU0biG7oZejayDMJhgKQH1N4Odzp/DE4 root@ubuntu-xenial (RSA)
<14>Aug 31 07:43:07 ec2: -----END SSH HOST KEY FINGERPRINTS-----
<14>Aug 31 07:43:07 ec2: #############################################################
-----BEGIN SSH HOST KEY KEYS-----
ecdsa-sha2-nistp256 AAAAE2VjZHNhLXNoYTItbmlzdHAyNTYAAAAIbmlzdHAyNTYAAABBBL6CVvoRrrvIIHv+LwGYB3c/rqn3Bj12SOCXsUe8sRtuYujhImx0ONbQ0VxaY/cmffZ5L30QpGRqCxhrWUuRgK8= root@ubuntu-xenial
ssh-ed25519 AAAAC3NzaC1lZDI1NTE5AAAAILA/ULskLMfn/fChe1dYhMOayaakWeWAmnfl3gM3/MsI root@ubuntu-xenial
ssh-rsa AAAAB3NzaC1yc2EAAAADAQABAAABAQDo7hUcmIbsZ8t13XsmaVJhMS1iPQiliEz1ueR9SxVfLwE0I6SgVzO2jEUMsR97b8/naallvwat74SuXeUd4G/V+lOLY5yhU6okC8UwCG7Btc5MxS75qj170O9xx6K5NCrKR9+jNNSMTYGD470W9SB7mFrC5ZKFLzZOzZjwaGFMOosV/qR2eV+KRuKgx1d4gM2ZMguRE+ffhXWZeFBEigPeEnnbGTEuQ0+xG9WNcBUZSH+EaMsuhtZstrd6hc543Y5rUMp29QXvrCCpnOzocfzvsBI9/XdVkXFtn7wJHSNiltFEVYFCst0EOVv5f40s7P8Y6iiE7Qo9IUMadiLlyBw1 root@ubuntu-xenial
-----END SSH HOST KEY KEYS-----
[   19.350369] cloud-init[2090]: Cloud-init v. 20.2-45-g5f7825e2-0ubuntu1~16.04.1 running 'modules:final' at Mon, 31 Aug 2020 07:43:07 +0000. Up 19.21 seconds.
[   19.350540] cloud-init[2090]: ci-info: no authorized SSH keys fingerprints found for user ubuntu.
[   19.350720] cloud-init[2090]: Cloud-init v. 20.2-45-g5f7825e2-0ubuntu1~16.04.1 finished at Mon, 31 Aug 2020 07:43:07 +0000. Datasource DataSourceNoCloud [seed=/dev/sdb][dsmode=net].  Up 19.34 seconds
